Component: ARM Compiler 5.06 update 6 (build 750) Tool: armlink [4d35ed]

==============================================================================

Section Cross References

    startup_stm32f103xb.o(STACK) refers (Special) to heapauxi.o(.text) for __use_two_region_memory
    startup_stm32f103xb.o(HEAP) refers (Special) to heapauxi.o(.text) for __use_two_region_memory
    startup_stm32f103xb.o(RESET) refers (Special) to heapauxi.o(.text) for __use_two_region_memory
    startup_stm32f103xb.o(RESET) refers to startup_stm32f103xb.o(STACK) for __initial_sp
    startup_stm32f103xb.o(RESET) refers to startup_stm32f103xb.o(.text) for Reset_Handler
    startup_stm32f103xb.o(RESET) refers to stm32f1xx_it.o(i.NMI_Handler) for NMI_Handler
    startup_stm32f103xb.o(RESET) refers to stm32f1xx_it.o(i.HardFault_Handler) for HardFault_Handler
    startup_stm32f103xb.o(RESET) refers to stm32f1xx_it.o(i.MemManage_Handler) for MemManage_Handler
    startup_stm32f103xb.o(RESET) refers to stm32f1xx_it.o(i.BusFault_Handler) for BusFault_Handler
    startup_stm32f103xb.o(RESET) refers to stm32f1xx_it.o(i.UsageFault_Handler) for UsageFault_Handler
    startup_stm32f103xb.o(RESET) refers to stm32f1xx_it.o(i.SVC_Handler) for SVC_Handler
    startup_stm32f103xb.o(RESET) refers to stm32f1xx_it.o(i.DebugMon_Handler) for DebugMon_Handler
    startup_stm32f103xb.o(RESET) refers to stm32f1xx_it.o(i.PendSV_Handler) for PendSV_Handler
    startup_stm32f103xb.o(RESET) refers to stm32f1xx_it.o(i.SysTick_Handler) for SysTick_Handler
    startup_stm32f103xb.o(RESET) refers to stm32f1xx_it.o(i.SPI1_IRQHandler) for SPI1_IRQHandler
    startup_stm32f103xb.o(RESET) refers to stm32f1xx_it.o(i.USART3_IRQHandler) for USART3_IRQHandler
    startup_stm32f103xb.o(.text) refers (Special) to heapauxi.o(.text) for __use_two_region_memory
    startup_stm32f103xb.o(.text) refers to system_stm32f1xx.o(i.SystemInit) for SystemInit
    startup_stm32f103xb.o(.text) refers to __main.o(!!!main) for __main
    startup_stm32f103xb.o(.text) refers to startup_stm32f103xb.o(HEAP) for Heap_Mem
    startup_stm32f103xb.o(.text) refers to startup_stm32f103xb.o(STACK) for Stack_Mem
    main.o(i.SystemClock_Config) refers to rt_memclr_w.o(.text) for __aeabi_memclr4
    main.o(i.SystemClock_Config) refers to stm32f1xx_hal_rcc.o(i.HAL_RCC_OscConfig) for HAL_RCC_OscConfig
    main.o(i.SystemClock_Config) refers to stm32f1xx_hal_rcc.o(i.HAL_RCC_ClockConfig) for HAL_RCC_ClockConfig
    main.o(i.main) refers to stm32f1xx_hal.o(i.HAL_Init) for HAL_Init
    main.o(i.main) refers to main.o(i.SystemClock_Config) for SystemClock_Config
    main.o(i.main) refers to gpio.o(i.MX_GPIO_Init) for MX_GPIO_Init
    main.o(i.main) refers to spi.o(i.MX_SPI1_Init) for MX_SPI1_Init
    main.o(i.main) refers to usart.o(i.MX_USART3_UART_Init) for MX_USART3_UART_Init
    main.o(i.main) refers to oled.o(i.OLED_Init) for OLED_Init
    main.o(i.main) refers to oled.o(i.OLED_ShowString) for OLED_ShowString
    main.o(i.main) refers to oled.o(i.OLED_Refresh) for OLED_Refresh
    main.o(i.main) refers to stm32f1xx_hal.o(i.HAL_Delay) for HAL_Delay
    main.o(i.main) refers to stm32f1xx_hal_gpio.o(i.HAL_GPIO_WritePin) for HAL_GPIO_WritePin
    main.o(i.main) refers to rc522.o(i.PCD_Init) for PCD_Init
    main.o(i.main) refers to as608.o(i.AS608_Init) for AS608_Init
    main.o(i.main) refers to oled.o(i.OLED_Clear) for OLED_Clear
    main.o(i.main) refers to as608.o(i.AS608_HandShake) for AS608_HandShake
    main.o(i.main) refers to matrix_keyboard.o(i.Matrix_Keyboard_Init) for Matrix_Keyboard_Init
    main.o(i.main) refers to matrix_keyboard.o(i.Matrix_Keyboard_Scan) for Matrix_Keyboard_Scan
    main.o(i.main) refers to oled.o(i.OLED_ShowNum) for OLED_ShowNum
    main.o(i.main) refers to rc522.o(i.PCD_Request) for PCD_Request
    main.o(i.main) refers to rc522.o(i.PCD_Anticoll) for PCD_Anticoll
    main.o(i.main) refers to memcmp.o(.text) for memcmp
    main.o(i.main) refers to main.o(.data) for .data
    gpio.o(i.MX_GPIO_Init) refers to stm32f1xx_hal_gpio.o(i.HAL_GPIO_WritePin) for HAL_GPIO_WritePin
    gpio.o(i.MX_GPIO_Init) refers to stm32f1xx_hal_gpio.o(i.HAL_GPIO_Init) for HAL_GPIO_Init
    spi.o(i.HAL_SPI_MspDeInit) refers to stm32f1xx_hal_gpio.o(i.HAL_GPIO_DeInit) for HAL_GPIO_DeInit
    spi.o(i.HAL_SPI_MspDeInit) refers to stm32f1xx_hal_cortex.o(i.HAL_NVIC_DisableIRQ) for HAL_NVIC_DisableIRQ
    spi.o(i.HAL_SPI_MspInit) refers to stm32f1xx_hal_gpio.o(i.HAL_GPIO_Init) for HAL_GPIO_Init
    spi.o(i.HAL_SPI_MspInit) refers to stm32f1xx_hal_cortex.o(i.HAL_NVIC_SetPriority) for HAL_NVIC_SetPriority
    spi.o(i.HAL_SPI_MspInit) refers to stm32f1xx_hal_cortex.o(i.HAL_NVIC_EnableIRQ) for HAL_NVIC_EnableIRQ
    spi.o(i.MX_SPI1_Init) refers to stm32f1xx_hal_spi.o(i.HAL_SPI_Init) for HAL_SPI_Init
    spi.o(i.MX_SPI1_Init) refers to main.o(i.Error_Handler) for Error_Handler
    spi.o(i.MX_SPI1_Init) refers to spi.o(.bss) for .bss
[...]
    Removing stm32f1xx_hal_cortex.o(i.HAL_NVIC_SetPendingIRQ), (26 bytes).
    Removing stm32f1xx_hal_cortex.o(i.HAL_NVIC_SystemReset), (36 bytes).
    Removing stm32f1xx_hal_cortex.o(i.HAL_SYSTICK_CLKSourceConfig), (24 bytes).
    Removing stm32f1xx_hal_cortex.o(i.HAL_SYSTICK_Callback), (2 bytes).
    Removing stm32f1xx_hal_cortex.o(i.HAL_SYSTICK_IRQHandler), (8 bytes).
    Removing stm32f1xx_hal_pwr.o(.rev16_text), (4 bytes).
    Removing stm32f1xx_hal_pwr.o(.revsh_text), (4 bytes).
    Removing stm32f1xx_hal_pwr.o(.rrx_text), (6 bytes).
    Removing stm32f1xx_hal_pwr.o(i.HAL_PWR_ConfigPVD), (124 bytes).
    Removing stm32f1xx_hal_pwr.o(i.HAL_PWR_DeInit), (24 bytes).
    Removing stm32f1xx_hal_pwr.o(i.HAL_PWR_DisableBkUpAccess), (12 bytes).
    Removing stm32f1xx_hal_pwr.o(i.HAL_PWR_DisablePVD), (12 bytes).
    Removing stm32f1xx_hal_pwr.o(i.HAL_PWR_DisableSEVOnPend), (16 bytes).
    Removing stm32f1xx_hal_pwr.o(i.HAL_PWR_DisableSleepOnExit), (16 bytes).
    Removing stm32f1xx_hal_pwr.o(i.HAL_PWR_DisableWakeUpPin), (28 bytes).
    Removing stm32f1xx_hal_pwr.o(i.HAL_PWR_EnableBkUpAccess), (12 bytes).
    Removing stm32f1xx_hal_pwr.o(i.HAL_PWR_EnablePVD), (12 bytes).
    Removing stm32f1xx_hal_pwr.o(i.HAL_PWR_EnableSEVOnPend), (16 bytes).
    Removing stm32f1xx_hal_pwr.o(i.HAL_PWR_EnableSleepOnExit), (16 bytes).
    Removing stm32f1xx_hal_pwr.o(i.HAL_PWR_EnableWakeUpPin), (28 bytes).
    Removing stm32f1xx_hal_pwr.o(i.HAL_PWR_EnterSLEEPMode), (32 bytes).
    Removing stm32f1xx_hal_pwr.o(i.HAL_PWR_EnterSTANDBYMode), (32 bytes).
    Removing stm32f1xx_hal_pwr.o(i.HAL_PWR_EnterSTOPMode), (68 bytes).
    Removing stm32f1xx_hal_pwr.o(i.HAL_PWR_PVDCallback), (2 bytes).
    Removing stm32f1xx_hal_pwr.o(i.HAL_PWR_PVD_IRQHandler), (28 bytes).
    Removing stm32f1xx_hal_pwr.o(i.PWR_OverloadWfe), (6 bytes).
    Removing stm32f1xx_hal_flash.o(.rev16_text), (4 bytes).
    Removing stm32f1xx_hal_flash.o(.revsh_text), (4 bytes).
    Removing stm32f1xx_hal_flash.o(.rrx_text), (6 bytes).
    Removing stm32f1xx_hal_flash.o(i.FLASH_Program_HalfWord), (28 bytes).
    Removing stm32f1xx_hal_flash.o(i.FLASH_SetErrorCode), (92 bytes).
    Removing stm32f1xx_hal_flash.o(i.FLASH_WaitForLastOperation), (84 bytes).
    Removing stm32f1xx_hal_flash.o(i.HAL_FLASH_EndOfOperationCallback), (2 bytes).
    Removing stm32f1xx_hal_flash.o(i.HAL_FLASH_GetError), (12 bytes).
    Removing stm32f1xx_hal_flash.o(i.HAL_FLASH_IRQHandler), (264 bytes).
    Removing stm32f1xx_hal_flash.o(i.HAL_FLASH_Lock), (20 bytes).
    Removing stm32f1xx_hal_flash.o(i.HAL_FLASH_OB_Launch), (4 bytes).
    Removing stm32f1xx_hal_flash.o(i.HAL_FLASH_OB_Lock), (20 bytes).
    Removing stm32f1xx_hal_flash.o(i.HAL_FLASH_OB_Unlock), (36 bytes).
    Removing stm32f1xx_hal_flash.o(i.HAL_FLASH_OperationErrorCallback), (2 bytes).
    Removing stm32f1xx_hal_flash.o(i.HAL_FLASH_Program), (128 bytes).
    Removing stm32f1xx_hal_flash.o(i.HAL_FLASH_Program_IT), (80 bytes).
    Removing stm32f1xx_hal_flash.o(i.HAL_FLASH_Unlock), (40 bytes).
    Removing stm32f1xx_hal_flash.o(.bss), (32 bytes).
    Removing stm32f1xx_hal_flash_ex.o(.rev16_text), (4 bytes).
    Removing stm32f1xx_hal_flash_ex.o(.revsh_text), (4 bytes).
    Removing stm32f1xx_hal_flash_ex.o(.rrx_text), (6 bytes).
    Removing stm32f1xx_hal_flash_ex.o(i.FLASH_MassErase), (36 bytes).
    Removing stm32f1xx_hal_flash_ex.o(i.FLASH_OB_DisableWRP), (176 bytes).
    Removing stm32f1xx_hal_flash_ex.o(i.FLASH_OB_EnableWRP), (176 bytes).
    Removing stm32f1xx_hal_flash_ex.o(i.FLASH_OB_GetRDP), (24 bytes).
    Removing stm32f1xx_hal_flash_ex.o(i.FLASH_OB_RDP_LevelConfig), (100 bytes).
    Removing stm32f1xx_hal_flash_ex.o(i.FLASH_PageErase), (36 bytes).
    Removing stm32f1xx_hal_flash_ex.o(i.HAL_FLASHEx_Erase), (168 bytes).
    Removing stm32f1xx_hal_flash_ex.o(i.HAL_FLASHEx_Erase_IT), (72 bytes).
    Removing stm32f1xx_hal_flash_ex.o(i.HAL_FLASHEx_OBErase), (84 bytes).
    Removing stm32f1xx_hal_flash_ex.o(i.HAL_FLASHEx_OBGetConfig), (36 bytes).
    Removing stm32f1xx_hal_flash_ex.o(i.HAL_FLASHEx_OBGetUserData), (32 bytes).
    Removing stm32f1xx_hal_flash_ex.o(i.HAL_FLASHEx_OBProgram), (200 bytes).
    Removing stm32f1xx_hal_exti.o(.rev16_text), (4 bytes).
    Removing stm32f1xx_hal_exti.o(.revsh_text), (4 bytes).
    Removing stm32f1xx_hal_exti.o(.rrx_text), (6 bytes).
    Removing stm32f1xx_hal_exti.o(i.HAL_EXTI_ClearConfigLine), (104 bytes).
    Removing stm32f1xx_hal_exti.o(i.HAL_EXTI_ClearPending), (20 bytes).
    Removing stm32f1xx_hal_exti.o(i.HAL_EXTI_GenerateSWI), (20 bytes).
    Removing stm32f1xx_hal_exti.o(i.HAL_EXTI_GetConfigLine), (140 bytes).
    Removing stm32f1xx_hal_exti.o(i.HAL_EXTI_GetHandle), (12 bytes).
    Removing stm32f1xx_hal_exti.o(i.HAL_EXTI_GetPending), (24 bytes).
    Removing stm32f1xx_hal_exti.o(i.HAL_EXTI_IRQHandler), (36 bytes).
    Removing stm32f1xx_hal_exti.o(i.HAL_EXTI_RegisterCallback), (14 bytes).
    Removing stm32f1xx_hal_exti.o(i.HAL_EXTI_SetConfigLine), (164 bytes).
    Removing stm32f1xx_hal_uart.o(.rev16_text), (4 bytes).
    Removing stm32f1xx_hal_uart.o(.revsh_text), (4 bytes).
    Removing stm32f1xx_hal_uart.o(.rrx_text), (6 bytes).
    Removing stm32f1xx_hal_uart.o(i.HAL_HalfDuplex_EnableReceiver), (50 bytes).
    Removing stm32f1xx_hal_uart.o(i.HAL_HalfDuplex_EnableTransmitter), (50 bytes).
    Removing stm32f1xx_hal_uart.o(i.HAL_HalfDuplex_Init), (110 bytes).
    Removing stm32f1xx_hal_uart.o(i.HAL_LIN_Init), (130 bytes).
    Removing stm32f1xx_hal_uart.o(i.HAL_LIN_SendBreak), (60 bytes).
    Removing stm32f1xx_hal_uart.o(i.HAL_MultiProcessor_EnterMuteMode), (62 bytes).
    Removing stm32f1xx_hal_uart.o(i.HAL_MultiProcessor_ExitMuteMode), (62 bytes).
    Removing stm32f1xx_hal_uart.o(i.HAL_MultiProcessor_Init), (144 bytes).
    Removing stm32f1xx_hal_uart.o(i.HAL_UARTEx_GetRxEventType), (4 bytes).
    Removing stm32f1xx_hal_uart.o(i.HAL_UARTEx_ReceiveToIdle), (240 bytes).
    Removing stm32f1xx_hal_uart.o(i.HAL_UARTEx_ReceiveToIdle_DMA), (74 bytes).
    Removing stm32f1xx_hal_uart.o(i.HAL_UARTEx_ReceiveToIdle_IT), (78 bytes).
    Removing stm32f1xx_hal_uart.o(i.HAL_UART_Abort), (210 bytes).
    Removing stm32f1xx_hal_uart.o(i.HAL_UART_AbortCpltCallback), (2 bytes).
    Removing stm32f1xx_hal_uart.o(i.HAL_UART_AbortReceive), (148 bytes).
    Removing stm32f1xx_hal_uart.o(i.HAL_UART_AbortReceiveCpltCallback), (2 bytes).
    Removing stm32f1xx_hal_uart.o(i.HAL_UART_AbortReceive_IT), (152 bytes).
    Removing stm32f1xx_hal_uart.o(i.HAL_UART_AbortTransmit), (98 bytes).
    Removing stm32f1xx_hal_uart.o(i.HAL_UART_AbortTransmitCpltCallback), (2 bytes).
    Removing stm32f1xx_hal_uart.o(i.HAL_UART_AbortTransmit_IT), (104 bytes).
    Removing stm32f1xx_hal_uart.o(i.HAL_UART_Abort_IT), (244 bytes).
    Removing stm32f1xx_hal_uart.o(i.HAL_UART_DMAPause), (120 bytes).
    Removing stm32f1xx_hal_uart.o(i.HAL_UART_DMAResume), (114 bytes).
    Removing stm32f1xx_hal_uart.o(i.HAL_UART_DMAStop), (112 bytes).
    Removing stm32f1xx_hal_uart.o(i.HAL_UART_DeInit), (54 bytes).
    Removing stm32f1xx_hal_uart.o(i.HAL_UART_GetError), (4 bytes).
    Removing stm32f1xx_hal_uart.o(i.HAL_UART_GetState), (10 bytes).
    Removing stm32f1xx_hal_uart.o(i.HAL_UART_MspDeInit), (2 bytes).
    Removing stm32f1xx_hal_uart.o(i.HAL_UART_MspInit), (2 bytes).
    Removing stm32f1xx_hal_uart.o(i.HAL_UART_Receive), (176 bytes).
    Removing stm32f1xx_hal_uart.o(i.HAL_UART_Receive_DMA), (28 bytes).
    Removing stm32f1xx_hal_uart.o(i.HAL_UART_RxCpltCallback), (2 bytes).
    Removing stm32f1xx_hal_uart.o(i.HAL_UART_RxHalfCpltCallback), (2 bytes).
    Removing stm32f1xx_hal_uart.o(i.HAL_UART_Transmit_DMA), (120 bytes).
    Removing stm32f1xx_hal_uart.o(i.HAL_UART_Transmit_IT), (50 bytes).
    Removing stm32f1xx_hal_uart.o(i.HAL_UART_TxHalfCpltCallback), (2 bytes).
    Removing stm32f1xx_hal_uart.o(i.UART_DMAError), (74 bytes).
    Removing stm32f1xx_hal_uart.o(i.UART_DMAReceiveCplt), (134 bytes).
    Removing stm32f1xx_hal_uart.o(i.UART_DMARxAbortCallback), (44 bytes).
    Removing stm32f1xx_hal_uart.o(i.UART_DMARxHalfCplt), (30 bytes).
    Removing stm32f1xx_hal_uart.o(i.UART_DMARxOnlyAbortCallback), (22 bytes).
    Removing stm32f1xx_hal_uart.o(i.UART_DMATransmitCplt), (66 bytes).
    Removing stm32f1xx_hal_uart.o(i.UART_DMATxAbortCallback), (44 bytes).
    Removing stm32f1xx_hal_uart.o(i.UART_DMATxHalfCplt), (10 bytes).
    Removing stm32f1xx_hal_uart.o(i.UART_DMATxOnlyAbortCallback), (20 bytes).
    Removing stm32f1xx_hal_uart.o(i.UART_EndTxTransfer), (28 bytes).
    Removing stm32f1xx_hal_uart.o(i.UART_Start_Receive_DMA), (144 bytes).
    Removing system_stm32f1xx.o(.rev16_text), (4 bytes).
    Removing system_stm32f1xx.o(.revsh_text), (4 bytes).
    Removing system_stm32f1xx.o(.rrx_text), (6 bytes).
    Removing system_stm32f1xx.o(i.SystemCoreClockUpdate), (104 bytes).
    Removing oled.o(.rev16_text), (4 bytes).
    Removing oled.o(.revsh_text), (4 bytes).
    Removing oled.o(.rrx_text), (6 bytes).
    Removing oled.o(i.OLED_ColorTurn), (24 bytes).
    Removing oled.o(i.OLED_DisPlay_Off), (30 bytes).
    Removing oled.o(i.OLED_DisPlay_On), (30 bytes).
    Removing oled.o(i.OLED_DisplayTurn), (44 bytes).
    Removing oled.o(i.OLED_DrawCircle), (196 bytes).
    Removing oled.o(i.OLED_DrawLine), (156 bytes).
    Removing oled.o(i.OLED_ShowPicture), (156 bytes).
    Removing oled.o(.constdata), (352 bytes).
    Removing oled.o(.constdata), (72 bytes).
    Removing oled.o(.constdata), (128 bytes).
    Removing oled.o(.constdata), (512 bytes).
    Removing matrix_keyboard.o(.rev16_text), (4 bytes).
    Removing matrix_keyboard.o(.revsh_text), (4 bytes).
    Removing matrix_keyboard.o(.rrx_text), (6 bytes).
    Removing rc522.o(.rev16_text), (4 bytes).
    Removing rc522.o(.revsh_text), (4 bytes).
    Removing rc522.o(.rrx_text), (6 bytes).
    Removing rc522.o(i.MFRC_CalulateCRC), (100 bytes).
    Removing rc522.o(i.PCD_AuthState), (82 bytes).
    Removing rc522.o(i.PCD_BakValue), (160 bytes).
    Removing rc522.o(i.PCD_Halt), (48 bytes).
    Removing rc522.o(i.PCD_ReadBlock), (76 bytes).
    Removing rc522.o(i.PCD_Select), (100 bytes).
    Removing rc522.o(i.PCD_Value), (176 bytes).
    Removing rc522.o(i.PCD_WriteBlock), (132 bytes).
    Removing as608.o(.rev16_text), (4 bytes).
    Removing as608.o(.revsh_text), (4 bytes).
    Removing as608.o(.rrx_text), (6 bytes).
    Removing as608.o(i.AS608_DeleteChar), (62 bytes).
    Removing as608.o(i.AS608_Empty), (42 bytes).
    Removing as608.o(i.AS608_Enroll), (70 bytes).
    Removing as608.o(i.AS608_GenChar), (46 bytes).
    Removing as608.o(i.AS608_GetErrorString), (576 bytes).
    Removing as608.o(i.AS608_GetImage), (42 bytes).
    Removing as608.o(i.AS608_LoadChar), (56 bytes).
    Removing as608.o(i.AS608_Match), (62 bytes).
    Removing as608.o(i.AS608_ReadSysPara), (120 bytes).
    Removing as608.o(i.AS608_RegModel), (42 bytes).
    Removing as608.o(i.AS608_Search), (92 bytes).
    Removing as608.o(i.AS608_StoreChar), (56 bytes).
    Removing as608.o(i.AS608_USART3_IRQHandler), (48 bytes).
    Removing as608.o(i.AS608_VerifyFinger), (42 bytes).
    Removing as608.o(i.AS608_VerifyPassword), (72 bytes).

321 unused section(s) (total 18602 bytes) removed from the image.

==============================================================================

Image Symbol Table

    Local Symbols

    Symbol Name                              Value     Ov Type        Size  Object(Section)

    ../Core/Src/gpio.c                       0x00000000   Number         0  gpio.o ABSOLUTE
    ../Core/Src/main.c                       0x00000000   Number         0  main.o ABSOLUTE
    ../Core/Src/spi.c                        0x00000000   Number         0  spi.o ABSOLUTE
    ../Core/Src/stm32f1xx_hal_msp.c          0x00000000   Number         0  stm32f1xx_hal_msp.o ABSOLUTE
    ../Core/Src/stm32f1xx_it.c               0x00000000   Number         0  stm32f1xx_it.o ABSOLUTE
    ../Core/Src/system_stm32f1xx.c           0x00000000   Number         0  system_stm32f1xx.o ABSOLUTE
    ../Core/Src/usart.c                      0x00000000   Number         0  usart.o ABSOLUTE
    ../Drivers/STM32F1xx_HAL_Driver/Src/stm32f1xx_hal.c 0x00000000   Number         0  stm32f1xx_hal.o ABSOLUTE
    ../Drivers/STM32F1xx_HAL_Driver/Src/stm32f1xx_hal_cortex.c 0x00000000   Number         0  stm32f1xx_hal_cortex.o ABSOLUTE
    ../Drivers/STM32F1xx_HAL_Driver/Src/stm32f1xx_hal_dma.c 0x00000000   Number         0  stm32f1xx_hal_dma.o ABSOLUTE
    ../Drivers/STM32F1xx_HAL_Driver/Src/stm32f1xx_hal_exti.c 0x00000000   Number         0  stm32f1xx_hal_exti.o ABSOLUTE
    ../Drivers/STM32F1xx_HAL_Driver/Src/stm32f1xx_hal_flash.c 0x00000000   Number         0  stm32f1xx_hal_flash.o ABSOLUTE
    ../Drivers/STM32F1xx_HAL_Driver/Src/stm32f1xx_hal_flash_ex.c 0x00000000   Number         0  stm32f1xx_hal_flash_ex.o ABSOLUTE
    ../Drivers/STM32F1xx_HAL_Driver/Src/stm32f1xx_hal_gpio.c 0x00000000   Number         0  stm32f1xx_hal_gpio.o ABSOLUTE
    ../Drivers/STM32F1xx_HAL_Driver/Src/stm32f1xx_hal_gpio_ex.c 0x00000000   Number         0  stm32f1xx_hal_gpio_ex.o ABSOLUTE
    ../Drivers/STM32F1xx_HAL_Driver/Src/stm32f1xx_hal_pwr.c 0x00000000   Number         0  stm32f1xx_hal_pwr.o ABSOLUTE
    ../Drivers/STM32F1xx_HAL_Driver/Src/stm32f1xx_hal_rcc.c 0x00000000   Number         0  stm32f1xx_hal_rcc.o ABSOLUTE
    ../Drivers/STM32F1xx_HAL_Driver/Src/stm32f1xx_hal_rcc_ex.c 0x00000000   Number         0  stm32f1xx_hal_rcc_ex.o ABSOLUTE
    ../Drivers/STM32F1xx_HAL_Driver/Src/stm32f1xx_hal_spi.c 0x00000000   Number         0  stm32f1xx_hal_spi.o ABSOLUTE
    ../Drivers/STM32F1xx_HAL_Driver/Src/stm32f1xx_hal_uart.c 0x00000000   Number         0  stm32f1xx_hal_uart.o ABSOLUTE
    ../clib/angel/boardlib.s                 0x00000000   Number         0  boardinit2.o ABSOLUTE
    ../clib/angel/boardlib.s                 0x00000000   Number         0  boardinit1.o ABSOLUTE
    ../clib/angel/boardlib.s                 0x00000000   Number         0  boardshut.o ABSOLUTE
    ../clib/angel/boardlib.s                 0x00000000   Number         0  boardinit3.o ABSOLUTE
    ../clib/angel/handlers.s                 0x00000000   Number         0  __scatter_zi.o ABSOLUTE
    ../clib/angel/handlers.s                 0x00000000   Number         0  __scatter_copy.o ABSOLUTE
    ../clib/angel/kernel.s                   0x00000000   Number         0  rtexit2.o ABSOLUTE
    ../clib/angel/kernel.s                   0x00000000   Number         0  rtexit.o ABSOLUTE
    ../clib/angel/kernel.s                   0x00000000   Number         0  __rtentry.o ABSOLUTE
    ../clib/angel/kernel.s                   0x00000000   Number         0  __rtentry2.o ABSOLUTE
    ../clib/angel/kernel.s                   0x00000000   Number         0  __rtentry4.o ABSOLUTE
    ../clib/angel/rt.s                       0x00000000   Number         0  rt_raise.o ABSOLUTE
    ../clib/angel/scatter.s                  0x00000000   Number         0  __scatter.o ABSOLUTE
    ../clib/angel/startup.s                  0x00000000   Number         0  __main.o ABSOLUTE
    ../clib/angel/sys.s                      0x00000000   Number         0  use_no_semi.o ABSOLUTE
    ../clib/angel/sys.s                      0x00000000   Number         0  indicate_semi.o ABSOLUTE
    ../clib/angel/sys.s                      0x00000000   Number         0  libspace.o ABSOLUTE
    ../clib/angel/sys.s                      0x00000000   Number         0  sys_stackheap_outer.o ABSOLUTE
    ../clib/angel/sysapp.c                   0x00000000   Number         0  sys_command.o ABSOLUTE
    ../clib/angel/sysapp.c                   0x00000000   Number         0  sys_wrch.o ABSOLUTE
    ../clib/angel/sysapp.c                   0x00000000   Number         0  sys_exit.o ABSOLUTE
    ../clib/armsys.c                         0x00000000   Number         0  argv_veneer.o ABSOLUTE
    ../clib/armsys.c                         0x00000000   Number         0  argv_veneer.o ABSOLUTE
    ../clib/armsys.c                         0x00000000   Number         0  _get_argv_nomalloc.o ABSOLUTE
    ../clib/armsys.c                         0x00000000   Number         0  no_argv.o ABSOLUTE
    ../clib/heapalloc.c                      0x00000000   Number         0  hrguard.o ABSOLUTE
    ../clib/heapaux.c                        0x00000000   Number         0  heapauxi.o ABSOLUTE
    ../clib/libinit.s                        0x00000000   Number         0  libinit2.o ABSOLUTE
    ../clib/libinit.s                        0x00000000   Number         0  libshutdown.o ABSOLUTE
    ../clib/libinit.s                        0x00000000   Number         0  libinit.o ABSOLUTE
    ../clib/libinit.s                        0x00000000   Number         0  libshutdown2.o ABSOLUTE
    ../clib/longlong.s                       0x00000000   Number         0  llushr.o ABSOLUTE
    ../clib/memcpset.s                       0x00000000   Number         0  rt_memcpy_w.o ABSOLUTE
    ../clib/memcpset.s                       0x00000000   Number         0  rt_memclr_w.o ABSOLUTE
    ../clib/memcpset.s                       0x00000000   Number         0  rt_memcpy_v6.o ABSOLUTE
    ../clib/signal.c                         0x00000000   Number         0  defsig_rtred_inner.o ABSOLUTE
    ../clib/signal.c                         0x00000000   Number         0  defsig_fpe_inner.o ABSOLUTE
    ../clib/signal.c                         0x00000000   Number         0  defsig_abrt_inner.o ABSOLUTE
    ../clib/signal.c                         0x00000000   Number         0  defsig_general.o ABSOLUTE
    ../clib/signal.c                         0x00000000   Number         0  __raise.o ABSOLUTE
    ../clib/signal.c                         0x00000000   Number         0  defsig_rtmem_inner.o ABSOLUTE
    ../clib/signal.c                         0x00000000   Number         0  defsig_rtmem_outer.o ABSOLUTE
    ../clib/signal.c                         0x00000000   Number         0  defsig_stak_inner.o ABSOLUTE
    ../clib/signal.c                         0x00000000   Number         0  defsig_rtmem_formal.o ABSOLUTE
    ../clib/signal.c                         0x00000000   Number         0  defsig_pvfn_inner.o ABSOLUTE
    ../clib/signal.c                         0x00000000   Number         0  defsig_cppl_inner.o ABSOLUTE
    ../clib/signal.c                         0x00000000   Number         0  defsig_segv_inner.o ABSOLUTE
    ../clib/signal.c                         0x00000000   Number         0  defsig_other.o ABSOLUTE
    ../clib/signal.c                         0x00000000   Number         0  defsig_exit.o ABSOLUTE
    ../clib/signal.s                         0x00000000   Number         0  defsig.o ABSOLUTE
    ../clib/stdlib.c                         0x00000000   Number         0  exit.o ABSOLUTE
    ../clib/string.c                         0x00000000   Number         0  memcmp.o ABSOLUTE
    ../fplib/fpinit.s                        0x00000000   Number         0  fpinit.o ABSOLUTE
    ..\App\AS608.c                           0x00000000   Number         0  as608.o ABSOLUTE
    ..\App\RC522.c                           0x00000000   Number         0  rc522.o ABSOLUTE
    ..\App\matrix_keyboard.c                 0x00000000   Number         0  matrix_keyboard.o ABSOLUTE
    ..\App\oled.c                            0x00000000   Number         0  oled.o ABSOLUTE
    ..\Core\Src\gpio.c                       0x00000000   Number         0  gpio.o ABSOLUTE
    ..\Core\Src\main.c                       0x00000000   Number         0  main.o ABSOLUTE
    ..\Core\Src\spi.c                        0x00000000   Number         0  spi.o ABSOLUTE
    ..\Core\Src\stm32f1xx_hal_msp.c          0x00000000   Number         0  stm32f1xx_hal_msp.o ABSOLUTE
    ..\Core\Src\stm32f1xx_it.c               0x00000000   Number         0  stm32f1xx_it.o ABSOLUTE
    ..\Core\Src\system_stm32f1xx.c           0x00000000   Number         0  system_stm32f1xx.o ABSOLUTE
    ..\Core\Src\usart.c                      0x00000000   Number         0  usart.o ABSOLUTE
    ..\Drivers\STM32F1xx_HAL_Driver\Src\stm32f1xx_hal.c 0x00000000   Number         0  stm32f1xx_hal.o ABSOLUTE
    ..\Drivers\STM32F1xx_HAL_Driver\Src\stm32f1xx_hal_cortex.c 0x00000000   Number         0  stm32f1xx_hal_cortex.o ABSOLUTE
    ..\Drivers\STM32F1xx_HAL_Driver\Src\stm32f1xx_hal_dma.c 0x00000000   Number         0  stm32f1xx_hal_dma.o ABSOLUTE
    ..\Drivers\STM32F1xx_HAL_Driver\Src\stm32f1xx_hal_exti.c 0x00000000   Number         0  stm32f1xx_hal_exti.o ABSOLUTE
    ..\Drivers\STM32F1xx_HAL_Driver\Src\stm32f1xx_hal_flash.c 0x00000000   Number         0  stm32f1xx_hal_flash.o ABSOLUTE
    ..\Drivers\STM32F1xx_HAL_Driver\Src\stm32f1xx_hal_flash_ex.c 0x00000000   Number         0  stm32f1xx_hal_flash_ex.o ABSOLUTE
    ..\Drivers\STM32F1xx_HAL_Driver\Src\stm32f1xx_hal_gpio.c 0x00000000   Number         0  stm32f1xx_hal_gpio.o ABSOLUTE
    ..\Drivers\STM32F1xx_HAL_Driver\Src\stm32f1xx_hal_gpio_ex.c 0x00000000   Number         0  stm32f1xx_hal_gpio_ex.o ABSOLUTE
    ..\Drivers\STM32F1xx_HAL_Driver\Src\stm32f1xx_hal_pwr.c 0x00000000   Number         0  stm32f1xx_hal_pwr.o ABSOLUTE
    ..\Drivers\STM32F1xx_HAL_Driver\Src\stm32f1xx_hal_rcc.c 0x00000000   Number         0  stm32f1xx_hal_rcc.o ABSOLUTE
    ..\Drivers\STM32F1xx_HAL_Driver\Src\stm32f1xx_hal_rcc_ex.c 0x00000000   Number         0  stm32f1xx_hal_rcc_ex.o ABSOLUTE
    ..\Drivers\STM32F1xx_HAL_Driver\Src\stm32f1xx_hal_spi.c 0x00000000   Number         0  stm32f1xx_hal_spi.o ABSOLUTE
    ..\Drivers\STM32F1xx_HAL_Driver\Src\stm32f1xx_hal_uart.c 0x00000000   Number         0  stm32f1xx_hal_uart.o ABSOLUTE
    ..\\App\\AS608.c                         0x00000000   Number         0  as608.o ABSOLUTE
    ..\\App\\RC522.c                         0x00000000   Number         0  rc522.o ABSOLUTE
    ..\\App\\matrix_keyboard.c               0x00000000   Number         0  matrix_keyboard.o ABSOLUTE
    ..\\App\\oled.c                          0x00000000   Number         0  oled.o ABSOLUTE
    dc.s                                     0x00000000   Number         0  dc.o ABSOLUTE
    startup_stm32f103xb.s                    0x00000000   Number         0  startup_stm32f103xb.o ABSOLUTE
    RESET                                    0x08000000   Section      236  startup_stm32f103xb.o(RESET)
    !!!main                                  0x080000ec   Section        8  __main.o(!!!main)
    !!!scatter                               0x080000f4   Section       52  __scatter.o(!!!scatter)
    !!handler_copy                           0x08000128   Section       26  __scatter_copy.o(!!handler_copy)
    !!handler_zi                             0x08000144   Section       28  __scatter_zi.o(!!handler_zi)
    .ARM.Collect$$libinit$$00000000          0x08000160   Section        2  libinit.o(.ARM.Collect$$libinit$$00000000)
    .ARM.Collect$$libinit$$00000002          0x08000162   Section        0  libinit2.o(.ARM.Collect$$libinit$$00000002)
    .ARM.Collect$$libinit$$00000004          0x08000162   Section        0  libinit2.o(.ARM.Collect$$libinit$$00000004)
    .ARM.Collect$$libinit$$0000000A          0x08000162   Section        0  libinit2.o(.ARM.Collect$$libinit$$0000000A)
    .ARM.Collect$$libinit$$0000000C          0x08000162   Section        0  libinit2.o(.ARM.Collect$$libinit$$0000000C)
    .ARM.Collect$$libinit$$0000000E          0x08000162   Section        0  libinit2.o(.ARM.Collect$$libinit$$0000000E)
    .ARM.Collect$$libinit$$00000011          0x08000162   Section        0  libinit2.o(.ARM.Collect$$libinit$$00000011)
    .ARM.Collect$$libinit$$00000013          0x08000162   Section        0  libinit2.o(.ARM.Collect$$libinit$$00000013)
    .ARM.Collect$$libinit$$00000015          0x08000162   Section        0  libinit2.o(.ARM.Collect$$libinit$$00000015)
    .ARM.Collect$$libinit$$00000017          0x08000162   Section        0  libinit2.o(.ARM.Collect$$libinit$$00000017)
    .ARM.Collect$$libinit$$00000019          0x08000162   Section        0  libinit2.o(.ARM.Collect$$libinit$$00000019)
    .ARM.Collect$$libinit$$0000001B          0x08000162   Section        0  libinit2.o(.ARM.Collect$$libinit$$0000001B)
    .ARM.Collect$$libinit$$0000001D          0x08000162   Section        0  libinit2.o(.ARM.Collect$$libinit$$0000001D)
    .ARM.Collect$$libinit$$0000001F          0x08000162   Section        0  libinit2.o(.ARM.Collect$$libinit$$0000001F)
    .ARM.Collect$$libinit$$00000021          0x08000162   Section        0  libinit2.o(.ARM.Collect$$libinit$$00000021)
    .ARM.Collect$$libinit$$00000023          0x08000162   Section        0  libinit2.o(.ARM.Collect$$libinit$$00000023)
    .ARM.Collect$$libinit$$00000025          0x08000162   Section        0  libinit2.o(.ARM.Collect$$libinit$$00000025)
    .ARM.Collect$$libinit$$0000002C          0x08000162   Section        0  libinit2.o(.ARM.Collect$$libinit$$0000002C)
    .ARM.Collect$$libinit$$0000002E          0x08000162   Section        0  libinit2.o(.ARM.Collect$$libinit$$0000002E)
    .ARM.Collect$$libinit$$00000030          0x08000162   Section        0  libinit2.o(.ARM.Collect$$libinit$$00000030)
    .ARM.Collect$$libinit$$00000032          0x08000162   Section        0  libinit2.o(.ARM.Collect$$libinit$$00000032)
    .ARM.Collect$$libinit$$00000033          0x08000162   Section        2  libinit2.o(.ARM.Collect$$libinit$$00000033)
    .ARM.Collect$$libshutdown$$00000000      0x08000164   Section        2  libshutdown.o(.ARM.Collect$$libshutdown$$00000000)
    .ARM.Collect$$libshutdown$$00000002      0x08000166   Section        0  libshutdown2.o(.ARM.Collect$$libshutdown$$00000002)
    .ARM.Collect$$libshutdown$$00000004      0x08000166   Section        0  libshutdown2.o(.ARM.Collect$$libshutdown$$00000004)
    .ARM.Collect$$libshutdown$$00000007      0x08000166   Section        0  libshutdown2.o(.ARM.Collect$$libshutdown$$00000007)
    .ARM.Collect$$libshutdown$$0000000A      0x08000166   Section        0  libshutdown2.o(.ARM.Collect$$libshutdown$$0000000A)
    .ARM.Collect$$libshutdown$$0000000C      0x08000166   Section        0  libshutdown2.o(.ARM.Collect$$libshutdown$$0000000C)
    .ARM.Collect$$libshutdown$$0000000F      0x08000166   Section        0  libshutdown2.o(.ARM.Collect$$libshutdown$$0000000F)
    .ARM.Collect$$libshutdown$$00000010      0x08000166   Section        2  libshutdown2.o(.ARM.Collect$$libshutdown$$00000010)
    .ARM.Collect$$rtentry$$00000000          0x08000168   Section        0  __rtentry.o(.ARM.Collect$$rtentry$$00000000)
    .ARM.Collect$$rtentry$$00000002          0x08000168   Section        0  __rtentry2.o(.ARM.Collect$$rtentry$$00000002)
    .ARM.Collect$$rtentry$$00000004          0x08000168   Section        6  __rtentry4.o(.ARM.Collect$$rtentry$$00000004)
    .ARM.Collect$$rtentry$$00000009          0x0800016e   Section        0  __rtentry2.o(.ARM.Collect$$rtentry$$00000009)
    .ARM.Collect$$rtentry$$0000000A          0x0800016e   Section        4  __rtentry2.o(.ARM.Collect$$rtentry$$0000000A)
    .ARM.Collect$$rtentry$$0000000C          0x08000172   Section        0  __rtentry2.o(.ARM.Collect$$rtentry$$0000000C)
    .ARM.Collect$$rtentry$$0000000D          0x08000172   Section        8  __rtentry2.o(.ARM.Collect$$rtentry$$0000000D)
    .ARM.Collect$$rtexit$$00000000           0x0800017a   Section        2  rtexit.o(.ARM.Collect$$rtexit$$00000000)
    .ARM.Collect$$rtexit$$00000002           0x0800017c   Section        0  rtexit2.o(.ARM.Collect$$rtexit$$00000002)
    .ARM.Collect$$rtexit$$00000003           0x0800017c   Section        4  rtexit2.o(.ARM.Collect$$rtexit$$00000003)
    .ARM.Collect$$rtexit$$00000004           0x08000180   Section        6  rtexit2.o(.ARM.Collect$$rtexit$$00000004)
    .text                                    0x08000188   Section       64  startup_stm32f103xb.o(.text)
    .text                                    0x080001c8   Section        0  memcmp.o(.text)
    .text                                    0x08000220   Section      138  rt_memcpy_v6.o(.text)
    .text                                    0x080002aa   Section       78  rt_memclr_w.o(.text)
    .text                                    0x080002f8   Section        0  heapauxi.o(.text)
    .text                                    0x080002fe   Section      100  rt_memcpy_w.o(.text)
    .text                                    0x08000362   Section       74  sys_stackheap_outer.o(.text)
    .text                                    0x080003ac   Section        0  exit.o(.text)
    .text                                    0x080003c0   Section        8  libspace.o(.text)
    .text                                    0x080003c8   Section        0  sys_exit.o(.text)
    .text                                    0x080003d4   Section        2  use_no_semi.o(.text)
    .text                                    0x080003d6   Section        0  indicate_semi.o(.text)
    i.AS608_HandShake                        0x080003d8   Section        0  as608.o(i.AS608_HandShake)
    i.AS608_Init                             0x0800044c   Section        0  as608.o(i.AS608_Init)
    i.AS608_ReceivePacket                    0x08000474   Section        0  as608.o(i.AS608_ReceivePacket)
    AS608_ReceivePacket                      0x08000475   Thumb Code   100  as608.o(i.AS608_ReceivePacket)
    i.AS608_SendCommand                      0x080004e0   Section        0  as608.o(i.AS608_SendCommand)
    AS608_SendCommand                        0x080004e1   Thumb Code   172  as608.o(i.AS608_SendCommand)
    i.AS608_SimpleHandShake                  0x08000594   Section        0  as608.o(i.AS608_SimpleHandShake)
    AS608_SimpleHandShake                    0x08000595   Thumb Code   176  as608.o(i.AS608_SimpleHandShake)
    i.BusFault_Handler                       0x08000650   Section        0  stm32f1xx_it.o(i.BusFault_Handler)
    i.DebugMon_Handler                       0x08000652   Section        0  stm32f1xx_it.o(i.DebugMon_Handler)
    i.Error_Handler                          0x08000654   Section        0  main.o(i.Error_Handler)
    i.HAL_DMA_Abort                          0x08000658   Section        0  stm32f1xx_hal_dma.o(i.HAL_DMA_Abort)
    i.HAL_DMA_Abort_IT                       0x080006a0   Section        0  stm32f1xx_hal_dma.o(i.HAL_DMA_Abort_IT)
    i.HAL_Delay                              0x08000738   Section        0  stm32f1xx_hal.o(i.HAL_Delay)
    i.HAL_GPIO_Init                          0x0800075c   Section        0  stm32f1xx_hal_gpio.o(i.HAL_GPIO_Init)
    i.HAL_GPIO_ReadPin                       0x0800093c   Section        0  stm32f1xx_hal_gpio.o(i.HAL_GPIO_ReadPin)
    i.HAL_GPIO_WritePin                      0x08000946   Section        0  stm32f1xx_hal_gpio.o(i.HAL_GPIO_WritePin)
    i.HAL_GetTick                            0x08000950   Section        0  stm32f1xx_hal.o(i.HAL_GetTick)
    i.HAL_IncTick                            0x0800095c   Section        0  stm32f1xx_hal.o(i.HAL_IncTick)
    i.HAL_Init                               0x0800096c   Section        0  stm32f1xx_hal.o(i.HAL_Init)
    i.HAL_InitTick                           0x08000990   Section        0  stm32f1xx_hal.o(i.HAL_InitTick)
    i.HAL_MspInit                            0x080009d0   Section        0  stm32f1xx_hal_msp.o(i.HAL_MspInit)
    i.HAL_NVIC_EnableIRQ                     0x08000a0c   Section        0  stm32f1xx_hal_cortex.o(i.HAL_NVIC_EnableIRQ)
    i.HAL_NVIC_SetPriority                   0x08000a28   Section        0  stm32f1xx_hal_cortex.o(i.HAL_NVIC_SetPriority)
    i.HAL_NVIC_SetPriorityGrouping           0x08000a68   Section        0  stm32f1xx_hal_cortex.o(i.HAL_NVIC_SetPriorityGrouping)
    i.HAL_RCC_ClockConfig                    0x08000a8c   Section        0  stm32f1xx_hal_rcc.o(i.HAL_RCC_ClockConfig)
    i.HAL_RCC_GetPCLK1Freq                   0x08000bb8   Section        0  stm32f1xx_hal_rcc.o(i.HAL_RCC_GetPCLK1Freq)
    i.HAL_RCC_GetPCLK2Freq                   0x08000bd8   Section        0  stm32f1xx_hal_rcc.o(i.HAL_RCC_GetPCLK2Freq)
    i.HAL_RCC_GetSysClockFreq                0x08000bf8   Section        0  stm32f1xx_hal_rcc.o(i.HAL_RCC_GetSysClockFreq)
    i.HAL_RCC_OscConfig                      0x08000c44   Section        0  stm32f1xx_hal_rcc.o(i.HAL_RCC_OscConfig)
    i.HAL_SPI_ErrorCallback                  0x08000f64   Section        0  stm32f1xx_hal_spi.o(i.HAL_SPI_ErrorCallback)
    i.HAL_SPI_IRQHandler                     0x08000f68   Section        0  stm32f1xx_hal_spi.o(i.HAL_SPI_IRQHandler)
    i.HAL_SPI_Init                           0x08001048   Section        0  stm32f1xx_hal_spi.o(i.HAL_SPI_Init)
    i.HAL_SPI_MspInit                        0x080010fc   Section        0  spi.o(i.HAL_SPI_MspInit)
    i.HAL_SPI_TransmitReceive                0x0800117c   Section        0  stm32f1xx_hal_spi.o(i.HAL_SPI_TransmitReceive)
    i.HAL_SYSTICK_Config                     0x0800136c   Section        0  stm32f1xx_hal_cortex.o(i.HAL_SYSTICK_Config)
    i.HAL_UARTEx_RxEventCallback             0x08001394   Section        0  stm32f1xx_hal_uart.o(i.HAL_UARTEx_RxEventCallback)
    i.HAL_UART_ErrorCallback                 0x08001396   Section        0  stm32f1xx_hal_uart.o(i.HAL_UART_ErrorCallback)
    i.HAL_UART_IRQHandler                    0x08001398   Section        0  stm32f1xx_hal_uart.o(i.HAL_UART_IRQHandler)
    i.HAL_UART_Init                          0x08001604   Section        0  stm32f1xx_hal_uart.o(i.HAL_UART_Init)
    i.HAL_UART_MspInit                       0x08001668   Section        0  usart.o(i.HAL_UART_MspInit)
    i.HAL_UART_Receive_IT                    0x080016e8   Section        0  stm32f1xx_hal_uart.o(i.HAL_UART_Receive_IT)
    i.HAL_UART_RxCpltCallback                0x08001704   Section        0  stm32f1xx_it.o(i.HAL_UART_RxCpltCallback)
    i.HAL_UART_Transmit                      0x08001740   Section        0  stm32f1xx_hal_uart.o(i.HAL_UART_Transmit)
    i.HAL_UART_TxCpltCallback                0x080017e0   Section        0  stm32f1xx_hal_uart.o(i.HAL_UART_TxCpltCallback)
    i.HardFault_Handler                      0x080017e2   Section        0  stm32f1xx_it.o(i.HardFault_Handler)
    i.I2C_Start                              0x080017e4   Section        0  oled.o(i.I2C_Start)
    i.I2C_Stop                               0x08001828   Section        0  oled.o(i.I2C_Stop)
    i.I2C_WaitAck                            0x0800185c   Section        0  oled.o(i.I2C_WaitAck)
    i.IIC_delay                              0x08001894   Section        0  oled.o(i.IIC_delay)
    i.MFRC_ClrBitMask                        0x0800189e   Section        0  rc522.o(i.MFRC_ClrBitMask)
    i.MFRC_CmdFrame                          0x080018b8   Section        0  rc522.o(i.MFRC_CmdFrame)
    i.MFRC_Init                              0x080019d8   Section        0  rc522.o(i.MFRC_Init)
    i.MFRC_ReadReg                           0x080019fc   Section        0  rc522.o(i.MFRC_ReadReg)
    i.MFRC_SetBitMask                        0x08001a34   Section        0  rc522.o(i.MFRC_SetBitMask)
    i.MFRC_WriteReg                          0x08001a4c   Section        0  rc522.o(i.MFRC_WriteReg)
    i.MX_GPIO_Init                           0x08001a80   Section        0  gpio.o(i.MX_GPIO_Init)
    i.MX_SPI1_Init                           0x08001b70   Section        0  spi.o(i.MX_SPI1_Init)
    i.MX_USART3_UART_Init                    0x08001bb8   Section        0  usart.o(i.MX_USART3_UART_Init)
    i.Matrix_Keyboard_Init                   0x08001c00   Section        0  matrix_keyboard.o(i.Matrix_Keyboard_Init)
    i.Matrix_Keyboard_Scan                   0x08001c34   Section        0  matrix_keyboard.o(i.Matrix_Keyboard_Scan)
    i.MemManage_Handler                      0x08001dc8   Section        0  stm32f1xx_it.o(i.MemManage_Handler)
    i.NMI_Handler                            0x08001dca   Section        0  stm32f1xx_it.o(i.NMI_Handler)
    i.OLED_Clear                             0x08001dcc   Section        0  oled.o(i.OLED_Clear)
    i.OLED_DrawPoint                         0x08001df8   Section        0  oled.o(i.OLED_DrawPoint)
    i.OLED_Init                              0x08001e24   Section        0  oled.o(i.OLED_Init)
    i.OLED_Pow                               0x08001efe   Section        0  oled.o(i.OLED_Pow)
    i.OLED_Refresh                           0x08001f10   Section        0  oled.o(i.OLED_Refresh)
    i.OLED_ShowChar                          0x08001f78   Section        0  oled.o(i.OLED_ShowChar)
    i.OLED_ShowNum                           0x0800205c   Section        0  oled.o(i.OLED_ShowNum)
    i.OLED_ShowString                        0x080020ca   Section        0  oled.o(i.OLED_ShowString)
    i.OLED_WR_Byte                           0x08002106   Section        0  oled.o(i.OLED_WR_Byte)
    i.PCD_AntennaOff                         0x0800213c   Section        0  rc522.o(i.PCD_AntennaOff)
    i.PCD_AntennaOn                          0x08002144   Section        0  rc522.o(i.PCD_AntennaOn)
    i.PCD_Anticoll                           0x0800215e   Section        0  rc522.o(i.PCD_Anticoll)
    i.PCD_Init                               0x080021c8   Section        0  rc522.o(i.PCD_Init)
    i.PCD_Request                            0x080021de   Section        0  rc522.o(i.PCD_Request)
    i.PCD_Reset                              0x08002230   Section        0  rc522.o(i.PCD_Reset)
    i.PendSV_Handler                         0x080022b8   Section        0  stm32f1xx_it.o(i.PendSV_Handler)
    i.SPI1_IRQHandler                        0x080022bc   Section        0  stm32f1xx_it.o(i.SPI1_IRQHandler)
    i.SPI1_RW_Byte                           0x080022c8   Section        0  rc522.o(i.SPI1_RW_Byte)
    i.SPI_DMAAbortOnError                    0x080022e8   Section        0  stm32f1xx_hal_spi.o(i.SPI_DMAAbortOnError)
    SPI_DMAAbortOnError                      0x080022e9   Thumb Code    16  stm32f1xx_hal_spi.o(i.SPI_DMAAbortOnError)
    i.SPI_EndRxTxTransaction                 0x080022f8   Section        0  stm32f1xx_hal_spi.o(i.SPI_EndRxTxTransaction)
    SPI_EndRxTxTransaction                   0x080022f9   Thumb Code    52  stm32f1xx_hal_spi.o(i.SPI_EndRxTxTransaction)
    i.SPI_WaitFlagStateUntilTimeout          0x0800232c   Section        0  stm32f1xx_hal_spi.o(i.SPI_WaitFlagStateUntilTimeout)
    SPI_WaitFlagStateUntilTimeout            0x0800232d   Thumb Code   180  stm32f1xx_hal_spi.o(i.SPI_WaitFlagStateUntilTimeout)
    i.SVC_Handler                            0x080023e4   Section        0  stm32f1xx_it.o(i.SVC_Handler)
    i.Send_Byte                              0x080023e8   Section        0  oled.o(i.Send_Byte)
    i.SysTick_Handler                        0x0800243c   Section        0  stm32f1xx_it.o(i.SysTick_Handler)
    i.SystemClock_Config                     0x08002440   Section        0  main.o(i.SystemClock_Config)
    i.SystemInit                             0x0800249e   Section        0  system_stm32f1xx.o(i.SystemInit)
    i.UART_DMAAbortOnError                   0x080024a0   Section        0  stm32f1xx_hal_uart.o(i.UART_DMAAbortOnError)
    UART_DMAAbortOnError                     0x080024a1   Thumb Code    16  stm32f1xx_hal_uart.o(i.UART_DMAAbortOnError)
    i.UART_EndRxTransfer                     0x080024b0   Section        0  stm32f1xx_hal_uart.o(i.UART_EndRxTransfer)
    UART_EndRxTransfer                       0x080024b1   Thumb Code    78  stm32f1xx_hal_uart.o(i.UART_EndRxTransfer)
    i.UART_Receive_IT                        0x080024fe   Section        0  stm32f1xx_hal_uart.o(i.UART_Receive_IT)
    UART_Receive_IT                          0x080024ff   Thumb Code   194  stm32f1xx_hal_uart.o(i.UART_Receive_IT)
    i.UART_SetConfig                         0x080025c0   Section        0  stm32f1xx_hal_uart.o(i.UART_SetConfig)
    UART_SetConfig                           0x080025c1   Thumb Code   178  stm32f1xx_hal_uart.o(i.UART_SetConfig)
    i.UART_Start_Receive_IT                  0x08002678   Section        0  stm32f1xx_hal_uart.o(i.UART_Start_Receive_IT)
    i.UART_WaitOnFlagUntilTimeout            0x080026ae   Section        0  stm32f1xx_hal_uart.o(i.UART_WaitOnFlagUntilTimeout)
    UART_WaitOnFlagUntilTimeout              0x080026af   Thumb Code   114  stm32f1xx_hal_uart.o(i.UART_WaitOnFlagUntilTimeout)
    i.USART3_IRQHandler                      0x08002720   Section        0  stm32f1xx_it.o(i.USART3_IRQHandler)
    i.UsageFault_Handler                     0x0800272c   Section        0  stm32f1xx_it.o(i.UsageFault_Handler)
    i.__NVIC_SetPriority                     0x0800272e   Section        0  stm32f1xx_hal_cortex.o(i.__NVIC_SetPriority)
    __NVIC_SetPriority                       0x0800272f   Thumb Code    32  stm32f1xx_hal_cortex.o(i.__NVIC_SetPriority)
    i.main                                   0x08002750   Section        0  main.o(i.main)
    .constdata                               0x080029bc   Section       18  stm32f1xx_hal_rcc.o(.constdata)
    aPredivFactorTable                       0x080029bc   Data           2  stm32f1xx_hal_rcc.o(.constdata)
    aPLLMULFactorTable                       0x080029be   Data          16  stm32f1xx_hal_rcc.o(.constdata)
    .constdata                               0x080029ce   Section       16  system_stm32f1xx.o(.constdata)
    .constdata                               0x080029de   Section        8  system_stm32f1xx.o(.constdata)
    .constdata                               0x080029e6   Section     6632  oled.o(.constdata)
    .data                                    0x20000000   Section        5  main.o(.data)
    last_key                                 0x20000000   Data           1  main.o(.data)
    last_card                                0x20000001   Data           4  main.o(.data)
    .data                                    0x20000008   Section       12  stm32f1xx_hal.o(.data)
    .data                                    0x20000014   Section        4  system_stm32f1xx.o(.data)
    .data                                    0x20000018   Section        8  as608.o(.data)
    .bss                                     0x20000020   Section       88  spi.o(.bss)
    .bss                                     0x20000078   Section       72  usart.o(.bss)
    .bss                                     0x200000c0   Section     1152  oled.o(.bss)
    .bss                                     0x20000540   Section      256  as608.o(.bss)
    .bss                                     0x20000640   Section       96  libspace.o(.bss)
    HEAP                                     0x200006a0   Section      512  startup_stm32f103xb.o(HEAP)
    Heap_Mem                                 0x200006a0   Data         512  startup_stm32f103xb.o(HEAP)
    STACK                                    0x200008a0   Section     1024  startup_stm32f103xb.o(STACK)
    Stack_Mem                                0x200008a0   Data        1024  startup_stm32f103xb.o(STACK)
    __initial_sp                             0x20000ca0   Data           0  startup_stm32f103xb.o(STACK)

    Global Symbols

    Symbol Name                              Value     Ov Type        Size  Object(Section)

    BuildAttributes$$THM_ISAv4$P$D$K$B$S$PE$A:L22UL41UL21$X:L11$S22US41US21$IEEE1$IW$USESV6$~STKCKD$USESV7$~SHL$OSPACE$ROPI$EBA8$UX$STANDARDLIB$REQ8$PRES8$EABIv2 0x00000000   Number         0  anon$$obj.o ABSOLUTE
    __ARM_use_no_argv                        0x00000000   Number         0  main.o ABSOLUTE
    __ARM_exceptions_init                     - Undefined Weak Reference
    __alloca_initialize                       - Undefined Weak Reference
    __arm_preinit_                            - Undefined Weak Reference
    __cpp_initialize__aeabi_                  - Undefined Weak Reference
    __cxa_finalize                            - Undefined Weak Reference
    __rt_locale                               - Undefined Weak Reference
    __sigvec_lookup                           - Undefined Weak Reference
    _atexit_init                              - Undefined Weak Reference
    _call_atexit_fns                          - Undefined Weak Reference
    _clock_init                               - Undefined Weak Reference
    _fp_trap_init                             - Undefined Weak Reference
    _fp_trap_shutdown                         - Undefined Weak Reference
    _get_lc_collate                           - Undefined Weak Reference
    _get_lc_ctype                             - Undefined Weak Reference
    _get_lc_monetary                          - Undefined Weak Reference
    _get_lc_numeric                           - Undefined Weak Reference
    _get_lc_time                              - Undefined Weak Reference
    _getenv_init                              - Undefined Weak Reference
    _handle_redirection                       - Undefined Weak Reference
    _init_alloc                               - Undefined Weak Reference
    _init_user_alloc                          - Undefined Weak Reference
    _initio                                   - Undefined Weak Reference
    _rand_init                                - Undefined Weak Reference
    _signal_finish                            - Undefined Weak Reference
    _signal_init                              - Undefined Weak Reference
    _terminate_alloc                          - Undefined Weak Reference
    _terminate_user_alloc                     - Undefined Weak Reference
    _terminateio                              - Undefined Weak Reference
    __Vectors_Size                           0x000000ec   Number         0  startup_stm32f103xb.o ABSOLUTE
    __Vectors                                0x08000000   Data           4  startup_stm32f103xb.o(RESET)
    __Vectors_End                            0x080000ec   Data           0  startup_stm32f103xb.o(RESET)
    __main                                   0x080000ed   Thumb Code     8  __main.o(!!!main)
    __scatterload                            0x080000f5   Thumb Code     0  __scatter.o(!!!scatter)
    __scatterload_rt2                        0x080000f5   Thumb Code    44  __scatter.o(!!!scatter)
    __scatterload_rt2_thumb_only             0x080000f5   Thumb Code     0  __scatter.o(!!!scatter)
    __scatterload_null                       0x08000103   Thumb Code     0  __scatter.o(!!!scatter)
    __scatterload_copy                       0x08000129   Thumb Code    26  __scatter_copy.o(!!handler_copy)
    __scatterload_zeroinit                   0x08000145   Thumb Code    28  __scatter_zi.o(!!handler_zi)
    __rt_lib_init                            0x08000161   Thumb Code     0  libinit.o(.ARM.Collect$$libinit$$00000000)
    __rt_lib_init_alloca_1                   0x08000163   Thumb Code     0  libinit2.o(.ARM.Collect$$libinit$$0000002E)
    __rt_lib_init_argv_1                     0x08000163   Thumb Code     0  libinit2.o(.ARM.Collect$$libinit$$0000002C)
    __rt_lib_init_atexit_1                   0x08000163   Thumb Code     0  libinit2.o(.ARM.Collect$$libinit$$0000001B)
    __rt_lib_init_clock_1                    0x08000163   Thumb Code     0  libinit2.o(.ARM.Collect$$libinit$$00000021)
    __rt_lib_init_cpp_1                      0x08000163   Thumb Code     0  libinit2.o(.ARM.Collect$$libinit$$00000032)
    __rt_lib_init_exceptions_1               0x08000163   Thumb Code     0  libinit2.o(.ARM.Collect$$libinit$$00000030)
    __rt_lib_init_fp_1                       0x08000163   Thumb Code     0  libinit2.o(.ARM.Collect$$libinit$$00000002)
    __rt_lib_init_fp_trap_1                  0x08000163   Thumb Code     0  libinit2.o(.ARM.Collect$$libinit$$0000001F)
    __rt_lib_init_getenv_1                   0x08000163   Thumb Code     0  libinit2.o(.ARM.Collect$$libinit$$00000023)
    __rt_lib_init_heap_1                     0x08000163   Thumb Code     0  libinit2.o(.ARM.Collect$$libinit$$0000000A)
    __rt_lib_init_lc_collate_1               0x08000163   Thumb Code     0  libinit2.o(.ARM.Collect$$libinit$$00000011)
    __rt_lib_init_lc_ctype_1                 0x08000163   Thumb Code     0  libinit2.o(.ARM.Collect$$libinit$$00000013)
    __rt_lib_init_lc_monetary_1              0x08000163   Thumb Code     0  libinit2.o(.ARM.Collect$$libinit$$00000015)
    __rt_lib_init_lc_numeric_1               0x08000163   Thumb Code     0  libinit2.o(.ARM.Collect$$libinit$$00000017)
    __rt_lib_init_lc_time_1                  0x08000163   Thumb Code     0  libinit2.o(.ARM.Collect$$libinit$$00000019)
    __rt_lib_init_preinit_1                  0x08000163   Thumb Code     0  libinit2.o(.ARM.Collect$$libinit$$00000004)
    __rt_lib_init_rand_1                     0x08000163   Thumb Code     0  libinit2.o(.ARM.Collect$$libinit$$0000000E)
    __rt_lib_init_return                     0x08000163   Thumb Code     0  libinit2.o(.ARM.Collect$$libinit$$00000033)
    __rt_lib_init_signal_1                   0x08000163   Thumb Code     0  libinit2.o(.ARM.Collect$$libinit$$0000001D)
    __rt_lib_init_stdio_1                    0x08000163   Thumb Code     0  libinit2.o(.ARM.Collect$$libinit$$00000025)
    __rt_lib_init_user_alloc_1               0x08000163   Thumb Code     0  libinit2.o(.ARM.Collect$$libinit$$0000000C)
    __rt_lib_shutdown                        0x08000165   Thumb Code     0  libshutdown.o(.ARM.Collect$$libshutdown$$00000000)
    __rt_lib_shutdown_cpp_1                  0x08000167   Thumb Code     0  libshutdown2.o(.ARM.Collect$$libshutdown$$00000002)
    __rt_lib_shutdown_fp_trap_1              0x08000167   Thumb Code     0  libshutdown2.o(.ARM.Collect$$libshutdown$$00000007)
    __rt_lib_shutdown_heap_1                 0x08000167   Thumb Code     0  libshutdown2.o(.ARM.Collect$$libshutdown$$0000000F)
    __rt_lib_shutdown_return                 0x08000167   Thumb Code     0  libshutdown2.o(.ARM.Collect$$libshutdown$$00000010)
    __rt_lib_shutdown_signal_1               0x08000167   Thumb Code     0  libshutdown2.o(.ARM.Collect$$libshutdown$$0000000A)
    __rt_lib_shutdown_stdio_1                0x08000167   Thumb Code     0  libshutdown2.o(.ARM.Collect$$libshutdown$$00000004)
    __rt_lib_shutdown_user_alloc_1           0x08000167   Thumb Code     0  libshutdown2.o(.ARM.Collect$$libshutdown$$0000000C)
    __rt_entry                               0x08000169   Thumb Code     0  __rtentry.o(.ARM.Collect$$rtentry$$00000000)
    __rt_entry_presh_1                       0x08000169   Thumb Code     0  __rtentry2.o(.ARM.Collect$$rtentry$$00000002)
    __rt_entry_sh                            0x08000169   Thumb Code     0  __rtentry4.o(.ARM.Collect$$rtentry$$00000004)
    __rt_entry_li                            0x0800016f   Thumb Code     0  __rtentry2.o(.ARM.Collect$$rtentry$$0000000A)
    __rt_entry_postsh_1                      0x0800016f   Thumb Code     0  __rtentry2.o(.ARM.Collect$$rtentry$$00000009)
    __rt_entry_main                          0x08000173   Thumb Code     0  __rtentry2.o(.ARM.Collect$$rtentry$$0000000D)
    __rt_entry_postli_1                      0x08000173   Thumb Code     0  __rtentry2.o(.ARM.Collect$$rtentry$$0000000C)
    __rt_exit                                0x0800017b   Thumb Code     0  rtexit.o(.ARM.Collect$$rtexit$$00000000)
    __rt_exit_ls                             0x0800017d   Thumb Code     0  rtexit2.o(.ARM.Collect$$rtexit$$00000003)
    __rt_exit_prels_1                        0x0800017d   Thumb Code     0  rtexit2.o(.ARM.Collect$$rtexit$$00000002)
    __rt_exit_exit                           0x08000181   Thumb Code     0  rtexit2.o(.ARM.Collect$$rtexit$$00000004)
    Reset_Handler                            0x08000189   Thumb Code     8  startup_stm32f103xb.o(.text)
    ADC1_2_IRQHandler                        0x080001a3   Thumb Code     0  startup_stm32f103xb.o(.text)
    CAN1_RX1_IRQHandler                      0x080001a3   Thumb Code     0  startup_stm32f103xb.o(.text)
    CAN1_SCE_IRQHandler                      0x080001a3   Thumb Code     0  startup_stm32f103xb.o(.text)
    DMA1_Channel1_IRQHandler                 0x080001a3   Thumb Code     0  startup_stm32f103xb.o(.text)
    DMA1_Channel2_IRQHandler                 0x080001a3   Thumb Code     0  startup_stm32f103xb.o(.text)
    DMA1_Channel3_IRQHandler                 0x080001a3   Thumb Code     0  startup_stm32f103xb.o(.text)
    DMA1_Channel4_IRQHandler                 0x080001a3   Thumb Code     0  startup_stm32f103xb.o(.text)
    DMA1_Channel5_IRQHandler                 0x080001a3   Thumb Code     0  startup_stm32f103xb.o(.text)
    DMA1_Channel6_IRQHandler                 0x080001a3   Thumb Code     0  startup_stm32f103xb.o(.text)
    DMA1_Channel7_IRQHandler                 0x080001a3   Thumb Code     0  startup_stm32f103xb.o(.text)
    EXTI0_IRQHandler                         0x080001a3   Thumb Code     0  startup_stm32f103xb.o(.text)
    EXTI15_10_IRQHandler                     0x080001a3   Thumb Code     0  startup_stm32f103xb.o(.text)
    EXTI1_IRQHandler                         0x080001a3   Thumb Code     0  startup_stm32f103xb.o(.text)
    EXTI2_IRQHandler                         0x080001a3   Thumb Code     0  startup_stm32f103xb.o(.text)
    EXTI3_IRQHandler                         0x080001a3   Thumb Code     0  startup_stm32f103xb.o(.text)
    EXTI4_IRQHandler                         0x080001a3   Thumb Code     0  startup_stm32f103xb.o(.text)
    EXTI9_5_IRQHandler                       0x080001a3   Thumb Code     0  startup_stm32f103xb.o(.text)
    FLASH_IRQHandler                         0x080001a3   Thumb Code     0  startup_stm32f103xb.o(.text)
    I2C1_ER_IRQHandler                       0x080001a3   Thumb Code     0  startup_stm32f103xb.o(.text)
    I2C1_EV_IRQHandler                       0x080001a3   Thumb Code     0  startup_stm32f103xb.o(.text)
    I2C2_ER_IRQHandler                       0x080001a3   Thumb Code     0  startup_stm32f103xb.o(.text)
    I2C2_EV_IRQHandler                       0x080001a3   Thumb Code     0  startup_stm32f103xb.o(.text)
    PVD_IRQHandler                           0x080001a3   Thumb Code     0  startup_stm32f103xb.o(.text)
    RCC_IRQHandler                           0x080001a3   Thumb Code     0  startup_stm32f103xb.o(.text)
    RTC_Alarm_IRQHandler                     0x080001a3   Thumb Code     0  startup_stm32f103xb.o(.text)
    RTC_IRQHandler                           0x080001a3   Thumb Code     0  startup_stm32f103xb.o(.text)
    SPI2_IRQHandler                          0x080001a3   Thumb Code     0  startup_stm32f103xb.o(.text)
    TAMPER_IRQHandler                        0x080001a3   Thumb Code     0  startup_stm32f103xb.o(.text)
    TIM1_BRK_IRQHandler                      0x080001a3   Thumb Code     0  startup_stm32f103xb.o(.text)
    TIM1_CC_IRQHandler                       0x080001a3   Thumb Code     0  startup_stm32f103xb.o(.text)
    TIM1_TRG_COM_IRQHandler                  0x080001a3   Thumb Code     0  startup_stm32f103xb.o(.text)
    TIM1_UP_IRQHandler                       0x080001a3   Thumb Code     0  startup_stm32f103xb.o(.text)
    TIM2_IRQHandler                          0x080001a3   Thumb Code     0  startup_stm32f103xb.o(.text)
    TIM3_IRQHandler                          0x080001a3   Thumb Code     0  startup_stm32f103xb.o(.text)
    TIM4_IRQHandler                          0x080001a3   Thumb Code     0  startup_stm32f103xb.o(.text)
    USART1_IRQHandler                        0x080001a3   Thumb Code     0  startup_stm32f103xb.o(.text)
    USART2_IRQHandler                        0x080001a3   Thumb Code     0  startup_stm32f103xb.o(.text)
    USBWakeUp_IRQHandler                     0x080001a3   Thumb Code     0  startup_stm32f103xb.o(.text)
    USB_HP_CAN1_TX_IRQHandler                0x080001a3   Thumb Code     0  startup_stm32f103xb.o(.text)
    USB_LP_CAN1_RX0_IRQHandler               0x080001a3   Thumb Code     0  startup_stm32f103xb.o(.text)
    WWDG_IRQHandler                          0x080001a3   Thumb Code     0  startup_stm32f103xb.o(.text)
    __user_initial_stackheap                 0x080001a5   Thumb Code     0  startup_stm32f103xb.o(.text)
    memcmp                                   0x080001c9   Thumb Code    88  memcmp.o(.text)
    __aeabi_memcpy                           0x08000221   Thumb Code     0  rt_memcpy_v6.o(.text)
    __rt_memcpy                              0x08000221   Thumb Code   138  rt_memcpy_v6.o(.text)
    _memcpy_lastbytes                        0x08000287   Thumb Code     0  rt_memcpy_v6.o(.text)
    __aeabi_memclr4                          0x080002ab   Thumb Code     0  rt_memclr_w.o(.text)
    __aeabi_memclr8                          0x080002ab   Thumb Code     0  rt_memclr_w.o(.text)
    __rt_memclr_w                            0x080002ab   Thumb Code    78  rt_memclr_w.o(.text)
    _memset_w                                0x080002af   Thumb Code     0  rt_memclr_w.o(.text)
    __use_two_region_memory                  0x080002f9   Thumb Code     2  heapauxi.o(.text)
    __rt_heap_escrow$2region                 0x080002fb   Thumb Code     2  heapauxi.o(.text)
    __rt_heap_expand$2region                 0x080002fd   Thumb Code     2  heapauxi.o(.text)
    __aeabi_memcpy4                          0x080002ff   Thumb Code     0  rt_memcpy_w.o(.text)
    __aeabi_memcpy8                          0x080002ff   Thumb Code     0  rt_memcpy_w.o(.text)
    __rt_memcpy_w                            0x080002ff   Thumb Code   100  rt_memcpy_w.o(.text)
    _memcpy_lastbytes_aligned                0x08000347   Thumb Code     0  rt_memcpy_w.o(.text)
    __user_setup_stackheap                   0x08000363   Thumb Code    74  sys_stackheap_outer.o(.text)
    exit                                     0x080003ad   Thumb Code    18  exit.o(.text)
    __user_libspace                          0x080003c1   Thumb Code     8  libspace.o(.text)
    __user_perproc_libspace                  0x080003c1   Thumb Code     0  libspace.o(.text)
    __user_perthread_libspace                0x080003c1   Thumb Code     0  libspace.o(.text)
    _sys_exit                                0x080003c9   Thumb Code     8  sys_exit.o(.text)
    __I$use$semihosting                      0x080003d5   Thumb Code     0  use_no_semi.o(.text)
    __use_no_semihosting_swi                 0x080003d5   Thumb Code     2  use_no_semi.o(.text)
    __semihosting_library_function           0x080003d7   Thumb Code     0  indicate_semi.o(.text)
    AS608_HandShake                          0x080003d9   Thumb Code   110  as608.o(i.AS608_HandShake)
    AS608_Init                               0x0800044d   Thumb Code    40  as608.o(i.AS608_Init)
    BusFault_Handler                         0x08000651   Thumb Code     2  stm32f1xx_it.o(i.BusFault_Handler)
    DebugMon_Handler                         0x08000653   Thumb Code     2  stm32f1xx_it.o(i.DebugMon_Handler)
    Error_Handler                            0x08000655   Thumb Code     4  main.o(i.Error_Handler)
    HAL_DMA_Abort                            0x08000659   Thumb Code    70  stm32f1xx_hal_dma.o(i.HAL_DMA_Abort)
    HAL_DMA_Abort_IT                         0x080006a1   Thumb Code   148  stm32f1xx_hal_dma.o(i.HAL_DMA_Abort_IT)
    HAL_Delay                                0x08000739   Thumb Code    32  stm32f1xx_hal.o(i.HAL_Delay)
    HAL_GPIO_Init                            0x0800075d   Thumb Code   446  stm32f1xx_hal_gpio.o(i.HAL_GPIO_Init)
    HAL_GPIO_ReadPin                         0x0800093d   Thumb Code    10  stm32f1xx_hal_gpio.o(i.HAL_GPIO_ReadPin)
    HAL_GPIO_WritePin                        0x08000947   Thumb Code    10  stm32f1xx_hal_gpio.o(i.HAL_GPIO_WritePin)
    HAL_GetTick                              0x08000951   Thumb Code     6  stm32f1xx_hal.o(i.HAL_GetTick)
    HAL_IncTick                              0x0800095d   Thumb Code    12  stm32f1xx_hal.o(i.HAL_IncTick)
    HAL_Init                                 0x0800096d   Thumb Code    32  stm32f1xx_hal.o(i.HAL_Init)
    HAL_InitTick                             0x08000991   Thumb Code    54  stm32f1xx_hal.o(i.HAL_InitTick)
    HAL_MspInit                              0x080009d1   Thumb Code    52  stm32f1xx_hal_msp.o(i.HAL_MspInit)
    HAL_NVIC_EnableIRQ                       0x08000a0d   Thumb Code    26  stm32f1xx_hal_cortex.o(i.HAL_NVIC_EnableIRQ)
    HAL_NVIC_SetPriority                     0x08000a29   Thumb Code    60  stm32f1xx_hal_cortex.o(i.HAL_NVIC_SetPriority)
    HAL_NVIC_SetPriorityGrouping             0x08000a69   Thumb Code    26  stm32f1xx_hal_cortex.o(i.HAL_NVIC_SetPriorityGrouping)
    HAL_RCC_ClockConfig                      0x08000a8d   Thumb Code   280  stm32f1xx_hal_rcc.o(i.HAL_RCC_ClockConfig)
    HAL_RCC_GetPCLK1Freq                     0x08000bb9   Thumb Code    20  stm32f1xx_hal_rcc.o(i.HAL_RCC_GetPCLK1Freq)
    HAL_RCC_GetPCLK2Freq                     0x08000bd9   Thumb Code    20  stm32f1xx_hal_rcc.o(i.HAL_RCC_GetPCLK2Freq)
    HAL_RCC_GetSysClockFreq                  0x08000bf9   Thumb Code    58  stm32f1xx_hal_rcc.o(i.HAL_RCC_GetSysClockFreq)
    HAL_RCC_OscConfig                        0x08000c45   Thumb Code   778  stm32f1xx_hal_rcc.o(i.HAL_RCC_OscConfig)
    HAL_SPI_ErrorCallback                    0x08000f65   Thumb Code     2  stm32f1xx_hal_spi.o(i.HAL_SPI_ErrorCallback)
    HAL_SPI_IRQHandler                       0x08000f69   Thumb Code   220  stm32f1xx_hal_spi.o(i.HAL_SPI_IRQHandler)
    HAL_SPI_Init                             0x08001049   Thumb Code   178  stm32f1xx_hal_spi.o(i.HAL_SPI_Init)
    HAL_SPI_MspInit                          0x080010fd   Thumb Code   114  spi.o(i.HAL_SPI_MspInit)
    HAL_SPI_TransmitReceive                  0x0800117d   Thumb Code   496  stm32f1xx_hal_spi.o(i.HAL_SPI_TransmitReceive)
    HAL_SYSTICK_Config                       0x0800136d   Thumb Code    40  stm32f1xx_hal_cortex.o(i.HAL_SYSTICK_Config)
    HAL_UARTEx_RxEventCallback               0x08001395   Thumb Code     2  stm32f1xx_hal_uart.o(i.HAL_UARTEx_RxEventCallback)
    HAL_UART_ErrorCallback                   0x08001397   Thumb Code     2  stm32f1xx_hal_uart.o(i.HAL_UART_ErrorCallback)
    HAL_UART_IRQHandler                      0x08001399   Thumb Code   616  stm32f1xx_hal_uart.o(i.HAL_UART_IRQHandler)
    HAL_UART_Init                            0x08001605   Thumb Code   100  stm32f1xx_hal_uart.o(i.HAL_UART_Init)
    HAL_UART_MspInit                         0x08001669   Thumb Code   116  usart.o(i.HAL_UART_MspInit)
    HAL_UART_Receive_IT                      0x080016e9   Thumb Code    28  stm32f1xx_hal_uart.o(i.HAL_UART_Receive_IT)
    HAL_UART_RxCpltCallback                  0x08001705   Thumb Code    48  stm32f1xx_it.o(i.HAL_UART_RxCpltCallback)
    HAL_UART_Transmit                        0x08001741   Thumb Code   160  stm32f1xx_hal_uart.o(i.HAL_UART_Transmit)
    HAL_UART_TxCpltCallback                  0x080017e1   Thumb Code     2  stm32f1xx_hal_uart.o(i.HAL_UART_TxCpltCallback)
    HardFault_Handler                        0x080017e3   Thumb Code     2  stm32f1xx_it.o(i.HardFault_Handler)
    I2C_Start                                0x080017e5   Thumb Code    64  oled.o(i.I2C_Start)
    I2C_Stop                                 0x08001829   Thumb Code    46  oled.o(i.I2C_Stop)
    I2C_WaitAck                              0x0800185d   Thumb Code    52  oled.o(i.I2C_WaitAck)
    IIC_delay                                0x08001895   Thumb Code    10  oled.o(i.IIC_delay)
    MFRC_ClrBitMask                          0x0800189f   Thumb Code    24  rc522.o(i.MFRC_ClrBitMask)
    MFRC_CmdFrame                            0x080018b9   Thumb Code   282  rc522.o(i.MFRC_CmdFrame)
    MFRC_Init                                0x080019d9   Thumb Code    26  rc522.o(i.MFRC_Init)
    MFRC_ReadReg                             0x080019fd   Thumb Code    52  rc522.o(i.MFRC_ReadReg)
    MFRC_SetBitMask                          0x08001a35   Thumb Code    24  rc522.o(i.MFRC_SetBitMask)
    MFRC_WriteReg                            0x08001a4d   Thumb Code    48  rc522.o(i.MFRC_WriteReg)
    MX_GPIO_Init                             0x08001a81   Thumb Code   224  gpio.o(i.MX_GPIO_Init)
    MX_SPI1_Init                             0x08001b71   Thumb Code    62  spi.o(i.MX_SPI1_Init)
    MX_USART3_UART_Init                      0x08001bb9   Thumb Code    60  usart.o(i.MX_USART3_UART_Init)
    Matrix_Keyboard_Init                     0x08001c01   Thumb Code    48  matrix_keyboard.o(i.Matrix_Keyboard_Init)
    Matrix_Keyboard_Scan                     0x08001c35   Thumb Code   396  matrix_keyboard.o(i.Matrix_Keyboard_Scan)
    MemManage_Handler                        0x08001dc9   Thumb Code     2  stm32f1xx_it.o(i.MemManage_Handler)
    NMI_Handler                              0x08001dcb   Thumb Code     2  stm32f1xx_it.o(i.NMI_Handler)
    OLED_Clear                               0x08001dcd   Thumb Code    40  oled.o(i.OLED_Clear)
    OLED_DrawPoint                           0x08001df9   Thumb Code    40  oled.o(i.OLED_DrawPoint)
    OLED_Init                                0x08001e25   Thumb Code   218  oled.o(i.OLED_Init)
    OLED_Pow                                 0x08001eff   Thumb Code    16  oled.o(i.OLED_Pow)
    OLED_Refresh                             0x08001f11   Thumb Code   100  oled.o(i.OLED_Refresh)
    OLED_ShowChar                            0x08001f79   Thumb Code   212  oled.o(i.OLED_ShowChar)
    OLED_ShowNum                             0x0800205d   Thumb Code   110  oled.o(i.OLED_ShowNum)
    OLED_ShowString                          0x080020cb   Thumb Code    60  oled.o(i.OLED_ShowString)
    OLED_WR_Byte                             0x08002107   Thumb Code    54  oled.o(i.OLED_WR_Byte)
    PCD_AntennaOff                           0x0800213d   Thumb Code     8  rc522.o(i.PCD_AntennaOff)
    PCD_AntennaOn                            0x08002145   Thumb Code    26  rc522.o(i.PCD_AntennaOn)
    PCD_Anticoll                             0x0800215f   Thumb Code   106  rc522.o(i.PCD_Anticoll)
    PCD_Init                                 0x080021c9   Thumb Code    22  rc522.o(i.PCD_Init)
    PCD_Request                              0x080021df   Thumb Code    80  rc522.o(i.PCD_Request)
    PCD_Reset                                0x08002231   Thumb Code   132  rc522.o(i.PCD_Reset)
    PendSV_Handler                           0x080022b9   Thumb Code     2  stm32f1xx_it.o(i.PendSV_Handler)
    SPI1_IRQHandler                          0x080022bd   Thumb Code     6  stm32f1xx_it.o(i.SPI1_IRQHandler)
    SPI1_RW_Byte                             0x080022c9   Thumb Code    26  rc522.o(i.SPI1_RW_Byte)
    SVC_Handler                              0x080023e5   Thumb Code     2  stm32f1xx_it.o(i.SVC_Handler)
    Send_Byte                                0x080023e9   Thumb Code    78  oled.o(i.Send_Byte)
    SysTick_Handler                          0x0800243d   Thumb Code     4  stm32f1xx_it.o(i.SysTick_Handler)
    SystemClock_Config                       0x08002441   Thumb Code    94  main.o(i.SystemClock_Config)
    SystemInit                               0x0800249f   Thumb Code     2  system_stm32f1xx.o(i.SystemInit)
    UART_Start_Receive_IT                    0x08002679   Thumb Code    54  stm32f1xx_hal_uart.o(i.UART_Start_Receive_IT)
    USART3_IRQHandler                        0x08002721   Thumb Code     6  stm32f1xx_it.o(i.USART3_IRQHandler)
    UsageFault_Handler                       0x0800272d   Thumb Code     2  stm32f1xx_it.o(i.UsageFault_Handler)
    main                                     0x08002751   Thumb Code   472  main.o(i.main)
    AHBPrescTable                            0x080029ce   Data          16  system_stm32f1xx.o(.constdata)
    APBPrescTable                            0x080029de   Data           8  system_stm32f1xx.o(.constdata)
    asc2_0806                                0x080029e6   Data         552  oled.o(.constdata)
    asc2_1206                                0x08002c0e   Data        1140  oled.o(.constdata)
    asc2_1608                                0x08003082   Data        1520  oled.o(.constdata)
    asc2_2412                                0x08003672   Data        3420  oled.o(.constdata)
    Region$$Table$$Base                      0x080043d0   Number         0  anon$$obj.o(Region$$Table)
    Region$$Table$$Limit                     0x080043f0   Number         0  anon$$obj.o(Region$$Table)
    uwTickFreq                               0x20000008   Data           1  stm32f1xx_hal.o(.data)
    uwTickPrio                               0x2000000c   Data           4  stm32f1xx_hal.o(.data)
    uwTick                                   0x20000010   Data           4  stm32f1xx_hal.o(.data)
    SystemCoreClock                          0x20000014   Data           4  system_stm32f1xx.o(.data)
    USART3_RX_STA                            0x20000018   Data           2  as608.o(.data)
    AS608_Address                            0x2000001c   Data           4  as608.o(.data)
    hspi1                                    0x20000020   Data          88  spi.o(.bss)
    huart3                                   0x20000078   Data          72  usart.o(.bss)
    OLED_GRAM                                0x200000c0   Data        1152  oled.o(.bss)
    USART3_RX_BUF                            0x20000540   Data         256  as608.o(.bss)
    __libspace_start                         0x20000640   Data          96  libspace.o(.bss)
    __temporary_stack_top$libspace           0x200006a0   Data           0  libspace.o(.bss)



==============================================================================

Memory Map of the image

  Image Entry point : 0x080000ed

  Load Region LR_IROM1 (Base: 0x08000000, Size: 0x00004410, Max: 0x00010000, ABSOLUTE)

    Execution Region ER_IROM1 (Exec base: 0x08000000, Load base: 0x08000000, Size: 0x000043f0, Max: 0x00010000, ABSOLUTE)

    Exec Addr    Load Addr    Size         Type   Attr      Idx    E Section Name        Object

    0x08000000   0x08000000   0x000000ec   Data   RO            3    RESET               startup_stm32f103xb.o
    0x080000ec   0x080000ec   0x00000008   Code   RO         2606  * !!!main             c_w.l(__main.o)
    0x080000f4   0x080000f4   0x00000034   Code   RO         2765    !!!scatter          c_w.l(__scatter.o)
    0x08000128   0x08000128   0x0000001a   Code   RO         2767    !!handler_copy      c_w.l(__scatter_copy.o)
    0x08000142   0x08000142   0x00000002   PAD
    0x08000144   0x08000144   0x0000001c   Code   RO         2769    !!handler_zi        c_w.l(__scatter_zi.o)
    0x08000160   0x08000160   0x00000002   Code   RO         2635    .ARM.Collect$$libinit$$00000000  c_w.l(libinit.o)
    0x08000162   0x08000162   0x00000000   Code   RO         2642    .ARM.Collect$$libinit$$00000002  c_w.l(libinit2.o)
    0x08000162   0x08000162   0x00000000   Code   RO         2644    .ARM.Collect$$libinit$$00000004  c_w.l(libinit2.o)
    0x08000162   0x08000162   0x00000000   Code   RO         2647    .ARM.Collect$$libinit$$0000000A  c_w.l(libinit2.o)
    0x08000162   0x08000162   0x00000000   Code   RO         2649    .ARM.Collect$$libinit$$0000000C  c_w.l(libinit2.o)
    0x08000162   0x08000162   0x00000000   Code   RO         2651    .ARM.Collect$$libinit$$0000000E  c_w.l(libinit2.o)
    0x08000162   0x08000162   0x00000000   Code   RO         2654    .ARM.Collect$$libinit$$00000011  c_w.l(libinit2.o)
    0x08000162   0x08000162   0x00000000   Code   RO         2656    .ARM.Collect$$libinit$$00000013  c_w.l(libinit2.o)
    0x08000162   0x08000162   0x00000000   Code   RO         2658    .ARM.Collect$$libinit$$00000015  c_w.l(libinit2.o)
    0x08000162   0x08000162   0x00000000   Code   RO         2660    .ARM.Collect$$libinit$$00000017  c_w.l(libinit2.o)
    0x08000162   0x08000162   0x00000000   Code   RO         2662    .ARM.Collect$$libinit$$00000019  c_w.l(libinit2.o)
    0x08000162   0x08000162   0x00000000   Code   RO         2664    .ARM.Collect$$libinit$$0000001B  c_w.l(libinit2.o)
    0x08000162   0x08000162   0x00000000   Code   RO         2666    .ARM.Collect$$libinit$$0000001D  c_w.l(libinit2.o)
    0x08000162   0x08000162   0x00000000   Code   RO         2668    .ARM.Collect$$libinit$$0000001F  c_w.l(libinit2.o)
    0x08000162   0x08000162   0x00000000   Code   RO         2670    .ARM.Collect$$libinit$$00000021  c_w.l(libinit2.o)
    0x08000162   0x08000162   0x00000000   Code   RO         2672    .ARM.Collect$$libinit$$00000023  c_w.l(libinit2.o)
    0x08000162   0x08000162   0x00000000   Code   RO         2674    .ARM.Collect$$libinit$$00000025  c_w.l(libinit2.o)
    0x08000162   0x08000162   0x00000000   Code   RO         2678    .ARM.Collect$$libinit$$0000002C  c_w.l(libinit2.o)
    0x08000162   0x08000162   0x00000000   Code   RO         2680    .ARM.Collect$$libinit$$0000002E  c_w.l(libinit2.o)
    0x08000162   0x08000162   0x00000000   Code   RO         2682    .ARM.Collect$$libinit$$00000030  c_w.l(libinit2.o)
    0x08000162   0x08000162   0x00000000   Code   RO         2684    .ARM.Collect$$libinit$$00000032  c_w.l(libinit2.o)
    0x08000162   0x08000162   0x00000002   Code   RO         2685    .ARM.Collect$$libinit$$00000033  c_w.l(libinit2.o)
    0x08000164   0x08000164   0x00000002   Code   RO         2705    .ARM.Collect$$libshutdown$$00000000  c_w.l(libshutdown.o)
    0x08000166   0x08000166   0x00000000   Code   RO         2718    .ARM.Collect$$libshutdown$$00000002  c_w.l(libshutdown2.o)
    0x08000166   0x08000166   0x00000000   Code   RO         2720    .ARM.Collect$$libshutdown$$00000004  c_w.l(libshutdown2.o)
    0x08000166   0x08000166   0x00000000   Code   RO         2723    .ARM.Collect$$libshutdown$$00000007  c_w.l(libshutdown2.o)
    0x08000166   0x08000166   0x00000000   Code   RO         2726    .ARM.Collect$$libshutdown$$0000000A  c_w.l(libshutdown2.o)
    0x08000166   0x08000166   0x00000000   Code   RO         2728    .ARM.Collect$$libshutdown$$0000000C  c_w.l(libshutdown2.o)
    0x08000166   0x08000166   0x00000000   Code   RO         2731    .ARM.Collect$$libshutdown$$0000000F  c_w.l(libshutdown2.o)
    0x08000166   0x08000166   0x00000002   Code   RO         2732    .ARM.Collect$$libshutdown$$00000010  c_w.l(libshutdown2.o)
    0x08000168   0x08000168   0x00000000   Code   RO         2608    .ARM.Collect$$rtentry$$00000000  c_w.l(__rtentry.o)
    0x08000168   0x08000168   0x00000000   Code   RO         2612    .ARM.Collect$$rtentry$$00000002  c_w.l(__rtentry2.o)
    0x08000168   0x08000168   0x00000006   Code   RO         2624    .ARM.Collect$$rtentry$$00000004  c_w.l(__rtentry4.o)
    0x0800016e   0x0800016e   0x00000000   Code   RO         2614    .ARM.Collect$$rtentry$$00000009  c_w.l(__rtentry2.o)
    0x0800016e   0x0800016e   0x00000004   Code   RO         2615    .ARM.Collect$$rtentry$$0000000A  c_w.l(__rtentry2.o)
    0x08000172   0x08000172   0x00000000   Code   RO         2617    .ARM.Collect$$rtentry$$0000000C  c_w.l(__rtentry2.o)
    0x08000172   0x08000172   0x00000008   Code   RO         2618    .ARM.Collect$$rtentry$$0000000D  c_w.l(__rtentry2.o)
    0x0800017a   0x0800017a   0x00000002   Code   RO         2639    .ARM.Collect$$rtexit$$00000000  c_w.l(rtexit.o)
    0x0800017c   0x0800017c   0x00000000   Code   RO         2687    .ARM.Collect$$rtexit$$00000002  c_w.l(rtexit2.o)
    0x0800017c   0x0800017c   0x00000004   Code   RO         2688    .ARM.Collect$$rtexit$$00000003  c_w.l(rtexit2.o)
    0x08000180   0x08000180   0x00000006   Code   RO         2689    .ARM.Collect$$rtexit$$00000004  c_w.l(rtexit2.o)
    0x08000186   0x08000186   0x00000002   PAD
    0x08000188   0x08000188   0x00000040   Code   RO            4    .text               startup_stm32f103xb.o
    0x080001c8   0x080001c8   0x00000058   Code   RO         2598    .text               c_w.l(memcmp.o)
    0x08000220   0x08000220   0x0000008a   Code   RO         2600    .text               c_w.l(rt_memcpy_v6.o)
    0x080002aa   0x080002aa   0x0000004e   Code   RO         2602    .text               c_w.l(rt_memclr_w.o)
    0x080002f8   0x080002f8   0x00000006   Code   RO         2604    .text               c_w.l(heapauxi.o)
    0x080002fe   0x080002fe   0x00000064   Code   RO         2609    .text               c_w.l(rt_memcpy_w.o)
    0x08000362   0x08000362   0x0000004a   Code   RO         2626    .text               c_w.l(sys_stackheap_outer.o)
    0x080003ac   0x080003ac   0x00000012   Code   RO         2628    .text               c_w.l(exit.o)
    0x080003be   0x080003be   0x00000002   PAD
    0x080003c0   0x080003c0   0x00000008   Code   RO         2636    .text               c_w.l(libspace.o)
    0x080003c8   0x080003c8   0x0000000c   Code   RO         2697    .text               c_w.l(sys_exit.o)
    0x080003d4   0x080003d4   0x00000002   Code   RO         2708    .text               c_w.l(use_no_semi.o)
    0x080003d6   0x080003d6   0x00000000   Code   RO         2710    .text               c_w.l(indicate_semi.o)
    0x080003d6   0x080003d6   0x00000002   PAD
    0x080003d8   0x080003d8   0x00000074   Code   RO         2463    i.AS608_HandShake   as608.o
    0x0800044c   0x0800044c   0x00000028   Code   RO         2464    i.AS608_Init        as608.o
    0x08000474   0x08000474   0x0000006c   Code   RO         2468    i.AS608_ReceivePacket  as608.o
    0x080004e0   0x080004e0   0x000000b4   Code   RO         2471    i.AS608_SendCommand  as608.o
    0x08000594   0x08000594   0x000000bc   Code   RO         2472    i.AS608_SimpleHandShake  as608.o
    0x08000650   0x08000650   0x00000002   Code   RO          274    i.BusFault_Handler  stm32f1xx_it.o
    0x08000652   0x08000652   0x00000002   Code   RO          275    i.DebugMon_Handler  stm32f1xx_it.o
    0x08000654   0x08000654   0x00000004   Code   RO           13    i.Error_Handler     main.o
    0x08000658   0x08000658   0x00000046   Code   RO         1131    i.HAL_DMA_Abort     stm32f1xx_hal_dma.o
    0x0800069e   0x0800069e   0x00000002   PAD
    0x080006a0   0x080006a0   0x00000098   Code   RO         1132    i.HAL_DMA_Abort_IT  stm32f1xx_hal_dma.o
    0x08000738   0x08000738   0x00000024   Code   RO          757    i.HAL_Delay         stm32f1xx_hal.o
    0x0800075c   0x0800075c   0x000001e0   Code   RO         1067    i.HAL_GPIO_Init     stm32f1xx_hal_gpio.o
    0x0800093c   0x0800093c   0x0000000a   Code   RO         1069    i.HAL_GPIO_ReadPin  stm32f1xx_hal_gpio.o
    0x08000946   0x08000946   0x0000000a   Code   RO         1071    i.HAL_GPIO_WritePin  stm32f1xx_hal_gpio.o
    0x08000950   0x08000950   0x0000000c   Code   RO          761    i.HAL_GetTick       stm32f1xx_hal.o
    0x0800095c   0x0800095c   0x00000010   Code   RO          767    i.HAL_IncTick       stm32f1xx_hal.o
    0x0800096c   0x0800096c   0x00000024   Code   RO          768    i.HAL_Init          stm32f1xx_hal.o
    0x08000990   0x08000990   0x00000040   Code   RO          769    i.HAL_InitTick      stm32f1xx_hal.o
    0x080009d0   0x080009d0   0x0000003c   Code   RO          368    i.HAL_MspInit       stm32f1xx_hal_msp.o
    0x08000a0c   0x08000a0c   0x0000001a   Code   RO         1227    i.HAL_NVIC_EnableIRQ  stm32f1xx_hal_cortex.o
    0x08000a26   0x08000a26   0x00000002   PAD
    0x08000a28   0x08000a28   0x00000040   Code   RO         1233    i.HAL_NVIC_SetPriority  stm32f1xx_hal_cortex.o
    0x08000a68   0x08000a68   0x00000024   Code   RO         1234    i.HAL_NVIC_SetPriorityGrouping  stm32f1xx_hal_cortex.o
    0x08000a8c   0x08000a8c   0x0000012c   Code   RO          925    i.HAL_RCC_ClockConfig  stm32f1xx_hal_rcc.o
    0x08000bb8   0x08000bb8   0x00000020   Code   RO          932    i.HAL_RCC_GetPCLK1Freq  stm32f1xx_hal_rcc.o
    0x08000bd8   0x08000bd8   0x00000020   Code   RO          933    i.HAL_RCC_GetPCLK2Freq  stm32f1xx_hal_rcc.o
    0x08000bf8   0x08000bf8   0x0000004c   Code   RO          934    i.HAL_RCC_GetSysClockFreq  stm32f1xx_hal_rcc.o
    0x08000c44   0x08000c44   0x00000320   Code   RO          937    i.HAL_RCC_OscConfig  stm32f1xx_hal_rcc.o
    0x08000f64   0x08000f64   0x00000002   Code   RO          435    i.HAL_SPI_ErrorCallback  stm32f1xx_hal_spi.o
    0x08000f66   0x08000f66   0x00000002   PAD
    0x08000f68   0x08000f68   0x000000e0   Code   RO          438    i.HAL_SPI_IRQHandler  stm32f1xx_hal_spi.o
    0x08001048   0x08001048   0x000000b2   Code   RO          439    i.HAL_SPI_Init      stm32f1xx_hal_spi.o
    0x080010fa   0x080010fa   0x00000002   PAD
    0x080010fc   0x080010fc   0x00000080   Code   RO          191    i.HAL_SPI_MspInit   spi.o
    0x0800117c   0x0800117c   0x000001f0   Code   RO          448    i.HAL_SPI_TransmitReceive  stm32f1xx_hal_spi.o
    0x0800136c   0x0800136c   0x00000028   Code   RO         1238    i.HAL_SYSTICK_Config  stm32f1xx_hal_cortex.o
    0x08001394   0x08001394   0x00000002   Code   RO         1739    i.HAL_UARTEx_RxEventCallback  stm32f1xx_hal_uart.o
    0x08001396   0x08001396   0x00000002   Code   RO         1753    i.HAL_UART_ErrorCallback  stm32f1xx_hal_uart.o
    0x08001398   0x08001398   0x0000026c   Code   RO         1756    i.HAL_UART_IRQHandler  stm32f1xx_hal_uart.o
    0x08001604   0x08001604   0x00000064   Code   RO         1757    i.HAL_UART_Init     stm32f1xx_hal_uart.o
    0x08001668   0x08001668   0x00000080   Code   RO          233    i.HAL_UART_MspInit  usart.o
    0x080016e8   0x080016e8   0x0000001c   Code   RO         1762    i.HAL_UART_Receive_IT  stm32f1xx_hal_uart.o
    0x08001704   0x08001704   0x0000003c   Code   RO          276    i.HAL_UART_RxCpltCallback  stm32f1xx_it.o
    0x08001740   0x08001740   0x000000a0   Code   RO         1765    i.HAL_UART_Transmit  stm32f1xx_hal_uart.o
    0x080017e0   0x080017e0   0x00000002   Code   RO         1768    i.HAL_UART_TxCpltCallback  stm32f1xx_hal_uart.o
    0x080017e2   0x080017e2   0x00000002   Code   RO          277    i.HardFault_Handler  stm32f1xx_it.o
    0x080017e4   0x080017e4   0x00000044   Code   RO         2128    i.I2C_Start         oled.o
    0x08001828   0x08001828   0x00000034   Code   RO         2129    i.I2C_Stop          oled.o
    0x0800185c   0x0800185c   0x00000038   Code   RO         2130    i.I2C_WaitAck       oled.o
    0x08001894   0x08001894   0x0000000a   Code   RO         2131    i.IIC_delay         oled.o
    0x0800189e   0x0800189e   0x00000018   Code   RO         2317    i.MFRC_ClrBitMask   rc522.o
    0x080018b6   0x080018b6   0x00000002   PAD
    0x080018b8   0x080018b8   0x00000120   Code   RO         2318    i.MFRC_CmdFrame     rc522.o
    0x080019d8   0x080019d8   0x00000024   Code   RO         2319    i.MFRC_Init         rc522.o
    0x080019fc   0x080019fc   0x00000038   Code   RO         2320    i.MFRC_ReadReg      rc522.o
    0x08001a34   0x08001a34   0x00000018   Code   RO         2321    i.MFRC_SetBitMask   rc522.o
    0x08001a4c   0x08001a4c   0x00000034   Code   RO         2322    i.MFRC_WriteReg     rc522.o
    0x08001a80   0x08001a80   0x000000f0   Code   RO          166    i.MX_GPIO_Init      gpio.o
    0x08001b70   0x08001b70   0x00000048   Code   RO          192    i.MX_SPI1_Init      spi.o
    0x08001bb8   0x08001bb8   0x00000048   Code   RO          234    i.MX_USART3_UART_Init  usart.o
    0x08001c00   0x08001c00   0x00000034   Code   RO         2283    i.Matrix_Keyboard_Init  matrix_keyboard.o
    0x08001c34   0x08001c34   0x00000194   Code   RO         2284    i.Matrix_Keyboard_Scan  matrix_keyboard.o
    0x08001dc8   0x08001dc8   0x00000002   Code   RO          278    i.MemManage_Handler  stm32f1xx_it.o
    0x08001dca   0x08001dca   0x00000002   Code   RO          279    i.NMI_Handler       stm32f1xx_it.o
    0x08001dcc   0x08001dcc   0x0000002c   Code   RO         2132    i.OLED_Clear        oled.o
    0x08001df8   0x08001df8   0x0000002c   Code   RO         2139    i.OLED_DrawPoint    oled.o
    0x08001e24   0x08001e24   0x000000da   Code   RO         2140    i.OLED_Init         oled.o
    0x08001efe   0x08001efe   0x00000010   Code   RO         2141    i.OLED_Pow          oled.o
    0x08001f0e   0x08001f0e   0x00000002   PAD
    0x08001f10   0x08001f10   0x00000068   Code   RO         2142    i.OLED_Refresh      oled.o
    0x08001f78   0x08001f78   0x000000e4   Code   RO         2143    i.OLED_ShowChar     oled.o
    0x0800205c   0x0800205c   0x0000006e   Code   RO         2144    i.OLED_ShowNum      oled.o
    0x080020ca   0x080020ca   0x0000003c   Code   RO         2146    i.OLED_ShowString   oled.o
    0x08002106   0x08002106   0x00000036   Code   RO         2147    i.OLED_WR_Byte      oled.o
    0x0800213c   0x0800213c   0x00000008   Code   RO         2323    i.PCD_AntennaOff    rc522.o
    0x08002144   0x08002144   0x0000001a   Code   RO         2324    i.PCD_AntennaOn     rc522.o
    0x0800215e   0x0800215e   0x0000006a   Code   RO         2325    i.PCD_Anticoll      rc522.o
    0x080021c8   0x080021c8   0x00000016   Code   RO         2329    i.PCD_Init          rc522.o
    0x080021de   0x080021de   0x00000050   Code   RO         2331    i.PCD_Request       rc522.o
    0x0800222e   0x0800222e   0x00000002   PAD
    0x08002230   0x08002230   0x00000088   Code   RO         2332    i.PCD_Reset         rc522.o
    0x080022b8   0x080022b8   0x00000002   Code   RO          280    i.PendSV_Handler    stm32f1xx_it.o
    0x080022ba   0x080022ba   0x00000002   PAD
    0x080022bc   0x080022bc   0x0000000c   Code   RO          281    i.SPI1_IRQHandler   stm32f1xx_it.o
    0x080022c8   0x080022c8   0x00000020   Code   RO         2336    i.SPI1_RW_Byte      rc522.o
    0x080022e8   0x080022e8   0x00000010   Code   RO          466    i.SPI_DMAAbortOnError  stm32f1xx_hal_spi.o
    0x080022f8   0x080022f8   0x00000034   Code   RO          477    i.SPI_EndRxTxTransaction  stm32f1xx_hal_spi.o
    0x0800232c   0x0800232c   0x000000b8   Code   RO          482    i.SPI_WaitFlagStateUntilTimeout  stm32f1xx_hal_spi.o
    0x080023e4   0x080023e4   0x00000002   Code   RO          282    i.SVC_Handler       stm32f1xx_it.o
    0x080023e6   0x080023e6   0x00000002   PAD
    0x080023e8   0x080023e8   0x00000054   Code   RO         2148    i.Send_Byte         oled.o
    0x0800243c   0x0800243c   0x00000004   Code   RO          283    i.SysTick_Handler   stm32f1xx_it.o
    0x08002440   0x08002440   0x0000005e   Code   RO           14    i.SystemClock_Config  main.o
    0x0800249e   0x0800249e   0x00000002   Code   RO         2091    i.SystemInit        system_stm32f1xx.o
    0x080024a0   0x080024a0   0x00000010   Code   RO         1770    i.UART_DMAAbortOnError  stm32f1xx_hal_uart.o
    0x080024b0   0x080024b0   0x0000004e   Code   RO         1780    i.UART_EndRxTransfer  stm32f1xx_hal_uart.o
    0x080024fe   0x080024fe   0x000000c2   Code   RO         1782    i.UART_Receive_IT   stm32f1xx_hal_uart.o
    0x080025c0   0x080025c0   0x000000b8   Code   RO         1783    i.UART_SetConfig    stm32f1xx_hal_uart.o
    0x08002678   0x08002678   0x00000036   Code   RO         1785    i.UART_Start_Receive_IT  stm32f1xx_hal_uart.o
    0x080026ae   0x080026ae   0x00000072   Code   RO         1786    i.UART_WaitOnFlagUntilTimeout  stm32f1xx_hal_uart.o
    0x08002720   0x08002720   0x0000000c   Code   RO          284    i.USART3_IRQHandler  stm32f1xx_it.o
    0x0800272c   0x0800272c   0x00000002   Code   RO          285    i.UsageFault_Handler  stm32f1xx_it.o
    0x0800272e   0x0800272e   0x00000020   Code   RO         1240    i.__NVIC_SetPriority  stm32f1xx_hal_cortex.o
    0x0800274e   0x0800274e   0x00000002   PAD
    0x08002750   0x08002750   0x0000026c   Code   RO           15    i.main              main.o
    0x080029bc   0x080029bc   0x00000012   Data   RO          938    .constdata          stm32f1xx_hal_rcc.o
    0x080029ce   0x080029ce   0x00000010   Data   RO         2092    .constdata          system_stm32f1xx.o
    0x080029de   0x080029de   0x00000008   Data   RO         2093    .constdata          system_stm32f1xx.o
    0x080029e6   0x080029e6   0x000019e8   Data   RO         2150    .constdata          oled.o
    0x080043ce   0x080043ce   0x00000002   PAD
    0x080043d0   0x080043d0   0x00000020   Data   RO         2763    Region$$Table       anon$$obj.o


    Execution Region RW_IRAM1 (Exec base: 0x20000000, Load base: 0x080043f0, Size: 0x00000ca0, Max: 0x00005000, ABSOLUTE)

    Exec Addr    Load Addr    Size         Type   Attr      Idx    E Section Name        Object

    0x20000000   0x080043f0   0x00000005   Data   RW           16    .data               main.o
    0x20000005   0x080043f5   0x00000003   PAD
    0x20000008   0x080043f8   0x0000000c   Data   RW          775    .data               stm32f1xx_hal.o
    0x20000014   0x08004404   0x00000004   Data   RW         2094    .data               system_stm32f1xx.o
    0x20000018   0x08004408   0x00000008   Data   RW         2478    .data               as608.o
    0x20000020        -       0x00000058   Zero   RW          193    .bss                spi.o
    0x20000078        -       0x00000048   Zero   RW          235    .bss                usart.o
    0x200000c0        -       0x00000480   Zero   RW         2149    .bss                oled.o
    0x20000540        -       0x00000100   Zero   RW         2477    .bss                as608.o
    0x20000640        -       0x00000060   Zero   RW         2637    .bss                c_w.l(libspace.o)
    0x200006a0        -       0x00000200   Zero   RW            2    HEAP                startup_stm32f103xb.o
    0x200008a0        -       0x00000400   Zero   RW            1    STACK               startup_stm32f103xb.o


==============================================================================

Image component sizes


      Code (inc. data)   RO Data    RW Data    ZI Data      Debug   Object Name

       632         34          0          8        256       7497   as608.o
       240         16          0          0          0       1019   gpio.o
       718        148          0          5          0     402652   main.o
       456         12          0          0          0       1338   matrix_keyboard.o
      1148         48       6632          0       1152       9675   oled.o
       890         34          0          0          0       8171   rc522.o
       200         24          0          0         88       1709   spi.o
        64         26        236          0       1536        824   startup_stm32f103xb.o
       164         28          0         12          0       5997   stm32f1xx_hal.o
       198         14          0          0          0      29007   stm32f1xx_hal_cortex.o
       222          4          0          0          0       1807   stm32f1xx_hal_dma.o
       500         34          0          0          0       3567   stm32f1xx_hal_gpio.o
        60          8          0          0          0        898   stm32f1xx_hal_msp.o
      1240         84         18          0          0       5184   stm32f1xx_hal_rcc.o
      1152          8          0          0          0       6818   stm32f1xx_hal_spi.o
      1554         10          0          0          0      11124   stm32f1xx_hal_uart.o
       104         24          0          0          0       5790   stm32f1xx_it.o
         2          0         24          4          0       1155   system_stm32f1xx.o
       200         24          0          0         72       1746   usart.o

    ----------------------------------------------------------------------
      9764        580       6944         32       3104     505978   Object Totals
         0          0         32          0          0          0   (incl. Generated)
        20          0          2          3          0          0   (incl. Padding)

    ----------------------------------------------------------------------

      Code (inc. data)   RO Data    RW Data    ZI Data      Debug   Library Member Name

         8          0          0          0          0         68   __main.o
         0          0          0          0          0          0   __rtentry.o
        12          0          0          0          0          0   __rtentry2.o
         6          0          0          0          0          0   __rtentry4.o
        52          8          0          0          0          0   __scatter.o
        26          0          0          0          0          0   __scatter_copy.o
        28          0          0          0          0          0   __scatter_zi.o
        18          0          0          0          0         80   exit.o
         6          0          0          0          0        152   heapauxi.o
         0          0          0          0          0          0   indicate_semi.o
         2          0          0          0          0          0   libinit.o
         2          0          0          0          0          0   libinit2.o
         2          0          0          0          0          0   libshutdown.o
         2          0          0          0          0          0   libshutdown2.o
         8          4          0          0         96         68   libspace.o
        88          0          0          0          0         76   memcmp.o
        78          0          0          0          0         80   rt_memclr_w.o
       138          0          0          0          0         68   rt_memcpy_v6.o
       100          0          0          0          0         80   rt_memcpy_w.o
         2          0          0          0          0          0   rtexit.o
        10          0          0          0          0          0   rtexit2.o
        12          4          0          0          0         68   sys_exit.o
        74          0          0          0          0         80   sys_stackheap_outer.o
         2          0          0          0          0         68   use_no_semi.o

    ----------------------------------------------------------------------
       684         16          0          0         96        888   Library Totals
         8          0          0          0          0          0   (incl. Padding)

    ----------------------------------------------------------------------

      Code (inc. data)   RO Data    RW Data    ZI Data      Debug   Library Name

       676         16          0          0         96        888   c_w.l

    ----------------------------------------------------------------------
       684         16          0          0         96        888   Library Totals

    ----------------------------------------------------------------------

==============================================================================


      Code (inc. data)   RO Data    RW Data    ZI Data      Debug   

     10448        596       6944         32       3200     501766   Grand Totals
     10448        596       6944         32       3200     501766   ELF Image Totals
     10448        596       6944         32          0          0   ROM Totals

==============================================================================

    Total RO  Size (Code + RO Data)                17392 (  16.98kB)
    Total RW  Size (RW Data + ZI Data)              3232 (   3.16kB)
    Total ROM Size (Code + RO Data + RW Data)      17424 (  17.02kB)

==============================================================================

