Component: ARM Compiler 5.06 update 6 (build 750) Tool: armlink [4d35ed]

==============================================================================

Section Cross References

    startup_stm32f103xb.o(STACK) refers (Special) to heapauxi.o(.text) for __use_two_region_memory
    startup_stm32f103xb.o(HEAP) refers (Special) to heapauxi.o(.text) for __use_two_region_memory
    startup_stm32f103xb.o(RESET) refers (Special) to heapauxi.o(.text) for __use_two_region_memory
    startup_stm32f103xb.o(RESET) refers to startup_stm32f103xb.o(STACK) for __initial_sp
    startup_stm32f103xb.o(RESET) refers to startup_stm32f103xb.o(.text) for Reset_Handler
    startup_stm32f103xb.o(RESET) refers to stm32f1xx_it.o(i.NMI_Handler) for NMI_Handler
    startup_stm32f103xb.o(RESET) refers to stm32f1xx_it.o(i.HardFault_Handler) for HardFault_Handler
    startup_stm32f103xb.o(RESET) refers to stm32f1xx_it.o(i.MemManage_Handler) for MemManage_Handler
    startup_stm32f103xb.o(RESET) refers to stm32f1xx_it.o(i.BusFault_Handler) for BusFault_Handler
    startup_stm32f103xb.o(RESET) refers to stm32f1xx_it.o(i.UsageFault_Handler) for UsageFault_Handler
    startup_stm32f103xb.o(RESET) refers to stm32f1xx_it.o(i.SVC_Handler) for SVC_Handler
    startup_stm32f103xb.o(RESET) refers to stm32f1xx_it.o(i.DebugMon_Handler) for DebugMon_Handler
    startup_stm32f103xb.o(RESET) refers to stm32f1xx_it.o(i.PendSV_Handler) for PendSV_Handler
    startup_stm32f103xb.o(RESET) refers to stm32f1xx_it.o(i.SysTick_Handler) for SysTick_Handler
    startup_stm32f103xb.o(RESET) refers to stm32f1xx_it.o(i.SPI1_IRQHandler) for SPI1_IRQHandler
    startup_stm32f103xb.o(RESET) refers to stm32f1xx_it.o(i.USART2_IRQHandler) for USART2_IRQHandler
    startup_stm32f103xb.o(RESET) refers to stm32f1xx_it.o(i.USART3_IRQHandler) for USART3_IRQHandler
    startup_stm32f103xb.o(.text) refers (Special) to heapauxi.o(.text) for __use_two_region_memory
    startup_stm32f103xb.o(.text) refers to system_stm32f1xx.o(i.SystemInit) for SystemInit
    startup_stm32f103xb.o(.text) refers to __main.o(!!!main) for __main
    startup_stm32f103xb.o(.text) refers to startup_stm32f103xb.o(HEAP) for Heap_Mem
    startup_stm32f103xb.o(.text) refers to startup_stm32f103xb.o(STACK) for Stack_Mem
    main.o(i.AddNFCID) refers to main.o(i.WriteNFCIDsToFlash) for WriteNFCIDsToFlash
    main.o(i.AddNFCID) refers to main.o(.data) for .data
    main.o(i.AddNFCID) refers to main.o(.bss) for .bss
    main.o(i.CheckNFCIDExists) refers to memcmp.o(.text) for memcmp
    main.o(i.CheckNFCIDExists) refers to main.o(.bss) for .bss
    main.o(i.CheckNFCIDExists) refers to main.o(.data) for .data
    main.o(i.ReadNFCIDsFromFlash) refers to main.o(.data) for .data
    main.o(i.ReadNFCIDsFromFlash) refers to main.o(.bss) for .bss
    main.o(i.RemoveNFCID) refers to memcmp.o(.text) for memcmp
    main.o(i.RemoveNFCID) refers to main.o(i.WriteNFCIDsToFlash) for WriteNFCIDsToFlash
    main.o(i.RemoveNFCID) refers to main.o(.bss) for .bss
    main.o(i.RemoveNFCID) refers to main.o(.data) for .data
    main.o(i.SystemClock_Config) refers to rt_memclr_w.o(.text) for __aeabi_memclr4
    main.o(i.SystemClock_Config) refers to stm32f1xx_hal_rcc.o(i.HAL_RCC_OscConfig) for HAL_RCC_OscConfig
    main.o(i.SystemClock_Config) refers to stm32f1xx_hal_rcc.o(i.HAL_RCC_ClockConfig) for HAL_RCC_ClockConfig
    main.o(i.VerifyPIN) refers to oled.o(i.OLED_Clear) for OLED_Clear
    main.o(i.VerifyPIN) refers to oled.o(i.OLED_ShowString) for OLED_ShowString
    main.o(i.VerifyPIN) refers to oled.o(i.OLED_Refresh) for OLED_Refresh
    main.o(i.VerifyPIN) refers to stm32f1xx_hal.o(i.HAL_Delay) for HAL_Delay
    main.o(i.VerifyPIN) refers to matrix_keyboard.o(i.Matrix_Keyboard_Scan) for Matrix_Keyboard_Scan
    main.o(i.VerifyPIN) refers to oled.o(i.OLED_ShowNum) for OLED_ShowNum
    main.o(i.VerifyPIN) refers to main.o(.data) for .data
    main.o(i.WriteNFCIDsToFlash) refers to stm32f1xx_hal_flash.o(i.HAL_FLASH_Unlock) for HAL_FLASH_Unlock
    main.o(i.WriteNFCIDsToFlash) refers to stm32f1xx_hal_flash_ex.o(i.HAL_FLASHEx_Erase) for HAL_FLASHEx_Erase
    main.o(i.WriteNFCIDsToFlash) refers to stm32f1xx_hal_flash.o(i.HAL_FLASH_Program) for HAL_FLASH_Program
    main.o(i.WriteNFCIDsToFlash) refers to stm32f1xx_hal_flash.o(i.HAL_FLASH_Lock) for HAL_FLASH_Lock
    main.o(i.WriteNFCIDsToFlash) refers to main.o(.data) for .data
    main.o(i.WriteNFCIDsToFlash) refers to main.o(.bss) for .bss
    main.o(i.WritePINToFlash) refers to stm32f1xx_hal_flash.o(i.HAL_FLASH_Unlock) for HAL_FLASH_Unlock
    main.o(i.WritePINToFlash) refers to stm32f1xx_hal_flash_ex.o(i.HAL_FLASHEx_Erase) for HAL_FLASHEx_Erase
    main.o(i.WritePINToFlash) refers to stm32f1xx_hal_flash.o(i.HAL_FLASH_Program) for HAL_FLASH_Program
    main.o(i.WritePINToFlash) refers to stm32f1xx_hal_flash.o(i.HAL_FLASH_Lock) for HAL_FLASH_Lock
    main.o(i.WritePINToFlash) refers to main.o(.data) for .data
    main.o(i.WritePINToFlash) refers to main.o(.bss) for .bss
[...]
    .ARM.Collect$$libinit$$0000000C          0x0800016c   Section        0  libinit2.o(.ARM.Collect$$libinit$$0000000C)
    .ARM.Collect$$libinit$$0000000E          0x0800016c   Section        0  libinit2.o(.ARM.Collect$$libinit$$0000000E)
    .ARM.Collect$$libinit$$00000011          0x0800016c   Section        0  libinit2.o(.ARM.Collect$$libinit$$00000011)
    .ARM.Collect$$libinit$$00000013          0x0800016c   Section        0  libinit2.o(.ARM.Collect$$libinit$$00000013)
    .ARM.Collect$$libinit$$00000015          0x0800016c   Section        0  libinit2.o(.ARM.Collect$$libinit$$00000015)
    .ARM.Collect$$libinit$$00000017          0x0800016c   Section        0  libinit2.o(.ARM.Collect$$libinit$$00000017)
    .ARM.Collect$$libinit$$00000019          0x0800016c   Section        0  libinit2.o(.ARM.Collect$$libinit$$00000019)
    .ARM.Collect$$libinit$$0000001B          0x0800016c   Section        0  libinit2.o(.ARM.Collect$$libinit$$0000001B)
    .ARM.Collect$$libinit$$0000001D          0x0800016c   Section        0  libinit2.o(.ARM.Collect$$libinit$$0000001D)
    .ARM.Collect$$libinit$$0000001F          0x0800016c   Section        0  libinit2.o(.ARM.Collect$$libinit$$0000001F)
    .ARM.Collect$$libinit$$00000021          0x0800016c   Section        0  libinit2.o(.ARM.Collect$$libinit$$00000021)
    .ARM.Collect$$libinit$$00000023          0x0800016c   Section        0  libinit2.o(.ARM.Collect$$libinit$$00000023)
    .ARM.Collect$$libinit$$00000025          0x0800016c   Section        0  libinit2.o(.ARM.Collect$$libinit$$00000025)
    .ARM.Collect$$libinit$$0000002C          0x0800016c   Section        0  libinit2.o(.ARM.Collect$$libinit$$0000002C)
    .ARM.Collect$$libinit$$0000002E          0x0800016c   Section        0  libinit2.o(.ARM.Collect$$libinit$$0000002E)
    .ARM.Collect$$libinit$$00000030          0x0800016c   Section        0  libinit2.o(.ARM.Collect$$libinit$$00000030)
    .ARM.Collect$$libinit$$00000032          0x0800016c   Section        0  libinit2.o(.ARM.Collect$$libinit$$00000032)
    .ARM.Collect$$libinit$$00000033          0x0800016c   Section        2  libinit2.o(.ARM.Collect$$libinit$$00000033)
    .ARM.Collect$$libshutdown$$00000000      0x0800016e   Section        2  libshutdown.o(.ARM.Collect$$libshutdown$$00000000)
    .ARM.Collect$$libshutdown$$00000002      0x08000170   Section        0  libshutdown2.o(.ARM.Collect$$libshutdown$$00000002)
    .ARM.Collect$$libshutdown$$00000004      0x08000170   Section        0  libshutdown2.o(.ARM.Collect$$libshutdown$$00000004)
    .ARM.Collect$$libshutdown$$00000007      0x08000170   Section        0  libshutdown2.o(.ARM.Collect$$libshutdown$$00000007)
    .ARM.Collect$$libshutdown$$0000000A      0x08000170   Section        0  libshutdown2.o(.ARM.Collect$$libshutdown$$0000000A)
    .ARM.Collect$$libshutdown$$0000000C      0x08000170   Section        0  libshutdown2.o(.ARM.Collect$$libshutdown$$0000000C)
    .ARM.Collect$$libshutdown$$0000000F      0x08000170   Section        0  libshutdown2.o(.ARM.Collect$$libshutdown$$0000000F)
    .ARM.Collect$$libshutdown$$00000010      0x08000170   Section        2  libshutdown2.o(.ARM.Collect$$libshutdown$$00000010)
    .ARM.Collect$$rtentry$$00000000          0x08000172   Section        0  __rtentry.o(.ARM.Collect$$rtentry$$00000000)
    .ARM.Collect$$rtentry$$00000002          0x08000172   Section        0  __rtentry2.o(.ARM.Collect$$rtentry$$00000002)
    .ARM.Collect$$rtentry$$00000004          0x08000172   Section        6  __rtentry4.o(.ARM.Collect$$rtentry$$00000004)
    .ARM.Collect$$rtentry$$00000009          0x08000178   Section        0  __rtentry2.o(.ARM.Collect$$rtentry$$00000009)
    .ARM.Collect$$rtentry$$0000000A          0x08000178   Section        4  __rtentry2.o(.ARM.Collect$$rtentry$$0000000A)
    .ARM.Collect$$rtentry$$0000000C          0x0800017c   Section        0  __rtentry2.o(.ARM.Collect$$rtentry$$0000000C)
    .ARM.Collect$$rtentry$$0000000D          0x0800017c   Section        8  __rtentry2.o(.ARM.Collect$$rtentry$$0000000D)
    .ARM.Collect$$rtexit$$00000000           0x08000184   Section        2  rtexit.o(.ARM.Collect$$rtexit$$00000000)
    .ARM.Collect$$rtexit$$00000002           0x08000186   Section        0  rtexit2.o(.ARM.Collect$$rtexit$$00000002)
    .ARM.Collect$$rtexit$$00000003           0x08000186   Section        4  rtexit2.o(.ARM.Collect$$rtexit$$00000003)
    .ARM.Collect$$rtexit$$00000004           0x0800018a   Section        6  rtexit2.o(.ARM.Collect$$rtexit$$00000004)
    .text                                    0x08000190   Section       64  startup_stm32f103xb.o(.text)
    .text                                    0x080001d0   Section       38  llushr.o(.text)
    .text                                    0x080001f8   Section        0  noretval__2sprintf.o(.text)
    .text                                    0x08000220   Section        0  __printf.o(.text)
    .text                                    0x08000288   Section        0  _printf_dec.o(.text)
    .text                                    0x08000300   Section        0  memcmp.o(.text)
    .text                                    0x08000358   Section        0  strlen.o(.text)
    .text                                    0x08000396   Section      138  rt_memcpy_v6.o(.text)
    .text                                    0x08000420   Section      100  rt_memcpy_w.o(.text)
    .text                                    0x08000484   Section       78  rt_memclr_w.o(.text)
    .text                                    0x080004d2   Section        0  heapauxi.o(.text)
    .text                                    0x080004d8   Section        0  _printf_intcommon.o(.text)
    .text                                    0x0800058c   Section        0  _printf_char_common.o(.text)
    _printf_input_char                       0x0800058d   Thumb Code    10  _printf_char_common.o(.text)
    .text                                    0x080005bc   Section        0  _sputc.o(.text)
    .text                                    0x080005c6   Section       74  sys_stackheap_outer.o(.text)
    .text                                    0x08000610   Section        0  exit.o(.text)
    .text                                    0x08000624   Section        8  libspace.o(.text)
    .text                                    0x0800062c   Section        0  sys_exit.o(.text)
    .text                                    0x08000638   Section        2  use_no_semi.o(.text)
    .text                                    0x0800063a   Section        0  indicate_semi.o(.text)
    i.AS608_DeleteChar                       0x0800063a   Section        0  as608.o(i.AS608_DeleteChar)
    i.AS608_Enroll                           0x08000678   Section        0  as608.o(i.AS608_Enroll)
    i.AS608_GenChar                          0x080006be   Section        0  as608.o(i.AS608_GenChar)
    i.AS608_GetErrorString                   0x080006ec   Section        0  as608.o(i.AS608_GetErrorString)
    i.AS608_GetImage                         0x0800092c   Section        0  as608.o(i.AS608_GetImage)
    i.AS608_HandShake                        0x08000958   Section        0  as608.o(i.AS608_HandShake)
    i.AS608_Init                             0x080009cc   Section        0  as608.o(i.AS608_Init)
    i.AS608_ReceivePacket                    0x080009f4   Section        0  as608.o(i.AS608_ReceivePacket)
    AS608_ReceivePacket                      0x080009f5   Thumb Code   100  as608.o(i.AS608_ReceivePacket)
    i.AS608_RegModel                         0x08000a60   Section        0  as608.o(i.AS608_RegModel)
    i.AS608_Search                           0x08000a8a   Section        0  as608.o(i.AS608_Search)
    i.AS608_SendCommand                      0x08000ae8   Section        0  as608.o(i.AS608_SendCommand)
    AS608_SendCommand                        0x08000ae9   Thumb Code   172  as608.o(i.AS608_SendCommand)
    i.AS608_SimpleHandShake                  0x08000b9c   Section        0  as608.o(i.AS608_SimpleHandShake)
    AS608_SimpleHandShake                    0x08000b9d   Thumb Code   176  as608.o(i.AS608_SimpleHandShake)
    i.AS608_StoreChar                        0x08000c58   Section        0  as608.o(i.AS608_StoreChar)
    i.AS608_VerifyFinger                     0x08000c90   Section        0  as608.o(i.AS608_VerifyFinger)
    i.AddNFCID                               0x08000cbc   Section        0  main.o(i.AddNFCID)
    i.BusFault_Handler                       0x08000cf0   Section        0  stm32f1xx_it.o(i.BusFault_Handler)
    i.CheckNFCIDExists                       0x08000cf4   Section        0  main.o(i.CheckNFCIDExists)
    i.DebugMon_Handler                       0x08000d30   Section        0  stm32f1xx_it.o(i.DebugMon_Handler)
    i.Error_Handler                          0x08000d32   Section        0  main.o(i.Error_Handler)
    i.FLASH_MassErase                        0x08000d38   Section        0  stm32f1xx_hal_flash_ex.o(i.FLASH_MassErase)
    FLASH_MassErase                          0x08000d39   Thumb Code    26  stm32f1xx_hal_flash_ex.o(i.FLASH_MassErase)
    i.FLASH_PageErase                        0x08000d5c   Section        0  stm32f1xx_hal_flash_ex.o(i.FLASH_PageErase)
    i.FLASH_Program_HalfWord                 0x08000d80   Section        0  stm32f1xx_hal_flash.o(i.FLASH_Program_HalfWord)
    FLASH_Program_HalfWord                   0x08000d81   Thumb Code    20  stm32f1xx_hal_flash.o(i.FLASH_Program_HalfWord)
    i.FLASH_SetErrorCode                     0x08000d9c   Section        0  stm32f1xx_hal_flash.o(i.FLASH_SetErrorCode)
    FLASH_SetErrorCode                       0x08000d9d   Thumb Code    84  stm32f1xx_hal_flash.o(i.FLASH_SetErrorCode)
    i.FLASH_WaitForLastOperation             0x08000df8   Section        0  stm32f1xx_hal_flash.o(i.FLASH_WaitForLastOperation)
    i.HAL_DMA_Abort                          0x08000e4c   Section        0  stm32f1xx_hal_dma.o(i.HAL_DMA_Abort)
    i.HAL_DMA_Abort_IT                       0x08000e94   Section        0  stm32f1xx_hal_dma.o(i.HAL_DMA_Abort_IT)
    i.HAL_Delay                              0x08000f2c   Section        0  stm32f1xx_hal.o(i.HAL_Delay)
    i.HAL_FLASHEx_Erase                      0x08000f50   Section        0  stm32f1xx_hal_flash_ex.o(i.HAL_FLASHEx_Erase)
    i.HAL_FLASH_Lock                         0x08000ff8   Section        0  stm32f1xx_hal_flash.o(i.HAL_FLASH_Lock)
    i.HAL_FLASH_Program                      0x0800100c   Section        0  stm32f1xx_hal_flash.o(i.HAL_FLASH_Program)
    i.HAL_FLASH_Unlock                       0x0800108c   Section        0  stm32f1xx_hal_flash.o(i.HAL_FLASH_Unlock)
    i.HAL_GPIO_Init                          0x080010b4   Section        0  stm32f1xx_hal_gpio.o(i.HAL_GPIO_Init)
    i.HAL_GPIO_ReadPin                       0x08001294   Section        0  stm32f1xx_hal_gpio.o(i.HAL_GPIO_ReadPin)
    i.HAL_GPIO_WritePin                      0x0800129e   Section        0  stm32f1xx_hal_gpio.o(i.HAL_GPIO_WritePin)
    i.HAL_GetTick                            0x080012a8   Section        0  stm32f1xx_hal.o(i.HAL_GetTick)
    i.HAL_IncTick                            0x080012b4   Section        0  stm32f1xx_hal.o(i.HAL_IncTick)
    i.HAL_Init                               0x080012c4   Section        0  stm32f1xx_hal.o(i.HAL_Init)
    i.HAL_InitTick                           0x080012e8   Section        0  stm32f1xx_hal.o(i.HAL_InitTick)
    i.HAL_MspInit                            0x08001328   Section        0  stm32f1xx_hal_msp.o(i.HAL_MspInit)
    i.HAL_NVIC_EnableIRQ                     0x08001364   Section        0  stm32f1xx_hal_cortex.o(i.HAL_NVIC_EnableIRQ)
    i.HAL_NVIC_SetPriority                   0x08001380   Section        0  stm32f1xx_hal_cortex.o(i.HAL_NVIC_SetPriority)
    i.HAL_NVIC_SetPriorityGrouping           0x080013c0   Section        0  stm32f1xx_hal_cortex.o(i.HAL_NVIC_SetPriorityGrouping)
    i.HAL_RCC_ClockConfig                    0x080013e4   Section        0  stm32f1xx_hal_rcc.o(i.HAL_RCC_ClockConfig)
    i.HAL_RCC_GetPCLK1Freq                   0x08001510   Section        0  stm32f1xx_hal_rcc.o(i.HAL_RCC_GetPCLK1Freq)
    i.HAL_RCC_GetPCLK2Freq                   0x08001530   Section        0  stm32f1xx_hal_rcc.o(i.HAL_RCC_GetPCLK2Freq)
    i.HAL_RCC_GetSysClockFreq                0x08001550   Section        0  stm32f1xx_hal_rcc.o(i.HAL_RCC_GetSysClockFreq)
    i.HAL_RCC_OscConfig                      0x0800159c   Section        0  stm32f1xx_hal_rcc.o(i.HAL_RCC_OscConfig)
    i.HAL_SPI_ErrorCallback                  0x080018bc   Section        0  stm32f1xx_hal_spi.o(i.HAL_SPI_ErrorCallback)
    i.HAL_SPI_IRQHandler                     0x080018c0   Section        0  stm32f1xx_hal_spi.o(i.HAL_SPI_IRQHandler)
    i.HAL_SPI_Init                           0x080019a0   Section        0  stm32f1xx_hal_spi.o(i.HAL_SPI_Init)
    i.HAL_SPI_MspInit                        0x08001a54   Section        0  spi.o(i.HAL_SPI_MspInit)
    i.HAL_SPI_TransmitReceive                0x08001ad4   Section        0  stm32f1xx_hal_spi.o(i.HAL_SPI_TransmitReceive)
    i.HAL_SYSTICK_Config                     0x08001cc4   Section        0  stm32f1xx_hal_cortex.o(i.HAL_SYSTICK_Config)
    i.HAL_TIMEx_MasterConfigSynchronization  0x08001cec   Section        0  stm32f1xx_hal_tim_ex.o(i.HAL_TIMEx_MasterConfigSynchronization)
    i.HAL_TIM_Base_Init                      0x08001d54   Section        0  stm32f1xx_hal_tim.o(i.HAL_TIM_Base_Init)
    i.HAL_TIM_Base_MspInit                   0x08001db0   Section        0  tim.o(i.HAL_TIM_Base_MspInit)
    i.HAL_TIM_ConfigClockSource              0x08001dd4   Section        0  stm32f1xx_hal_tim.o(i.HAL_TIM_ConfigClockSource)
    i.HAL_TIM_MspPostInit                    0x08001eb0   Section        0  tim.o(i.HAL_TIM_MspPostInit)
    i.HAL_TIM_PWM_ConfigChannel              0x08001f0c   Section        0  stm32f1xx_hal_tim.o(i.HAL_TIM_PWM_ConfigChannel)
    i.HAL_TIM_PWM_Init                       0x08001fd8   Section        0  stm32f1xx_hal_tim.o(i.HAL_TIM_PWM_Init)
    i.HAL_TIM_PWM_MspInit                    0x08002032   Section        0  stm32f1xx_hal_tim.o(i.HAL_TIM_PWM_MspInit)
    i.HAL_TIM_PWM_Start                      0x08002034   Section        0  stm32f1xx_hal_tim.o(i.HAL_TIM_PWM_Start)
    i.HAL_UARTEx_RxEventCallback             0x080020d0   Section        0  stm32f1xx_hal_uart.o(i.HAL_UARTEx_RxEventCallback)
    i.HAL_UART_ErrorCallback                 0x080020d2   Section        0  stm32f1xx_hal_uart.o(i.HAL_UART_ErrorCallback)
    i.HAL_UART_IRQHandler                    0x080020d4   Section        0  stm32f1xx_hal_uart.o(i.HAL_UART_IRQHandler)
    i.HAL_UART_Init                          0x08002340   Section        0  stm32f1xx_hal_uart.o(i.HAL_UART_Init)
    i.HAL_UART_MspInit                       0x080023a4   Section        0  usart.o(i.HAL_UART_MspInit)
    i.HAL_UART_Receive                       0x08002480   Section        0  stm32f1xx_hal_uart.o(i.HAL_UART_Receive)
    i.HAL_UART_Receive_IT                    0x08002530   Section        0  stm32f1xx_hal_uart.o(i.HAL_UART_Receive_IT)
    i.HAL_UART_RxCpltCallback                0x0800254c   Section        0  stm32f1xx_it.o(i.HAL_UART_RxCpltCallback)
    i.HAL_UART_Transmit                      0x08002588   Section        0  stm32f1xx_hal_uart.o(i.HAL_UART_Transmit)
    i.HAL_UART_TxCpltCallback                0x08002628   Section        0  stm32f1xx_hal_uart.o(i.HAL_UART_TxCpltCallback)
    i.HardFault_Handler                      0x0800262a   Section        0  stm32f1xx_it.o(i.HardFault_Handler)
    i.I2C_Start                              0x0800262c   Section        0  oled.o(i.I2C_Start)
    i.I2C_Stop                               0x08002670   Section        0  oled.o(i.I2C_Stop)
    i.I2C_WaitAck                            0x080026a4   Section        0  oled.o(i.I2C_WaitAck)
    i.IIC_delay                              0x080026dc   Section        0  oled.o(i.IIC_delay)
    i.MFRC_ClrBitMask                        0x080026e6   Section        0  rc522.o(i.MFRC_ClrBitMask)
    i.MFRC_CmdFrame                          0x08002700   Section        0  rc522.o(i.MFRC_CmdFrame)
    i.MFRC_Init                              0x08002820   Section        0  rc522.o(i.MFRC_Init)
    i.MFRC_ReadReg                           0x08002844   Section        0  rc522.o(i.MFRC_ReadReg)
    i.MFRC_SetBitMask                        0x0800287c   Section        0  rc522.o(i.MFRC_SetBitMask)
    i.MFRC_WriteReg                          0x08002894   Section        0  rc522.o(i.MFRC_WriteReg)
    i.MX_GPIO_Init                           0x080028c8   Section        0  gpio.o(i.MX_GPIO_Init)
    i.MX_SPI1_Init                           0x080029b8   Section        0  spi.o(i.MX_SPI1_Init)
    i.MX_TIM2_Init                           0x08002a00   Section        0  tim.o(i.MX_TIM2_Init)
    i.MX_USART2_UART_Init                    0x08002a98   Section        0  usart.o(i.MX_USART2_UART_Init)
    i.MX_USART3_UART_Init                    0x08002ad0   Section        0  usart.o(i.MX_USART3_UART_Init)
    i.Matrix_Keyboard_Init                   0x08002b18   Section        0  matrix_keyboard.o(i.Matrix_Keyboard_Init)
    i.Matrix_Keyboard_Scan                   0x08002b4c   Section        0  matrix_keyboard.o(i.Matrix_Keyboard_Scan)
    i.MemManage_Handler                      0x08002ce0   Section        0  stm32f1xx_it.o(i.MemManage_Handler)
    i.NMI_Handler                            0x08002ce2   Section        0  stm32f1xx_it.o(i.NMI_Handler)
    i.OLED_Clear                             0x08002ce4   Section        0  oled.o(i.OLED_Clear)
    i.OLED_DrawPoint                         0x08002d10   Section        0  oled.o(i.OLED_DrawPoint)
    i.OLED_Init                              0x08002d3c   Section        0  oled.o(i.OLED_Init)
    i.OLED_Pow                               0x08002e16   Section        0  oled.o(i.OLED_Pow)
    i.OLED_Refresh                           0x08002e28   Section        0  oled.o(i.OLED_Refresh)
    i.OLED_ShowChar                          0x08002e90   Section        0  oled.o(i.OLED_ShowChar)
    i.OLED_ShowNum                           0x08002f74   Section        0  oled.o(i.OLED_ShowNum)
    i.OLED_ShowString                        0x08002fe2   Section        0  oled.o(i.OLED_ShowString)
    i.OLED_WR_Byte                           0x0800301e   Section        0  oled.o(i.OLED_WR_Byte)
    i.PCD_AntennaOff                         0x08003054   Section        0  rc522.o(i.PCD_AntennaOff)
    i.PCD_AntennaOn                          0x0800305c   Section        0  rc522.o(i.PCD_AntennaOn)
    i.PCD_Anticoll                           0x08003076   Section        0  rc522.o(i.PCD_Anticoll)
    i.PCD_Init                               0x080030e0   Section        0  rc522.o(i.PCD_Init)
    i.PCD_Request                            0x080030f6   Section        0  rc522.o(i.PCD_Request)
    i.PCD_Reset                              0x08003148   Section        0  rc522.o(i.PCD_Reset)
    i.PendSV_Handler                         0x080031d0   Section        0  stm32f1xx_it.o(i.PendSV_Handler)
    i.ReadNFCIDsFromFlash                    0x080031d4   Section        0  main.o(i.ReadNFCIDsFromFlash)
    i.ReadPINFromFlash                       0x08003224   Section        0  main.o(i.ReadPINFromFlash)
    i.RemoveNFCID                            0x08003264   Section        0  main.o(i.RemoveNFCID)
    i.SPI1_IRQHandler                        0x080032c8   Section        0  stm32f1xx_it.o(i.SPI1_IRQHandler)
    i.SPI1_RW_Byte                           0x080032d4   Section        0  rc522.o(i.SPI1_RW_Byte)
    i.SPI_DMAAbortOnError                    0x080032f4   Section        0  stm32f1xx_hal_spi.o(i.SPI_DMAAbortOnError)
    SPI_DMAAbortOnError                      0x080032f5   Thumb Code    16  stm32f1xx_hal_spi.o(i.SPI_DMAAbortOnError)
    i.SPI_EndRxTxTransaction                 0x08003304   Section        0  stm32f1xx_hal_spi.o(i.SPI_EndRxTxTransaction)
    SPI_EndRxTxTransaction                   0x08003305   Thumb Code    52  stm32f1xx_hal_spi.o(i.SPI_EndRxTxTransaction)
    i.SPI_WaitFlagStateUntilTimeout          0x08003338   Section        0  stm32f1xx_hal_spi.o(i.SPI_WaitFlagStateUntilTimeout)
    SPI_WaitFlagStateUntilTimeout            0x08003339   Thumb Code   180  stm32f1xx_hal_spi.o(i.SPI_WaitFlagStateUntilTimeout)
    i.SVC_Handler                            0x080033f0   Section        0  stm32f1xx_it.o(i.SVC_Handler)
    i.Send_Byte                              0x080033f4   Section        0  oled.o(i.Send_Byte)
    i.SysTick_Handler                        0x08003448   Section        0  stm32f1xx_it.o(i.SysTick_Handler)
    i.SystemClock_Config                     0x0800344c   Section        0  main.o(i.SystemClock_Config)
    i.SystemInit                             0x080034aa   Section        0  system_stm32f1xx.o(i.SystemInit)
    i.TIM_Base_SetConfig                     0x080034ac   Section        0  stm32f1xx_hal_tim.o(i.TIM_Base_SetConfig)
    i.TIM_CCxChannelCmd                      0x08003524   Section        0  stm32f1xx_hal_tim.o(i.TIM_CCxChannelCmd)
    i.TIM_ETR_SetConfig                      0x0800353e   Section        0  stm32f1xx_hal_tim.o(i.TIM_ETR_SetConfig)
    i.TIM_ITRx_SetConfig                     0x08003552   Section        0  stm32f1xx_hal_tim.o(i.TIM_ITRx_SetConfig)
    TIM_ITRx_SetConfig                       0x08003553   Thumb Code    16  stm32f1xx_hal_tim.o(i.TIM_ITRx_SetConfig)
    i.TIM_OC1_SetConfig                      0x08003564   Section        0  stm32f1xx_hal_tim.o(i.TIM_OC1_SetConfig)
    TIM_OC1_SetConfig                        0x08003565   Thumb Code    74  stm32f1xx_hal_tim.o(i.TIM_OC1_SetConfig)
    i.TIM_OC2_SetConfig                      0x080035b4   Section        0  stm32f1xx_hal_tim.o(i.TIM_OC2_SetConfig)
    i.TIM_OC3_SetConfig                      0x0800360c   Section        0  stm32f1xx_hal_tim.o(i.TIM_OC3_SetConfig)
    TIM_OC3_SetConfig                        0x0800360d   Thumb Code    82  stm32f1xx_hal_tim.o(i.TIM_OC3_SetConfig)
    i.TIM_OC4_SetConfig                      0x08003664   Section        0  stm32f1xx_hal_tim.o(i.TIM_OC4_SetConfig)
    TIM_OC4_SetConfig                        0x08003665   Thumb Code    64  stm32f1xx_hal_tim.o(i.TIM_OC4_SetConfig)
    i.TIM_TI1_ConfigInputStage               0x080036a8   Section        0  stm32f1xx_hal_tim.o(i.TIM_TI1_ConfigInputStage)
    TIM_TI1_ConfigInputStage                 0x080036a9   Thumb Code    34  stm32f1xx_hal_tim.o(i.TIM_TI1_ConfigInputStage)
    i.TIM_TI2_ConfigInputStage               0x080036ca   Section        0  stm32f1xx_hal_tim.o(i.TIM_TI2_ConfigInputStage)
    TIM_TI2_ConfigInputStage                 0x080036cb   Thumb Code    36  stm32f1xx_hal_tim.o(i.TIM_TI2_ConfigInputStage)
    i.UART_DMAAbortOnError                   0x080036ee   Section        0  stm32f1xx_hal_uart.o(i.UART_DMAAbortOnError)
    UART_DMAAbortOnError                     0x080036ef   Thumb Code    16  stm32f1xx_hal_uart.o(i.UART_DMAAbortOnError)
    i.UART_EndRxTransfer                     0x080036fe   Section        0  stm32f1xx_hal_uart.o(i.UART_EndRxTransfer)
    UART_EndRxTransfer                       0x080036ff   Thumb Code    78  stm32f1xx_hal_uart.o(i.UART_EndRxTransfer)
    i.UART_Receive_IT                        0x0800374c   Section        0  stm32f1xx_hal_uart.o(i.UART_Receive_IT)
    UART_Receive_IT                          0x0800374d   Thumb Code   194  stm32f1xx_hal_uart.o(i.UART_Receive_IT)
    i.UART_SetConfig                         0x08003810   Section        0  stm32f1xx_hal_uart.o(i.UART_SetConfig)
    UART_SetConfig                           0x08003811   Thumb Code   178  stm32f1xx_hal_uart.o(i.UART_SetConfig)
    i.UART_Start_Receive_IT                  0x080038c8   Section        0  stm32f1xx_hal_uart.o(i.UART_Start_Receive_IT)
    i.UART_WaitOnFlagUntilTimeout            0x080038fe   Section        0  stm32f1xx_hal_uart.o(i.UART_WaitOnFlagUntilTimeout)
    UART_WaitOnFlagUntilTimeout              0x080038ff   Thumb Code   114  stm32f1xx_hal_uart.o(i.UART_WaitOnFlagUntilTimeout)
    i.USART2_IRQHandler                      0x08003970   Section        0  stm32f1xx_it.o(i.USART2_IRQHandler)
    i.USART3_IRQHandler                      0x0800397c   Section        0  stm32f1xx_it.o(i.USART3_IRQHandler)
    i.UsageFault_Handler                     0x08003988   Section        0  stm32f1xx_it.o(i.UsageFault_Handler)
    i.VerifyPIN                              0x0800398c   Section        0  main.o(i.VerifyPIN)
    i.WriteNFCIDsToFlash                     0x08003c38   Section        0  main.o(i.WriteNFCIDsToFlash)
    i.WritePINToFlash                        0x08003cc8   Section        0  main.o(i.WritePINToFlash)
    i.__NVIC_SetPriority                     0x08003d7c   Section        0  stm32f1xx_hal_cortex.o(i.__NVIC_SetPriority)
    __NVIC_SetPriority                       0x08003d7d   Thumb Code    32  stm32f1xx_hal_cortex.o(i.__NVIC_SetPriority)
    i.main                                   0x08003d9c   Section        0  main.o(i.main)
    .constdata                               0x080054ac   Section       18  stm32f1xx_hal_rcc.o(.constdata)
    aPredivFactorTable                       0x080054ac   Data           2  stm32f1xx_hal_rcc.o(.constdata)
    aPLLMULFactorTable                       0x080054ae   Data          16  stm32f1xx_hal_rcc.o(.constdata)
    .constdata                               0x080054be   Section       16  system_stm32f1xx.o(.constdata)
    .constdata                               0x080054ce   Section        8  system_stm32f1xx.o(.constdata)
    .constdata                               0x080054d6   Section     6632  oled.o(.constdata)
    .data                                    0x20000000   Section       19  main.o(.data)
    bluetooth_index                          0x20000001   Data           1  main.o(.data)
    last_key                                 0x20000002   Data           1  main.o(.data)
    last_finger                              0x20000003   Data           1  main.o(.data)
    fp_id                                    0x20000004   Data           2  main.o(.data)
    last_card                                0x2000000a   Data           4  main.o(.data)
    bluetooth_buffer                         0x2000000e   Data           5  main.o(.data)
    .data                                    0x20000014   Section       12  stm32f1xx_hal.o(.data)
    .data                                    0x20000020   Section        4  system_stm32f1xx.o(.data)
    .data                                    0x20000024   Section        8  as608.o(.data)
    .bss                                     0x2000002c   Section       50  main.o(.bss)
    .bss                                     0x20000060   Section       88  spi.o(.bss)
    .bss                                     0x200000b8   Section       72  tim.o(.bss)
    .bss                                     0x20000100   Section      144  usart.o(.bss)
    .bss                                     0x20000190   Section       32  stm32f1xx_hal_flash.o(.bss)
    .bss                                     0x200001b0   Section     1152  oled.o(.bss)
    .bss                                     0x20000630   Section      256  as608.o(.bss)
    .bss                                     0x20000730   Section       96  libspace.o(.bss)
    HEAP                                     0x20000790   Section      512  startup_stm32f103xb.o(HEAP)
    Heap_Mem                                 0x20000790   Data         512  startup_stm32f103xb.o(HEAP)
    STACK                                    0x20000990   Section     1024  startup_stm32f103xb.o(STACK)
    Stack_Mem                                0x20000990   Data        1024  startup_stm32f103xb.o(STACK)
    __initial_sp                             0x20000d90   Data           0  startup_stm32f103xb.o(STACK)

    Global Symbols

    Symbol Name                              Value     Ov Type        Size  Object(Section)

    BuildAttributes$$THM_ISAv4$P$D$K$B$S$PE$A:L22UL41UL21$X:L11$S22US41US21$IEEE1$IW$USESV6$~STKCKD$USESV7$~SHL$OSPACE$ROPI$EBA8$UX$STANDARDLIB$REQ8$PRES8$EABIv2 0x00000000   Number         0  anon$$obj.o ABSOLUTE
    __ARM_use_no_argv                        0x00000000   Number         0  main.o ABSOLUTE
    __ARM_exceptions_init                     - Undefined Weak Reference
    __alloca_initialize                       - Undefined Weak Reference
    __arm_preinit_                            - Undefined Weak Reference
    __cpp_initialize__aeabi_                  - Undefined Weak Reference
    __cxa_finalize                            - Undefined Weak Reference
    __rt_locale                               - Undefined Weak Reference
    __sigvec_lookup                           - Undefined Weak Reference
    _atexit_init                              - Undefined Weak Reference
    _call_atexit_fns                          - Undefined Weak Reference
    _clock_init                               - Undefined Weak Reference
    _fp_trap_init                             - Undefined Weak Reference
    _fp_trap_shutdown                         - Undefined Weak Reference
    _get_lc_collate                           - Undefined Weak Reference
    _get_lc_ctype                             - Undefined Weak Reference
    _get_lc_monetary                          - Undefined Weak Reference
    _get_lc_numeric                           - Undefined Weak Reference
    _get_lc_time                              - Undefined Weak Reference
    _getenv_init                              - Undefined Weak Reference
    _handle_redirection                       - Undefined Weak Reference
    _init_alloc                               - Undefined Weak Reference
    _init_user_alloc                          - Undefined Weak Reference
    _initio                                   - Undefined Weak Reference
    _printf_post_padding                      - Undefined Weak Reference
    _printf_pre_padding                       - Undefined Weak Reference
    _printf_truncate_signed                   - Undefined Weak Reference
    _printf_truncate_unsigned                 - Undefined Weak Reference
    _rand_init                                - Undefined Weak Reference
    _signal_finish                            - Undefined Weak Reference
    _signal_init                              - Undefined Weak Reference
    _terminate_alloc                          - Undefined Weak Reference
    _terminate_user_alloc                     - Undefined Weak Reference
    _terminateio                              - Undefined Weak Reference
    __Vectors_Size                           0x000000ec   Number         0  startup_stm32f103xb.o ABSOLUTE
    __Vectors                                0x08000000   Data           4  startup_stm32f103xb.o(RESET)
    __Vectors_End                            0x080000ec   Data           0  startup_stm32f103xb.o(RESET)
    __main                                   0x080000ed   Thumb Code     8  __main.o(!!!main)
    __scatterload                            0x080000f5   Thumb Code     0  __scatter.o(!!!scatter)
    __scatterload_rt2                        0x080000f5   Thumb Code    44  __scatter.o(!!!scatter)
    __scatterload_rt2_thumb_only             0x080000f5   Thumb Code     0  __scatter.o(!!!scatter)
    __scatterload_null                       0x08000103   Thumb Code     0  __scatter.o(!!!scatter)
    __scatterload_copy                       0x08000129   Thumb Code    26  __scatter_copy.o(!!handler_copy)
    __scatterload_zeroinit                   0x08000145   Thumb Code    28  __scatter_zi.o(!!handler_zi)
    _printf_d                                0x08000161   Thumb Code     0  _printf_d.o(.ARM.Collect$$_printf_percent$$00000009)
    _printf_percent                          0x08000161   Thumb Code     0  _printf_percent.o(.ARM.Collect$$_printf_percent$$00000000)
    _printf_percent_end                      0x08000167   Thumb Code     0  _printf_percent_end.o(.ARM.Collect$$_printf_percent$$00000017)
    __rt_lib_init                            0x0800016b   Thumb Code     0  libinit.o(.ARM.Collect$$libinit$$00000000)
    __rt_lib_init_alloca_1                   0x0800016d   Thumb Code     0  libinit2.o(.ARM.Collect$$libinit$$0000002E)
    __rt_lib_init_argv_1                     0x0800016d   Thumb Code     0  libinit2.o(.ARM.Collect$$libinit$$0000002C)
    __rt_lib_init_atexit_1                   0x0800016d   Thumb Code     0  libinit2.o(.ARM.Collect$$libinit$$0000001B)
    __rt_lib_init_clock_1                    0x0800016d   Thumb Code     0  libinit2.o(.ARM.Collect$$libinit$$00000021)
    __rt_lib_init_cpp_1                      0x0800016d   Thumb Code     0  libinit2.o(.ARM.Collect$$libinit$$00000032)
    __rt_lib_init_exceptions_1               0x0800016d   Thumb Code     0  libinit2.o(.ARM.Collect$$libinit$$00000030)
    __rt_lib_init_fp_1                       0x0800016d   Thumb Code     0  libinit2.o(.ARM.Collect$$libinit$$00000002)
    __rt_lib_init_fp_trap_1                  0x0800016d   Thumb Code     0  libinit2.o(.ARM.Collect$$libinit$$0000001F)
    __rt_lib_init_getenv_1                   0x0800016d   Thumb Code     0  libinit2.o(.ARM.Collect$$libinit$$00000023)
    __rt_lib_init_heap_1                     0x0800016d   Thumb Code     0  libinit2.o(.ARM.Collect$$libinit$$0000000A)
    __rt_lib_init_lc_collate_1               0x0800016d   Thumb Code     0  libinit2.o(.ARM.Collect$$libinit$$00000011)
    __rt_lib_init_lc_ctype_1                 0x0800016d   Thumb Code     0  libinit2.o(.ARM.Collect$$libinit$$00000013)
    __rt_lib_init_lc_monetary_1              0x0800016d   Thumb Code     0  libinit2.o(.ARM.Collect$$libinit$$00000015)
    __rt_lib_init_lc_numeric_1               0x0800016d   Thumb Code     0  libinit2.o(.ARM.Collect$$libinit$$00000017)
    __rt_lib_init_lc_time_1                  0x0800016d   Thumb Code     0  libinit2.o(.ARM.Collect$$libinit$$00000019)
    __rt_lib_init_preinit_1                  0x0800016d   Thumb Code     0  libinit2.o(.ARM.Collect$$libinit$$00000004)
    __rt_lib_init_rand_1                     0x0800016d   Thumb Code     0  libinit2.o(.ARM.Collect$$libinit$$0000000E)
    __rt_lib_init_return                     0x0800016d   Thumb Code     0  libinit2.o(.ARM.Collect$$libinit$$00000033)
    __rt_lib_init_signal_1                   0x0800016d   Thumb Code     0  libinit2.o(.ARM.Collect$$libinit$$0000001D)
    __rt_lib_init_stdio_1                    0x0800016d   Thumb Code     0  libinit2.o(.ARM.Collect$$libinit$$00000025)
    __rt_lib_init_user_alloc_1               0x0800016d   Thumb Code     0  libinit2.o(.ARM.Collect$$libinit$$0000000C)
    __rt_lib_shutdown                        0x0800016f   Thumb Code     0  libshutdown.o(.ARM.Collect$$libshutdown$$00000000)
    __rt_lib_shutdown_cpp_1                  0x08000171   Thumb Code     0  libshutdown2.o(.ARM.Collect$$libshutdown$$00000002)
    __rt_lib_shutdown_fp_trap_1              0x08000171   Thumb Code     0  libshutdown2.o(.ARM.Collect$$libshutdown$$00000007)
    __rt_lib_shutdown_heap_1                 0x08000171   Thumb Code     0  libshutdown2.o(.ARM.Collect$$libshutdown$$0000000F)
    __rt_lib_shutdown_return                 0x08000171   Thumb Code     0  libshutdown2.o(.ARM.Collect$$libshutdown$$00000010)
    __rt_lib_shutdown_signal_1               0x08000171   Thumb Code     0  libshutdown2.o(.ARM.Collect$$libshutdown$$0000000A)
    __rt_lib_shutdown_stdio_1                0x08000171   Thumb Code     0  libshutdown2.o(.ARM.Collect$$libshutdown$$00000004)
    __rt_lib_shutdown_user_alloc_1           0x08000171   Thumb Code     0  libshutdown2.o(.ARM.Collect$$libshutdown$$0000000C)
    __rt_entry                               0x08000173   Thumb Code     0  __rtentry.o(.ARM.Collect$$rtentry$$00000000)
    __rt_entry_presh_1                       0x08000173   Thumb Code     0  __rtentry2.o(.ARM.Collect$$rtentry$$00000002)
    __rt_entry_sh                            0x08000173   Thumb Code     0  __rtentry4.o(.ARM.Collect$$rtentry$$00000004)
    __rt_entry_li                            0x08000179   Thumb Code     0  __rtentry2.o(.ARM.Collect$$rtentry$$0000000A)
    __rt_entry_postsh_1                      0x08000179   Thumb Code     0  __rtentry2.o(.ARM.Collect$$rtentry$$00000009)
    __rt_entry_main                          0x0800017d   Thumb Code     0  __rtentry2.o(.ARM.Collect$$rtentry$$0000000D)
    __rt_entry_postli_1                      0x0800017d   Thumb Code     0  __rtentry2.o(.ARM.Collect$$rtentry$$0000000C)
    __rt_exit                                0x08000185   Thumb Code     0  rtexit.o(.ARM.Collect$$rtexit$$00000000)
    __rt_exit_ls                             0x08000187   Thumb Code     0  rtexit2.o(.ARM.Collect$$rtexit$$00000003)
    __rt_exit_prels_1                        0x08000187   Thumb Code     0  rtexit2.o(.ARM.Collect$$rtexit$$00000002)
    __rt_exit_exit                           0x0800018b   Thumb Code     0  rtexit2.o(.ARM.Collect$$rtexit$$00000004)
    Reset_Handler                            0x08000191   Thumb Code     8  startup_stm32f103xb.o(.text)
    ADC1_2_IRQHandler                        0x080001ab   Thumb Code     0  startup_stm32f103xb.o(.text)
    CAN1_RX1_IRQHandler                      0x080001ab   Thumb Code     0  startup_stm32f103xb.o(.text)
    CAN1_SCE_IRQHandler                      0x080001ab   Thumb Code     0  startup_stm32f103xb.o(.text)
    DMA1_Channel1_IRQHandler                 0x080001ab   Thumb Code     0  startup_stm32f103xb.o(.text)
    DMA1_Channel2_IRQHandler                 0x080001ab   Thumb Code     0  startup_stm32f103xb.o(.text)
    DMA1_Channel3_IRQHandler                 0x080001ab   Thumb Code     0  startup_stm32f103xb.o(.text)
    DMA1_Channel4_IRQHandler                 0x080001ab   Thumb Code     0  startup_stm32f103xb.o(.text)
    DMA1_Channel5_IRQHandler                 0x080001ab   Thumb Code     0  startup_stm32f103xb.o(.text)
    DMA1_Channel6_IRQHandler                 0x080001ab   Thumb Code     0  startup_stm32f103xb.o(.text)
    DMA1_Channel7_IRQHandler                 0x080001ab   Thumb Code     0  startup_stm32f103xb.o(.text)
    EXTI0_IRQHandler                         0x080001ab   Thumb Code     0  startup_stm32f103xb.o(.text)
    EXTI15_10_IRQHandler                     0x080001ab   Thumb Code     0  startup_stm32f103xb.o(.text)
    EXTI1_IRQHandler                         0x080001ab   Thumb Code     0  startup_stm32f103xb.o(.text)
    EXTI2_IRQHandler                         0x080001ab   Thumb Code     0  startup_stm32f103xb.o(.text)
    EXTI3_IRQHandler                         0x080001ab   Thumb Code     0  startup_stm32f103xb.o(.text)
    EXTI4_IRQHandler                         0x080001ab   Thumb Code     0  startup_stm32f103xb.o(.text)
    EXTI9_5_IRQHandler                       0x080001ab   Thumb Code     0  startup_stm32f103xb.o(.text)
    FLASH_IRQHandler                         0x080001ab   Thumb Code     0  startup_stm32f103xb.o(.text)
    I2C1_ER_IRQHandler                       0x080001ab   Thumb Code     0  startup_stm32f103xb.o(.text)
    I2C1_EV_IRQHandler                       0x080001ab   Thumb Code     0  startup_stm32f103xb.o(.text)
    I2C2_ER_IRQHandler                       0x080001ab   Thumb Code     0  startup_stm32f103xb.o(.text)
    I2C2_EV_IRQHandler                       0x080001ab   Thumb Code     0  startup_stm32f103xb.o(.text)
    PVD_IRQHandler                           0x080001ab   Thumb Code     0  startup_stm32f103xb.o(.text)
    RCC_IRQHandler                           0x080001ab   Thumb Code     0  startup_stm32f103xb.o(.text)
    RTC_Alarm_IRQHandler                     0x080001ab   Thumb Code     0  startup_stm32f103xb.o(.text)
    RTC_IRQHandler                           0x080001ab   Thumb Code     0  startup_stm32f103xb.o(.text)
    SPI2_IRQHandler                          0x080001ab   Thumb Code     0  startup_stm32f103xb.o(.text)
    TAMPER_IRQHandler                        0x080001ab   Thumb Code     0  startup_stm32f103xb.o(.text)
    TIM1_BRK_IRQHandler                      0x080001ab   Thumb Code     0  startup_stm32f103xb.o(.text)
    TIM1_CC_IRQHandler                       0x080001ab   Thumb Code     0  startup_stm32f103xb.o(.text)
    TIM1_TRG_COM_IRQHandler                  0x080001ab   Thumb Code     0  startup_stm32f103xb.o(.text)
    TIM1_UP_IRQHandler                       0x080001ab   Thumb Code     0  startup_stm32f103xb.o(.text)
    TIM2_IRQHandler                          0x080001ab   Thumb Code     0  startup_stm32f103xb.o(.text)
    TIM3_IRQHandler                          0x080001ab   Thumb Code     0  startup_stm32f103xb.o(.text)
    TIM4_IRQHandler                          0x080001ab   Thumb Code     0  startup_stm32f103xb.o(.text)
    USART1_IRQHandler                        0x080001ab   Thumb Code     0  startup_stm32f103xb.o(.text)
    USBWakeUp_IRQHandler                     0x080001ab   Thumb Code     0  startup_stm32f103xb.o(.text)
    USB_HP_CAN1_TX_IRQHandler                0x080001ab   Thumb Code     0  startup_stm32f103xb.o(.text)
    USB_LP_CAN1_RX0_IRQHandler               0x080001ab   Thumb Code     0  startup_stm32f103xb.o(.text)
    WWDG_IRQHandler                          0x080001ab   Thumb Code     0  startup_stm32f103xb.o(.text)
    __user_initial_stackheap                 0x080001ad   Thumb Code     0  startup_stm32f103xb.o(.text)
    __aeabi_llsr                             0x080001d1   Thumb Code     0  llushr.o(.text)
    _ll_ushift_r                             0x080001d1   Thumb Code    38  llushr.o(.text)
    __2sprintf                               0x080001f9   Thumb Code    34  noretval__2sprintf.o(.text)
    __printf                                 0x08000221   Thumb Code   104  __printf.o(.text)
    _printf_int_dec                          0x08000289   Thumb Code   104  _printf_dec.o(.text)
    memcmp                                   0x08000301   Thumb Code    88  memcmp.o(.text)
    strlen                                   0x08000359   Thumb Code    62  strlen.o(.text)
    __aeabi_memcpy                           0x08000397   Thumb Code     0  rt_memcpy_v6.o(.text)
    __rt_memcpy                              0x08000397   Thumb Code   138  rt_memcpy_v6.o(.text)
    _memcpy_lastbytes                        0x080003fd   Thumb Code     0  rt_memcpy_v6.o(.text)
    __aeabi_memcpy4                          0x08000421   Thumb Code     0  rt_memcpy_w.o(.text)
    __aeabi_memcpy8                          0x08000421   Thumb Code     0  rt_memcpy_w.o(.text)
    __rt_memcpy_w                            0x08000421   Thumb Code   100  rt_memcpy_w.o(.text)
    _memcpy_lastbytes_aligned                0x08000469   Thumb Code     0  rt_memcpy_w.o(.text)
    __aeabi_memclr4                          0x08000485   Thumb Code     0  rt_memclr_w.o(.text)
    __aeabi_memclr8                          0x08000485   Thumb Code     0  rt_memclr_w.o(.text)
    __rt_memclr_w                            0x08000485   Thumb Code    78  rt_memclr_w.o(.text)
    _memset_w                                0x08000489   Thumb Code     0  rt_memclr_w.o(.text)
    __use_two_region_memory                  0x080004d3   Thumb Code     2  heapauxi.o(.text)
    __rt_heap_escrow$2region                 0x080004d5   Thumb Code     2  heapauxi.o(.text)
    __rt_heap_expand$2region                 0x080004d7   Thumb Code     2  heapauxi.o(.text)
    _printf_int_common                       0x080004d9   Thumb Code   178  _printf_intcommon.o(.text)
    _printf_char_common                      0x08000597   Thumb Code    32  _printf_char_common.o(.text)
    _sputc                                   0x080005bd   Thumb Code    10  _sputc.o(.text)
    __user_setup_stackheap                   0x080005c7   Thumb Code    74  sys_stackheap_outer.o(.text)
    exit                                     0x08000611   Thumb Code    18  exit.o(.text)
    __user_libspace                          0x08000625   Thumb Code     8  libspace.o(.text)
    __user_perproc_libspace                  0x08000625   Thumb Code     0  libspace.o(.text)
    __user_perthread_libspace                0x08000625   Thumb Code     0  libspace.o(.text)
    _sys_exit                                0x0800062d   Thumb Code     8  sys_exit.o(.text)
    __I$use$semihosting                      0x08000639   Thumb Code     0  use_no_semi.o(.text)
    __use_no_semihosting_swi                 0x08000639   Thumb Code     2  use_no_semi.o(.text)
    AS608_DeleteChar                         0x0800063b   Thumb Code    62  as608.o(i.AS608_DeleteChar)
    __semihosting_library_function           0x0800063b   Thumb Code     0  indicate_semi.o(.text)
    AS608_Enroll                             0x08000679   Thumb Code    70  as608.o(i.AS608_Enroll)
    AS608_GenChar                            0x080006bf   Thumb Code    46  as608.o(i.AS608_GenChar)
    AS608_GetErrorString                     0x080006ed   Thumb Code   168  as608.o(i.AS608_GetErrorString)
    AS608_GetImage                           0x0800092d   Thumb Code    42  as608.o(i.AS608_GetImage)
    AS608_HandShake                          0x08000959   Thumb Code   110  as608.o(i.AS608_HandShake)
    AS608_Init                               0x080009cd   Thumb Code    40  as608.o(i.AS608_Init)
    AS608_RegModel                           0x08000a61   Thumb Code    42  as608.o(i.AS608_RegModel)
    AS608_Search                             0x08000a8b   Thumb Code    92  as608.o(i.AS608_Search)
    AS608_StoreChar                          0x08000c59   Thumb Code    56  as608.o(i.AS608_StoreChar)
    AS608_VerifyFinger                       0x08000c91   Thumb Code    42  as608.o(i.AS608_VerifyFinger)
    AddNFCID                                 0x08000cbd   Thumb Code    42  main.o(i.AddNFCID)
    BusFault_Handler                         0x08000cf1   Thumb Code     2  stm32f1xx_it.o(i.BusFault_Handler)
    CheckNFCIDExists                         0x08000cf5   Thumb Code    52  main.o(i.CheckNFCIDExists)
    DebugMon_Handler                         0x08000d31   Thumb Code     2  stm32f1xx_it.o(i.DebugMon_Handler)
    Error_Handler                            0x08000d33   Thumb Code     4  main.o(i.Error_Handler)
    FLASH_PageErase                          0x08000d5d   Thumb Code    28  stm32f1xx_hal_flash_ex.o(i.FLASH_PageErase)
    FLASH_WaitForLastOperation               0x08000df9   Thumb Code    80  stm32f1xx_hal_flash.o(i.FLASH_WaitForLastOperation)
    HAL_DMA_Abort                            0x08000e4d   Thumb Code    70  stm32f1xx_hal_dma.o(i.HAL_DMA_Abort)
    HAL_DMA_Abort_IT                         0x08000e95   Thumb Code   148  stm32f1xx_hal_dma.o(i.HAL_DMA_Abort_IT)
    HAL_Delay                                0x08000f2d   Thumb Code    32  stm32f1xx_hal.o(i.HAL_Delay)
    HAL_FLASHEx_Erase                        0x08000f51   Thumb Code   160  stm32f1xx_hal_flash_ex.o(i.HAL_FLASHEx_Erase)
    HAL_FLASH_Lock                           0x08000ff9   Thumb Code    14  stm32f1xx_hal_flash.o(i.HAL_FLASH_Lock)
    HAL_FLASH_Program                        0x0800100d   Thumb Code   120  stm32f1xx_hal_flash.o(i.HAL_FLASH_Program)
    HAL_FLASH_Unlock                         0x0800108d   Thumb Code    28  stm32f1xx_hal_flash.o(i.HAL_FLASH_Unlock)
    HAL_GPIO_Init                            0x080010b5   Thumb Code   446  stm32f1xx_hal_gpio.o(i.HAL_GPIO_Init)
    HAL_GPIO_ReadPin                         0x08001295   Thumb Code    10  stm32f1xx_hal_gpio.o(i.HAL_GPIO_ReadPin)
    HAL_GPIO_WritePin                        0x0800129f   Thumb Code    10  stm32f1xx_hal_gpio.o(i.HAL_GPIO_WritePin)
    HAL_GetTick                              0x080012a9   Thumb Code     6  stm32f1xx_hal.o(i.HAL_GetTick)
    HAL_IncTick                              0x080012b5   Thumb Code    12  stm32f1xx_hal.o(i.HAL_IncTick)
    HAL_Init                                 0x080012c5   Thumb Code    32  stm32f1xx_hal.o(i.HAL_Init)
    HAL_InitTick                             0x080012e9   Thumb Code    54  stm32f1xx_hal.o(i.HAL_InitTick)
    HAL_MspInit                              0x08001329   Thumb Code    52  stm32f1xx_hal_msp.o(i.HAL_MspInit)
    HAL_NVIC_EnableIRQ                       0x08001365   Thumb Code    26  stm32f1xx_hal_cortex.o(i.HAL_NVIC_EnableIRQ)
    HAL_NVIC_SetPriority                     0x08001381   Thumb Code    60  stm32f1xx_hal_cortex.o(i.HAL_NVIC_SetPriority)
    HAL_NVIC_SetPriorityGrouping             0x080013c1   Thumb Code    26  stm32f1xx_hal_cortex.o(i.HAL_NVIC_SetPriorityGrouping)
    HAL_RCC_ClockConfig                      0x080013e5   Thumb Code   280  stm32f1xx_hal_rcc.o(i.HAL_RCC_ClockConfig)
    HAL_RCC_GetPCLK1Freq                     0x08001511   Thumb Code    20  stm32f1xx_hal_rcc.o(i.HAL_RCC_GetPCLK1Freq)
    HAL_RCC_GetPCLK2Freq                     0x08001531   Thumb Code    20  stm32f1xx_hal_rcc.o(i.HAL_RCC_GetPCLK2Freq)
    HAL_RCC_GetSysClockFreq                  0x08001551   Thumb Code    58  stm32f1xx_hal_rcc.o(i.HAL_RCC_GetSysClockFreq)
    HAL_RCC_OscConfig                        0x0800159d   Thumb Code   778  stm32f1xx_hal_rcc.o(i.HAL_RCC_OscConfig)
    HAL_SPI_ErrorCallback                    0x080018bd   Thumb Code     2  stm32f1xx_hal_spi.o(i.HAL_SPI_ErrorCallback)
    HAL_SPI_IRQHandler                       0x080018c1   Thumb Code   220  stm32f1xx_hal_spi.o(i.HAL_SPI_IRQHandler)
    HAL_SPI_Init                             0x080019a1   Thumb Code   178  stm32f1xx_hal_spi.o(i.HAL_SPI_Init)
    HAL_SPI_MspInit                          0x08001a55   Thumb Code   114  spi.o(i.HAL_SPI_MspInit)
    HAL_SPI_TransmitReceive                  0x08001ad5   Thumb Code   496  stm32f1xx_hal_spi.o(i.HAL_SPI_TransmitReceive)
    HAL_SYSTICK_Config                       0x08001cc5   Thumb Code    40  stm32f1xx_hal_cortex.o(i.HAL_SYSTICK_Config)
    HAL_TIMEx_MasterConfigSynchronization    0x08001ced   Thumb Code    92  stm32f1xx_hal_tim_ex.o(i.HAL_TIMEx_MasterConfigSynchronization)
    HAL_TIM_Base_Init                        0x08001d55   Thumb Code    90  stm32f1xx_hal_tim.o(i.HAL_TIM_Base_Init)
    HAL_TIM_Base_MspInit                     0x08001db1   Thumb Code    30  tim.o(i.HAL_TIM_Base_MspInit)
    HAL_TIM_ConfigClockSource                0x08001dd5   Thumb Code   220  stm32f1xx_hal_tim.o(i.HAL_TIM_ConfigClockSource)
    HAL_TIM_MspPostInit                      0x08001eb1   Thumb Code    80  tim.o(i.HAL_TIM_MspPostInit)
    HAL_TIM_PWM_ConfigChannel                0x08001f0d   Thumb Code   204  stm32f1xx_hal_tim.o(i.HAL_TIM_PWM_ConfigChannel)
    HAL_TIM_PWM_Init                         0x08001fd9   Thumb Code    90  stm32f1xx_hal_tim.o(i.HAL_TIM_PWM_Init)
    HAL_TIM_PWM_MspInit                      0x08002033   Thumb Code     2  stm32f1xx_hal_tim.o(i.HAL_TIM_PWM_MspInit)
    HAL_TIM_PWM_Start                        0x08002035   Thumb Code   144  stm32f1xx_hal_tim.o(i.HAL_TIM_PWM_Start)
    HAL_UARTEx_RxEventCallback               0x080020d1   Thumb Code     2  stm32f1xx_hal_uart.o(i.HAL_UARTEx_RxEventCallback)
    HAL_UART_ErrorCallback                   0x080020d3   Thumb Code     2  stm32f1xx_hal_uart.o(i.HAL_UART_ErrorCallback)
    HAL_UART_IRQHandler                      0x080020d5   Thumb Code   616  stm32f1xx_hal_uart.o(i.HAL_UART_IRQHandler)
    HAL_UART_Init                            0x08002341   Thumb Code   100  stm32f1xx_hal_uart.o(i.HAL_UART_Init)
    HAL_UART_MspInit                         0x080023a5   Thumb Code   200  usart.o(i.HAL_UART_MspInit)
    HAL_UART_Receive                         0x08002481   Thumb Code   176  stm32f1xx_hal_uart.o(i.HAL_UART_Receive)
    HAL_UART_Receive_IT                      0x08002531   Thumb Code    28  stm32f1xx_hal_uart.o(i.HAL_UART_Receive_IT)
    HAL_UART_RxCpltCallback                  0x0800254d   Thumb Code    48  stm32f1xx_it.o(i.HAL_UART_RxCpltCallback)
    HAL_UART_Transmit                        0x08002589   Thumb Code   160  stm32f1xx_hal_uart.o(i.HAL_UART_Transmit)
    HAL_UART_TxCpltCallback                  0x08002629   Thumb Code     2  stm32f1xx_hal_uart.o(i.HAL_UART_TxCpltCallback)
    HardFault_Handler                        0x0800262b   Thumb Code     2  stm32f1xx_it.o(i.HardFault_Handler)
    I2C_Start                                0x0800262d   Thumb Code    64  oled.o(i.I2C_Start)
    I2C_Stop                                 0x08002671   Thumb Code    46  oled.o(i.I2C_Stop)
    I2C_WaitAck                              0x080026a5   Thumb Code    52  oled.o(i.I2C_WaitAck)
    IIC_delay                                0x080026dd   Thumb Code    10  oled.o(i.IIC_delay)
    MFRC_ClrBitMask                          0x080026e7   Thumb Code    24  rc522.o(i.MFRC_ClrBitMask)
    MFRC_CmdFrame                            0x08002701   Thumb Code   282  rc522.o(i.MFRC_CmdFrame)
    MFRC_Init                                0x08002821   Thumb Code    26  rc522.o(i.MFRC_Init)
    MFRC_ReadReg                             0x08002845   Thumb Code    52  rc522.o(i.MFRC_ReadReg)
    MFRC_SetBitMask                          0x0800287d   Thumb Code    24  rc522.o(i.MFRC_SetBitMask)
    MFRC_WriteReg                            0x08002895   Thumb Code    48  rc522.o(i.MFRC_WriteReg)
    MX_GPIO_Init                             0x080028c9   Thumb Code   224  gpio.o(i.MX_GPIO_Init)
    MX_SPI1_Init                             0x080029b9   Thumb Code    62  spi.o(i.MX_SPI1_Init)
    MX_TIM2_Init                             0x08002a01   Thumb Code   148  tim.o(i.MX_TIM2_Init)
    MX_USART2_UART_Init                      0x08002a99   Thumb Code    48  usart.o(i.MX_USART2_UART_Init)
    MX_USART3_UART_Init                      0x08002ad1   Thumb Code    60  usart.o(i.MX_USART3_UART_Init)
    Matrix_Keyboard_Init                     0x08002b19   Thumb Code    48  matrix_keyboard.o(i.Matrix_Keyboard_Init)
    Matrix_Keyboard_Scan                     0x08002b4d   Thumb Code   396  matrix_keyboard.o(i.Matrix_Keyboard_Scan)
    MemManage_Handler                        0x08002ce1   Thumb Code     2  stm32f1xx_it.o(i.MemManage_Handler)
    NMI_Handler                              0x08002ce3   Thumb Code     2  stm32f1xx_it.o(i.NMI_Handler)
    OLED_Clear                               0x08002ce5   Thumb Code    40  oled.o(i.OLED_Clear)
    OLED_DrawPoint                           0x08002d11   Thumb Code    40  oled.o(i.OLED_DrawPoint)
    OLED_Init                                0x08002d3d   Thumb Code   218  oled.o(i.OLED_Init)
    OLED_Pow                                 0x08002e17   Thumb Code    16  oled.o(i.OLED_Pow)
    OLED_Refresh                             0x08002e29   Thumb Code   100  oled.o(i.OLED_Refresh)
    OLED_ShowChar                            0x08002e91   Thumb Code   212  oled.o(i.OLED_ShowChar)
    OLED_ShowNum                             0x08002f75   Thumb Code   110  oled.o(i.OLED_ShowNum)
    OLED_ShowString                          0x08002fe3   Thumb Code    60  oled.o(i.OLED_ShowString)
    OLED_WR_Byte                             0x0800301f   Thumb Code    54  oled.o(i.OLED_WR_Byte)
    PCD_AntennaOff                           0x08003055   Thumb Code     8  rc522.o(i.PCD_AntennaOff)
    PCD_AntennaOn                            0x0800305d   Thumb Code    26  rc522.o(i.PCD_AntennaOn)
    PCD_Anticoll                             0x08003077   Thumb Code   106  rc522.o(i.PCD_Anticoll)
    PCD_Init                                 0x080030e1   Thumb Code    22  rc522.o(i.PCD_Init)
    PCD_Request                              0x080030f7   Thumb Code    80  rc522.o(i.PCD_Request)
    PCD_Reset                                0x08003149   Thumb Code   132  rc522.o(i.PCD_Reset)
    PendSV_Handler                           0x080031d1   Thumb Code     2  stm32f1xx_it.o(i.PendSV_Handler)
    ReadNFCIDsFromFlash                      0x080031d5   Thumb Code    68  main.o(i.ReadNFCIDsFromFlash)
    ReadPINFromFlash                         0x08003225   Thumb Code    58  main.o(i.ReadPINFromFlash)
    RemoveNFCID                              0x08003265   Thumb Code    92  main.o(i.RemoveNFCID)
    SPI1_IRQHandler                          0x080032c9   Thumb Code     6  stm32f1xx_it.o(i.SPI1_IRQHandler)
    SPI1_RW_Byte                             0x080032d5   Thumb Code    26  rc522.o(i.SPI1_RW_Byte)
    SVC_Handler                              0x080033f1   Thumb Code     2  stm32f1xx_it.o(i.SVC_Handler)
    Send_Byte                                0x080033f5   Thumb Code    78  oled.o(i.Send_Byte)
    SysTick_Handler                          0x08003449   Thumb Code     4  stm32f1xx_it.o(i.SysTick_Handler)
    SystemClock_Config                       0x0800344d   Thumb Code    94  main.o(i.SystemClock_Config)
    SystemInit                               0x080034ab   Thumb Code     2  system_stm32f1xx.o(i.SystemInit)
    TIM_Base_SetConfig                       0x080034ad   Thumb Code   108  stm32f1xx_hal_tim.o(i.TIM_Base_SetConfig)
    TIM_CCxChannelCmd                        0x08003525   Thumb Code    26  stm32f1xx_hal_tim.o(i.TIM_CCxChannelCmd)
    TIM_ETR_SetConfig                        0x0800353f   Thumb Code    20  stm32f1xx_hal_tim.o(i.TIM_ETR_SetConfig)
    TIM_OC2_SetConfig                        0x080035b5   Thumb Code    84  stm32f1xx_hal_tim.o(i.TIM_OC2_SetConfig)
    UART_Start_Receive_IT                    0x080038c9   Thumb Code    54  stm32f1xx_hal_uart.o(i.UART_Start_Receive_IT)
    USART2_IRQHandler                        0x08003971   Thumb Code     6  stm32f1xx_it.o(i.USART2_IRQHandler)
    USART3_IRQHandler                        0x0800397d   Thumb Code     6  stm32f1xx_it.o(i.USART3_IRQHandler)
    UsageFault_Handler                       0x08003989   Thumb Code     2  stm32f1xx_it.o(i.UsageFault_Handler)
    VerifyPIN                                0x0800398d   Thumb Code   424  main.o(i.VerifyPIN)
    WriteNFCIDsToFlash                       0x08003c39   Thumb Code   132  main.o(i.WriteNFCIDsToFlash)
    WritePINToFlash                          0x08003cc9   Thumb Code   168  main.o(i.WritePINToFlash)
    main                                     0x08003d9d   Thumb Code  5846  main.o(i.main)
    AHBPrescTable                            0x080054be   Data          16  system_stm32f1xx.o(.constdata)
    APBPrescTable                            0x080054ce   Data           8  system_stm32f1xx.o(.constdata)
    asc2_0806                                0x080054d6   Data         552  oled.o(.constdata)
    asc2_1206                                0x080056fe   Data        1140  oled.o(.constdata)
    asc2_1608                                0x08005b72   Data        1520  oled.o(.constdata)
    asc2_2412                                0x08006162   Data        3420  oled.o(.constdata)
    Region$$Table$$Base                      0x08006ec0   Number         0  anon$$obj.o(Region$$Table)
    Region$$Table$$Limit                     0x08006ee0   Number         0  anon$$obj.o(Region$$Table)
    nfc_id_count                             0x20000000   Data           1  main.o(.data)
    saved_pin                                0x20000006   Data           4  main.o(.data)
    uwTickFreq                               0x20000014   Data           1  stm32f1xx_hal.o(.data)
    uwTickPrio                               0x20000018   Data           4  stm32f1xx_hal.o(.data)
    uwTick                                   0x2000001c   Data           4  stm32f1xx_hal.o(.data)
    SystemCoreClock                          0x20000020   Data           4  system_stm32f1xx.o(.data)
    USART3_RX_STA                            0x20000024   Data           2  as608.o(.data)
    AS608_Address                            0x20000028   Data           4  as608.o(.data)
    nfc_id_list                              0x2000002c   Data          50  main.o(.bss)
    hspi1                                    0x20000060   Data          88  spi.o(.bss)
    htim2                                    0x200000b8   Data          72  tim.o(.bss)
    huart2                                   0x20000100   Data          72  usart.o(.bss)
    huart3                                   0x20000148   Data          72  usart.o(.bss)
    pFlash                                   0x20000190   Data          32  stm32f1xx_hal_flash.o(.bss)
    OLED_GRAM                                0x200001b0   Data        1152  oled.o(.bss)
    USART3_RX_BUF                            0x20000630   Data         256  as608.o(.bss)
    __libspace_start                         0x20000730   Data          96  libspace.o(.bss)
    __temporary_stack_top$libspace           0x20000790   Data           0  libspace.o(.bss)



==============================================================================

Memory Map of the image

  Image Entry point : 0x080000ed

  Load Region LR_IROM1 (Base: 0x08000000, Size: 0x00006f0c, Max: 0x00010000, ABSOLUTE)

    Execution Region ER_IROM1 (Exec base: 0x08000000, Load base: 0x08000000, Size: 0x00006ee0, Max: 0x00010000, ABSOLUTE)

    Exec Addr    Load Addr    Size         Type   Attr      Idx    E Section Name        Object

    0x08000000   0x08000000   0x000000ec   Data   RO            3    RESET               startup_stm32f103xb.o
    0x080000ec   0x080000ec   0x00000008   Code   RO         3734  * !!!main             c_w.l(__main.o)
    0x080000f4   0x080000f4   0x00000034   Code   RO         3900    !!!scatter          c_w.l(__scatter.o)
    0x08000128   0x08000128   0x0000001a   Code   RO         3902    !!handler_copy      c_w.l(__scatter_copy.o)
    0x08000142   0x08000142   0x00000002   PAD
    0x08000144   0x08000144   0x0000001c   Code   RO         3904    !!handler_zi        c_w.l(__scatter_zi.o)
    0x08000160   0x08000160   0x00000000   Code   RO         3721    .ARM.Collect$$_printf_percent$$00000000  c_w.l(_printf_percent.o)
    0x08000160   0x08000160   0x00000006   Code   RO         3720    .ARM.Collect$$_printf_percent$$00000009  c_w.l(_printf_d.o)
    0x08000166   0x08000166   0x00000004   Code   RO         3743    .ARM.Collect$$_printf_percent$$00000017  c_w.l(_printf_percent_end.o)
    0x0800016a   0x0800016a   0x00000002   Code   RO         3770    .ARM.Collect$$libinit$$00000000  c_w.l(libinit.o)
    0x0800016c   0x0800016c   0x00000000   Code   RO         3777    .ARM.Collect$$libinit$$00000002  c_w.l(libinit2.o)
    0x0800016c   0x0800016c   0x00000000   Code   RO         3779    .ARM.Collect$$libinit$$00000004  c_w.l(libinit2.o)
    0x0800016c   0x0800016c   0x00000000   Code   RO         3782    .ARM.Collect$$libinit$$0000000A  c_w.l(libinit2.o)
    0x0800016c   0x0800016c   0x00000000   Code   RO         3784    .ARM.Collect$$libinit$$0000000C  c_w.l(libinit2.o)
    0x0800016c   0x0800016c   0x00000000   Code   RO         3786    .ARM.Collect$$libinit$$0000000E  c_w.l(libinit2.o)
    0x0800016c   0x0800016c   0x00000000   Code   RO         3789    .ARM.Collect$$libinit$$00000011  c_w.l(libinit2.o)
    0x0800016c   0x0800016c   0x00000000   Code   RO         3791    .ARM.Collect$$libinit$$00000013  c_w.l(libinit2.o)
    0x0800016c   0x0800016c   0x00000000   Code   RO         3793    .ARM.Collect$$libinit$$00000015  c_w.l(libinit2.o)
    0x0800016c   0x0800016c   0x00000000   Code   RO         3795    .ARM.Collect$$libinit$$00000017  c_w.l(libinit2.o)
    0x0800016c   0x0800016c   0x00000000   Code   RO         3797    .ARM.Collect$$libinit$$00000019  c_w.l(libinit2.o)
    0x0800016c   0x0800016c   0x00000000   Code   RO         3799    .ARM.Collect$$libinit$$0000001B  c_w.l(libinit2.o)
    0x0800016c   0x0800016c   0x00000000   Code   RO         3801    .ARM.Collect$$libinit$$0000001D  c_w.l(libinit2.o)
    0x0800016c   0x0800016c   0x00000000   Code   RO         3803    .ARM.Collect$$libinit$$0000001F  c_w.l(libinit2.o)
    0x0800016c   0x0800016c   0x00000000   Code   RO         3805    .ARM.Collect$$libinit$$00000021  c_w.l(libinit2.o)
    0x0800016c   0x0800016c   0x00000000   Code   RO         3807    .ARM.Collect$$libinit$$00000023  c_w.l(libinit2.o)
    0x0800016c   0x0800016c   0x00000000   Code   RO         3809    .ARM.Collect$$libinit$$00000025  c_w.l(libinit2.o)
    0x0800016c   0x0800016c   0x00000000   Code   RO         3813    .ARM.Collect$$libinit$$0000002C  c_w.l(libinit2.o)
    0x0800016c   0x0800016c   0x00000000   Code   RO         3815    .ARM.Collect$$libinit$$0000002E  c_w.l(libinit2.o)
    0x0800016c   0x0800016c   0x00000000   Code   RO         3817    .ARM.Collect$$libinit$$00000030  c_w.l(libinit2.o)
    0x0800016c   0x0800016c   0x00000000   Code   RO         3819    .ARM.Collect$$libinit$$00000032  c_w.l(libinit2.o)
    0x0800016c   0x0800016c   0x00000002   Code   RO         3820    .ARM.Collect$$libinit$$00000033  c_w.l(libinit2.o)
    0x0800016e   0x0800016e   0x00000002   Code   RO         3840    .ARM.Collect$$libshutdown$$00000000  c_w.l(libshutdown.o)
    0x08000170   0x08000170   0x00000000   Code   RO         3853    .ARM.Collect$$libshutdown$$00000002  c_w.l(libshutdown2.o)
    0x08000170   0x08000170   0x00000000   Code   RO         3855    .ARM.Collect$$libshutdown$$00000004  c_w.l(libshutdown2.o)
    0x08000170   0x08000170   0x00000000   Code   RO         3858    .ARM.Collect$$libshutdown$$00000007  c_w.l(libshutdown2.o)
    0x08000170   0x08000170   0x00000000   Code   RO         3861    .ARM.Collect$$libshutdown$$0000000A  c_w.l(libshutdown2.o)
    0x08000170   0x08000170   0x00000000   Code   RO         3863    .ARM.Collect$$libshutdown$$0000000C  c_w.l(libshutdown2.o)
    0x08000170   0x08000170   0x00000000   Code   RO         3866    .ARM.Collect$$libshutdown$$0000000F  c_w.l(libshutdown2.o)
    0x08000170   0x08000170   0x00000002   Code   RO         3867    .ARM.Collect$$libshutdown$$00000010  c_w.l(libshutdown2.o)
    0x08000172   0x08000172   0x00000000   Code   RO         3736    .ARM.Collect$$rtentry$$00000000  c_w.l(__rtentry.o)
    0x08000172   0x08000172   0x00000000   Code   RO         3745    .ARM.Collect$$rtentry$$00000002  c_w.l(__rtentry2.o)
    0x08000172   0x08000172   0x00000006   Code   RO         3757    .ARM.Collect$$rtentry$$00000004  c_w.l(__rtentry4.o)
    0x08000178   0x08000178   0x00000000   Code   RO         3747    .ARM.Collect$$rtentry$$00000009  c_w.l(__rtentry2.o)
    0x08000178   0x08000178   0x00000004   Code   RO         3748    .ARM.Collect$$rtentry$$0000000A  c_w.l(__rtentry2.o)
    0x0800017c   0x0800017c   0x00000000   Code   RO         3750    .ARM.Collect$$rtentry$$0000000C  c_w.l(__rtentry2.o)
    0x0800017c   0x0800017c   0x00000008   Code   RO         3751    .ARM.Collect$$rtentry$$0000000D  c_w.l(__rtentry2.o)
    0x08000184   0x08000184   0x00000002   Code   RO         3774    .ARM.Collect$$rtexit$$00000000  c_w.l(rtexit.o)
    0x08000186   0x08000186   0x00000000   Code   RO         3822    .ARM.Collect$$rtexit$$00000002  c_w.l(rtexit2.o)
    0x08000186   0x08000186   0x00000004   Code   RO         3823    .ARM.Collect$$rtexit$$00000003  c_w.l(rtexit2.o)
    0x0800018a   0x0800018a   0x00000006   Code   RO         3824    .ARM.Collect$$rtexit$$00000004  c_w.l(rtexit2.o)
    0x08000190   0x08000190   0x00000040   Code   RO            4    .text               startup_stm32f103xb.o
    0x080001d0   0x080001d0   0x00000026   Code   RO         3690    .text               c_w.l(llushr.o)
    0x080001f6   0x080001f6   0x00000002   PAD
    0x080001f8   0x080001f8   0x00000028   Code   RO         3694    .text               c_w.l(noretval__2sprintf.o)
    0x08000220   0x08000220   0x00000068   Code   RO         3696    .text               c_w.l(__printf.o)
    0x08000288   0x08000288   0x00000078   Code   RO         3698    .text               c_w.l(_printf_dec.o)
    0x08000300   0x08000300   0x00000058   Code   RO         3722    .text               c_w.l(memcmp.o)
    0x08000358   0x08000358   0x0000003e   Code   RO         3724    .text               c_w.l(strlen.o)
    0x08000396   0x08000396   0x0000008a   Code   RO         3726    .text               c_w.l(rt_memcpy_v6.o)
    0x08000420   0x08000420   0x00000064   Code   RO         3728    .text               c_w.l(rt_memcpy_w.o)
    0x08000484   0x08000484   0x0000004e   Code   RO         3730    .text               c_w.l(rt_memclr_w.o)
    0x080004d2   0x080004d2   0x00000006   Code   RO         3732    .text               c_w.l(heapauxi.o)
    0x080004d8   0x080004d8   0x000000b2   Code   RO         3737    .text               c_w.l(_printf_intcommon.o)
    0x0800058a   0x0800058a   0x00000002   PAD
    0x0800058c   0x0800058c   0x00000030   Code   RO         3739    .text               c_w.l(_printf_char_common.o)
    0x080005bc   0x080005bc   0x0000000a   Code   RO         3741    .text               c_w.l(_sputc.o)
    0x080005c6   0x080005c6   0x0000004a   Code   RO         3761    .text               c_w.l(sys_stackheap_outer.o)
    0x08000610   0x08000610   0x00000012   Code   RO         3763    .text               c_w.l(exit.o)
    0x08000622   0x08000622   0x00000002   PAD
    0x08000624   0x08000624   0x00000008   Code   RO         3771    .text               c_w.l(libspace.o)
    0x0800062c   0x0800062c   0x0000000c   Code   RO         3832    .text               c_w.l(sys_exit.o)
    0x08000638   0x08000638   0x00000002   Code   RO         3843    .text               c_w.l(use_no_semi.o)
    0x0800063a   0x0800063a   0x00000000   Code   RO         3845    .text               c_w.l(indicate_semi.o)
    0x0800063a   0x0800063a   0x0000003e   Code   RO         3551    i.AS608_DeleteChar  as608.o
    0x08000678   0x08000678   0x00000046   Code   RO         3553    i.AS608_Enroll      as608.o
    0x080006be   0x080006be   0x0000002e   Code   RO         3554    i.AS608_GenChar     as608.o
    0x080006ec   0x080006ec   0x00000240   Code   RO         3555    i.AS608_GetErrorString  as608.o
    0x0800092c   0x0800092c   0x0000002a   Code   RO         3556    i.AS608_GetImage    as608.o
    0x08000956   0x08000956   0x00000002   PAD
    0x08000958   0x08000958   0x00000074   Code   RO         3557    i.AS608_HandShake   as608.o
    0x080009cc   0x080009cc   0x00000028   Code   RO         3558    i.AS608_Init        as608.o
    0x080009f4   0x080009f4   0x0000006c   Code   RO         3562    i.AS608_ReceivePacket  as608.o
    0x08000a60   0x08000a60   0x0000002a   Code   RO         3563    i.AS608_RegModel    as608.o
    0x08000a8a   0x08000a8a   0x0000005c   Code   RO         3564    i.AS608_Search      as608.o
    0x08000ae6   0x08000ae6   0x00000002   PAD
    0x08000ae8   0x08000ae8   0x000000b4   Code   RO         3565    i.AS608_SendCommand  as608.o
    0x08000b9c   0x08000b9c   0x000000bc   Code   RO         3566    i.AS608_SimpleHandShake  as608.o
    0x08000c58   0x08000c58   0x00000038   Code   RO         3567    i.AS608_StoreChar   as608.o
    0x08000c90   0x08000c90   0x0000002a   Code   RO         3569    i.AS608_VerifyFinger  as608.o
    0x08000cba   0x08000cba   0x00000002   PAD
    0x08000cbc   0x08000cbc   0x00000034   Code   RO           13    i.AddNFCID          main.o
    0x08000cf0   0x08000cf0   0x00000002   Code   RO          389    i.BusFault_Handler  stm32f1xx_it.o
    0x08000cf2   0x08000cf2   0x00000002   PAD
    0x08000cf4   0x08000cf4   0x0000003c   Code   RO           14    i.CheckNFCIDExists  main.o
    0x08000d30   0x08000d30   0x00000002   Code   RO          390    i.DebugMon_Handler  stm32f1xx_it.o
    0x08000d32   0x08000d32   0x00000004   Code   RO           15    i.Error_Handler     main.o
    0x08000d36   0x08000d36   0x00000002   PAD
    0x08000d38   0x08000d38   0x00000024   Code   RO         1691    i.FLASH_MassErase   stm32f1xx_hal_flash_ex.o
    0x08000d5c   0x08000d5c   0x00000024   Code   RO         1696    i.FLASH_PageErase   stm32f1xx_hal_flash_ex.o
    0x08000d80   0x08000d80   0x0000001c   Code   RO         1588    i.FLASH_Program_HalfWord  stm32f1xx_hal_flash.o
    0x08000d9c   0x08000d9c   0x0000005c   Code   RO         1589    i.FLASH_SetErrorCode  stm32f1xx_hal_flash.o
    0x08000df8   0x08000df8   0x00000054   Code   RO         1590    i.FLASH_WaitForLastOperation  stm32f1xx_hal_flash.o
    0x08000e4c   0x08000e4c   0x00000046   Code   RO         1252    i.HAL_DMA_Abort     stm32f1xx_hal_dma.o
    0x08000e92   0x08000e92   0x00000002   PAD
    0x08000e94   0x08000e94   0x00000098   Code   RO         1253    i.HAL_DMA_Abort_IT  stm32f1xx_hal_dma.o
    0x08000f2c   0x08000f2c   0x00000024   Code   RO          878    i.HAL_Delay         stm32f1xx_hal.o
    0x08000f50   0x08000f50   0x000000a8   Code   RO         1697    i.HAL_FLASHEx_Erase  stm32f1xx_hal_flash_ex.o
    0x08000ff8   0x08000ff8   0x00000014   Code   RO         1594    i.HAL_FLASH_Lock    stm32f1xx_hal_flash.o
    0x0800100c   0x0800100c   0x00000080   Code   RO         1599    i.HAL_FLASH_Program  stm32f1xx_hal_flash.o
    0x0800108c   0x0800108c   0x00000028   Code   RO         1601    i.HAL_FLASH_Unlock  stm32f1xx_hal_flash.o
    0x080010b4   0x080010b4   0x000001e0   Code   RO         1188    i.HAL_GPIO_Init     stm32f1xx_hal_gpio.o
    0x08001294   0x08001294   0x0000000a   Code   RO         1190    i.HAL_GPIO_ReadPin  stm32f1xx_hal_gpio.o
    0x0800129e   0x0800129e   0x0000000a   Code   RO         1192    i.HAL_GPIO_WritePin  stm32f1xx_hal_gpio.o
    0x080012a8   0x080012a8   0x0000000c   Code   RO          882    i.HAL_GetTick       stm32f1xx_hal.o
    0x080012b4   0x080012b4   0x00000010   Code   RO          888    i.HAL_IncTick       stm32f1xx_hal.o
    0x080012c4   0x080012c4   0x00000024   Code   RO          889    i.HAL_Init          stm32f1xx_hal.o
    0x080012e8   0x080012e8   0x00000040   Code   RO          890    i.HAL_InitTick      stm32f1xx_hal.o
    0x08001328   0x08001328   0x0000003c   Code   RO          489    i.HAL_MspInit       stm32f1xx_hal_msp.o
    0x08001364   0x08001364   0x0000001a   Code   RO         1348    i.HAL_NVIC_EnableIRQ  stm32f1xx_hal_cortex.o
    0x0800137e   0x0800137e   0x00000002   PAD
    0x08001380   0x08001380   0x00000040   Code   RO         1354    i.HAL_NVIC_SetPriority  stm32f1xx_hal_cortex.o
    0x080013c0   0x080013c0   0x00000024   Code   RO         1355    i.HAL_NVIC_SetPriorityGrouping  stm32f1xx_hal_cortex.o
    0x080013e4   0x080013e4   0x0000012c   Code   RO         1046    i.HAL_RCC_ClockConfig  stm32f1xx_hal_rcc.o
    0x08001510   0x08001510   0x00000020   Code   RO         1053    i.HAL_RCC_GetPCLK1Freq  stm32f1xx_hal_rcc.o
    0x08001530   0x08001530   0x00000020   Code   RO         1054    i.HAL_RCC_GetPCLK2Freq  stm32f1xx_hal_rcc.o
    0x08001550   0x08001550   0x0000004c   Code   RO         1055    i.HAL_RCC_GetSysClockFreq  stm32f1xx_hal_rcc.o
    0x0800159c   0x0800159c   0x00000320   Code   RO         1058    i.HAL_RCC_OscConfig  stm32f1xx_hal_rcc.o
    0x080018bc   0x080018bc   0x00000002   Code   RO          556    i.HAL_SPI_ErrorCallback  stm32f1xx_hal_spi.o
    0x080018be   0x080018be   0x00000002   PAD
    0x080018c0   0x080018c0   0x000000e0   Code   RO          559    i.HAL_SPI_IRQHandler  stm32f1xx_hal_spi.o
    0x080019a0   0x080019a0   0x000000b2   Code   RO          560    i.HAL_SPI_Init      stm32f1xx_hal_spi.o
    0x08001a52   0x08001a52   0x00000002   PAD
    0x08001a54   0x08001a54   0x00000080   Code   RO          252    i.HAL_SPI_MspInit   spi.o
    0x08001ad4   0x08001ad4   0x000001f0   Code   RO          569    i.HAL_SPI_TransmitReceive  stm32f1xx_hal_spi.o
    0x08001cc4   0x08001cc4   0x00000028   Code   RO         1359    i.HAL_SYSTICK_Config  stm32f1xx_hal_cortex.o
    0x08001cec   0x08001cec   0x00000068   Code   RO         2573    i.HAL_TIMEx_MasterConfigSynchronization  stm32f1xx_hal_tim_ex.o
    0x08001d54   0x08001d54   0x0000005a   Code   RO         1850    i.HAL_TIM_Base_Init  stm32f1xx_hal_tim.o
    0x08001dae   0x08001dae   0x00000002   PAD
    0x08001db0   0x08001db0   0x00000024   Code   RO          294    i.HAL_TIM_Base_MspInit  tim.o
    0x08001dd4   0x08001dd4   0x000000dc   Code   RO         1859    i.HAL_TIM_ConfigClockSource  stm32f1xx_hal_tim.o
    0x08001eb0   0x08001eb0   0x0000005c   Code   RO          295    i.HAL_TIM_MspPostInit  tim.o
    0x08001f0c   0x08001f0c   0x000000cc   Code   RO         1922    i.HAL_TIM_PWM_ConfigChannel  stm32f1xx_hal_tim.o
    0x08001fd8   0x08001fd8   0x0000005a   Code   RO         1925    i.HAL_TIM_PWM_Init  stm32f1xx_hal_tim.o
    0x08002032   0x08002032   0x00000002   Code   RO         1927    i.HAL_TIM_PWM_MspInit  stm32f1xx_hal_tim.o
    0x08002034   0x08002034   0x0000009c   Code   RO         1930    i.HAL_TIM_PWM_Start  stm32f1xx_hal_tim.o
    0x080020d0   0x080020d0   0x00000002   Code   RO         2833    i.HAL_UARTEx_RxEventCallback  stm32f1xx_hal_uart.o
    0x080020d2   0x080020d2   0x00000002   Code   RO         2847    i.HAL_UART_ErrorCallback  stm32f1xx_hal_uart.o
    0x080020d4   0x080020d4   0x0000026c   Code   RO         2850    i.HAL_UART_IRQHandler  stm32f1xx_hal_uart.o
    0x08002340   0x08002340   0x00000064   Code   RO         2851    i.HAL_UART_Init     stm32f1xx_hal_uart.o
    0x080023a4   0x080023a4   0x000000dc   Code   RO          342    i.HAL_UART_MspInit  usart.o
    0x08002480   0x08002480   0x000000b0   Code   RO         2854    i.HAL_UART_Receive  stm32f1xx_hal_uart.o
    0x08002530   0x08002530   0x0000001c   Code   RO         2856    i.HAL_UART_Receive_IT  stm32f1xx_hal_uart.o
    0x0800254c   0x0800254c   0x0000003c   Code   RO          391    i.HAL_UART_RxCpltCallback  stm32f1xx_it.o
    0x08002588   0x08002588   0x000000a0   Code   RO         2859    i.HAL_UART_Transmit  stm32f1xx_hal_uart.o
    0x08002628   0x08002628   0x00000002   Code   RO         2862    i.HAL_UART_TxCpltCallback  stm32f1xx_hal_uart.o
    0x0800262a   0x0800262a   0x00000002   Code   RO          392    i.HardFault_Handler  stm32f1xx_it.o
    0x0800262c   0x0800262c   0x00000044   Code   RO         3222    i.I2C_Start         oled.o
    0x08002670   0x08002670   0x00000034   Code   RO         3223    i.I2C_Stop          oled.o
    0x080026a4   0x080026a4   0x00000038   Code   RO         3224    i.I2C_WaitAck       oled.o
    0x080026dc   0x080026dc   0x0000000a   Code   RO         3225    i.IIC_delay         oled.o
    0x080026e6   0x080026e6   0x00000018   Code   RO         3411    i.MFRC_ClrBitMask   rc522.o
    0x080026fe   0x080026fe   0x00000002   PAD
    0x08002700   0x08002700   0x00000120   Code   RO         3412    i.MFRC_CmdFrame     rc522.o
    0x08002820   0x08002820   0x00000024   Code   RO         3413    i.MFRC_Init         rc522.o
    0x08002844   0x08002844   0x00000038   Code   RO         3414    i.MFRC_ReadReg      rc522.o
    0x0800287c   0x0800287c   0x00000018   Code   RO         3415    i.MFRC_SetBitMask   rc522.o
    0x08002894   0x08002894   0x00000034   Code   RO         3416    i.MFRC_WriteReg     rc522.o
    0x080028c8   0x080028c8   0x000000f0   Code   RO          227    i.MX_GPIO_Init      gpio.o
    0x080029b8   0x080029b8   0x00000048   Code   RO          253    i.MX_SPI1_Init      spi.o
    0x08002a00   0x08002a00   0x00000098   Code   RO          296    i.MX_TIM2_Init      tim.o
    0x08002a98   0x08002a98   0x00000038   Code   RO          343    i.MX_USART2_UART_Init  usart.o
    0x08002ad0   0x08002ad0   0x00000048   Code   RO          344    i.MX_USART3_UART_Init  usart.o
    0x08002b18   0x08002b18   0x00000034   Code   RO         3377    i.Matrix_Keyboard_Init  matrix_keyboard.o
    0x08002b4c   0x08002b4c   0x00000194   Code   RO         3378    i.Matrix_Keyboard_Scan  matrix_keyboard.o
    0x08002ce0   0x08002ce0   0x00000002   Code   RO          393    i.MemManage_Handler  stm32f1xx_it.o
    0x08002ce2   0x08002ce2   0x00000002   Code   RO          394    i.NMI_Handler       stm32f1xx_it.o
    0x08002ce4   0x08002ce4   0x0000002c   Code   RO         3226    i.OLED_Clear        oled.o
    0x08002d10   0x08002d10   0x0000002c   Code   RO         3233    i.OLED_DrawPoint    oled.o
    0x08002d3c   0x08002d3c   0x000000da   Code   RO         3234    i.OLED_Init         oled.o
    0x08002e16   0x08002e16   0x00000010   Code   RO         3235    i.OLED_Pow          oled.o
    0x08002e26   0x08002e26   0x00000002   PAD
    0x08002e28   0x08002e28   0x00000068   Code   RO         3236    i.OLED_Refresh      oled.o
    0x08002e90   0x08002e90   0x000000e4   Code   RO         3237    i.OLED_ShowChar     oled.o
    0x08002f74   0x08002f74   0x0000006e   Code   RO         3238    i.OLED_ShowNum      oled.o
    0x08002fe2   0x08002fe2   0x0000003c   Code   RO         3240    i.OLED_ShowString   oled.o
    0x0800301e   0x0800301e   0x00000036   Code   RO         3241    i.OLED_WR_Byte      oled.o
    0x08003054   0x08003054   0x00000008   Code   RO         3417    i.PCD_AntennaOff    rc522.o
    0x0800305c   0x0800305c   0x0000001a   Code   RO         3418    i.PCD_AntennaOn     rc522.o
    0x08003076   0x08003076   0x0000006a   Code   RO         3419    i.PCD_Anticoll      rc522.o
    0x080030e0   0x080030e0   0x00000016   Code   RO         3423    i.PCD_Init          rc522.o
    0x080030f6   0x080030f6   0x00000050   Code   RO         3425    i.PCD_Request       rc522.o
    0x08003146   0x08003146   0x00000002   PAD
    0x08003148   0x08003148   0x00000088   Code   RO         3426    i.PCD_Reset         rc522.o
    0x080031d0   0x080031d0   0x00000002   Code   RO          395    i.PendSV_Handler    stm32f1xx_it.o
    0x080031d2   0x080031d2   0x00000002   PAD
    0x080031d4   0x080031d4   0x00000050   Code   RO           16    i.ReadNFCIDsFromFlash  main.o
    0x08003224   0x08003224   0x00000040   Code   RO           17    i.ReadPINFromFlash  main.o
    0x08003264   0x08003264   0x00000064   Code   RO           18    i.RemoveNFCID       main.o
    0x080032c8   0x080032c8   0x0000000c   Code   RO          396    i.SPI1_IRQHandler   stm32f1xx_it.o
    0x080032d4   0x080032d4   0x00000020   Code   RO         3430    i.SPI1_RW_Byte      rc522.o
    0x080032f4   0x080032f4   0x00000010   Code   RO          587    i.SPI_DMAAbortOnError  stm32f1xx_hal_spi.o
    0x08003304   0x08003304   0x00000034   Code   RO          598    i.SPI_EndRxTxTransaction  stm32f1xx_hal_spi.o
    0x08003338   0x08003338   0x000000b8   Code   RO          603    i.SPI_WaitFlagStateUntilTimeout  stm32f1xx_hal_spi.o
    0x080033f0   0x080033f0   0x00000002   Code   RO          397    i.SVC_Handler       stm32f1xx_it.o
    0x080033f2   0x080033f2   0x00000002   PAD
    0x080033f4   0x080033f4   0x00000054   Code   RO         3242    i.Send_Byte         oled.o
    0x08003448   0x08003448   0x00000004   Code   RO          398    i.SysTick_Handler   stm32f1xx_it.o
    0x0800344c   0x0800344c   0x0000005e   Code   RO           19    i.SystemClock_Config  main.o
    0x080034aa   0x080034aa   0x00000002   Code   RO         3185    i.SystemInit        system_stm32f1xx.o
    0x080034ac   0x080034ac   0x00000078   Code   RO         1943    i.TIM_Base_SetConfig  stm32f1xx_hal_tim.o
    0x08003524   0x08003524   0x0000001a   Code   RO         1944    i.TIM_CCxChannelCmd  stm32f1xx_hal_tim.o
    0x0800353e   0x0800353e   0x00000014   Code   RO         1954    i.TIM_ETR_SetConfig  stm32f1xx_hal_tim.o
    0x08003552   0x08003552   0x00000010   Code   RO         1955    i.TIM_ITRx_SetConfig  stm32f1xx_hal_tim.o
    0x08003562   0x08003562   0x00000002   PAD
    0x08003564   0x08003564   0x00000050   Code   RO         1956    i.TIM_OC1_SetConfig  stm32f1xx_hal_tim.o
    0x080035b4   0x080035b4   0x00000058   Code   RO         1957    i.TIM_OC2_SetConfig  stm32f1xx_hal_tim.o
    0x0800360c   0x0800360c   0x00000058   Code   RO         1958    i.TIM_OC3_SetConfig  stm32f1xx_hal_tim.o
    0x08003664   0x08003664   0x00000044   Code   RO         1959    i.TIM_OC4_SetConfig  stm32f1xx_hal_tim.o
    0x080036a8   0x080036a8   0x00000022   Code   RO         1961    i.TIM_TI1_ConfigInputStage  stm32f1xx_hal_tim.o
    0x080036ca   0x080036ca   0x00000024   Code   RO         1963    i.TIM_TI2_ConfigInputStage  stm32f1xx_hal_tim.o
    0x080036ee   0x080036ee   0x00000010   Code   RO         2864    i.UART_DMAAbortOnError  stm32f1xx_hal_uart.o
    0x080036fe   0x080036fe   0x0000004e   Code   RO         2874    i.UART_EndRxTransfer  stm32f1xx_hal_uart.o
    0x0800374c   0x0800374c   0x000000c2   Code   RO         2876    i.UART_Receive_IT   stm32f1xx_hal_uart.o
    0x0800380e   0x0800380e   0x00000002   PAD
    0x08003810   0x08003810   0x000000b8   Code   RO         2877    i.UART_SetConfig    stm32f1xx_hal_uart.o
    0x080038c8   0x080038c8   0x00000036   Code   RO         2879    i.UART_Start_Receive_IT  stm32f1xx_hal_uart.o
    0x080038fe   0x080038fe   0x00000072   Code   RO         2880    i.UART_WaitOnFlagUntilTimeout  stm32f1xx_hal_uart.o
    0x08003970   0x08003970   0x0000000c   Code   RO          399    i.USART2_IRQHandler  stm32f1xx_it.o
    0x0800397c   0x0800397c   0x0000000c   Code   RO          400    i.USART3_IRQHandler  stm32f1xx_it.o
    0x08003988   0x08003988   0x00000002   Code   RO          401    i.UsageFault_Handler  stm32f1xx_it.o
    0x0800398a   0x0800398a   0x00000002   PAD
    0x0800398c   0x0800398c   0x000002ac   Code   RO           20    i.VerifyPIN         main.o
    0x08003c38   0x08003c38   0x00000090   Code   RO           21    i.WriteNFCIDsToFlash  main.o
    0x08003cc8   0x08003cc8   0x000000b4   Code   RO           22    i.WritePINToFlash   main.o
    0x08003d7c   0x08003d7c   0x00000020   Code   RO         1361    i.__NVIC_SetPriority  stm32f1xx_hal_cortex.o
    0x08003d9c   0x08003d9c   0x00001710   Code   RO           23    i.main              main.o
    0x080054ac   0x080054ac   0x00000012   Data   RO         1059    .constdata          stm32f1xx_hal_rcc.o
    0x080054be   0x080054be   0x00000010   Data   RO         3186    .constdata          system_stm32f1xx.o
    0x080054ce   0x080054ce   0x00000008   Data   RO         3187    .constdata          system_stm32f1xx.o
    0x080054d6   0x080054d6   0x000019e8   Data   RO         3244    .constdata          oled.o
    0x08006ebe   0x08006ebe   0x00000002   PAD
    0x08006ec0   0x08006ec0   0x00000020   Data   RO         3898    Region$$Table       anon$$obj.o


    Execution Region RW_IRAM1 (Exec base: 0x20000000, Load base: 0x08006ee0, Size: 0x00000d90, Max: 0x00005000, ABSOLUTE)

    Exec Addr    Load Addr    Size         Type   Attr      Idx    E Section Name        Object

    0x20000000   0x08006ee0   0x00000013   Data   RW           25    .data               main.o
    0x20000013   0x08006ef3   0x00000001   PAD
    0x20000014   0x08006ef4   0x0000000c   Data   RW          896    .data               stm32f1xx_hal.o
    0x20000020   0x08006f00   0x00000004   Data   RW         3188    .data               system_stm32f1xx.o
    0x20000024   0x08006f04   0x00000008   Data   RW         3572    .data               as608.o
    0x2000002c        -       0x00000032   Zero   RW           24    .bss                main.o
    0x2000005e   0x08006f0c   0x00000002   PAD
    0x20000060        -       0x00000058   Zero   RW          254    .bss                spi.o
    0x200000b8        -       0x00000048   Zero   RW          297    .bss                tim.o
    0x20000100        -       0x00000090   Zero   RW          345    .bss                usart.o
    0x20000190        -       0x00000020   Zero   RW         1602    .bss                stm32f1xx_hal_flash.o
    0x200001b0        -       0x00000480   Zero   RW         3243    .bss                oled.o
    0x20000630        -       0x00000100   Zero   RW         3571    .bss                as608.o
    0x20000730        -       0x00000060   Zero   RW         3772    .bss                c_w.l(libspace.o)
    0x20000790        -       0x00000200   Zero   RW            2    HEAP                startup_stm32f103xb.o
    0x20000990        -       0x00000400   Zero   RW            1    STACK               startup_stm32f103xb.o


==============================================================================

Image component sizes


      Code (inc. data)   RO Data    RW Data    ZI Data      Debug   Object Name

      1660        482          0          8        256      13836   as608.o
       240         16          0          0          0       1019   gpio.o
      7366       1194          0         19         50     453169   main.o
       456         12          0          0          0       1338   matrix_keyboard.o
      1148         48       6632          0       1152       9675   oled.o
       890         34          0          0          0       8171   rc522.o
       200         24          0          0         88       1709   spi.o
        64         26        236          0       1536        824   startup_stm32f103xb.o
       164         28          0         12          0       5997   stm32f1xx_hal.o
       198         14          0          0          0      29007   stm32f1xx_hal_cortex.o
       222          4          0          0          0       1807   stm32f1xx_hal_dma.o
       392         46          0          0         32       4822   stm32f1xx_hal_flash.o
       240         26          0          0          0       3293   stm32f1xx_hal_flash_ex.o
       500         34          0          0          0       3567   stm32f1xx_hal_gpio.o
        60          8          0          0          0        898   stm32f1xx_hal_msp.o
      1240         84         18          0          0       5184   stm32f1xx_hal_rcc.o
      1152          8          0          0          0       6818   stm32f1xx_hal_spi.o
      1338         44          0          0          0      12544   stm32f1xx_hal_tim.o
       104         12          0          0          0       1380   stm32f1xx_hal_tim_ex.o
      1730         10          0          0          0      12247   stm32f1xx_hal_uart.o
       116         30          0          0          0       6238   stm32f1xx_it.o
         2          0         24          4          0       1155   system_stm32f1xx.o
       280         22          0          0         72       2388   tim.o
       348         40          0          0        144       2431   usart.o

    ----------------------------------------------------------------------
     20146       2246       6944         44       3332     589517   Object Totals
         0          0         32          0          0          0   (incl. Generated)
        36          0          2          1          2          0   (incl. Padding)

    ----------------------------------------------------------------------

      Code (inc. data)   RO Data    RW Data    ZI Data      Debug   Library Member Name

         8          0          0          0          0         68   __main.o
       104          0          0          0          0         84   __printf.o
         0          0          0          0          0          0   __rtentry.o
        12          0          0          0          0          0   __rtentry2.o
         6          0          0          0          0          0   __rtentry4.o
        52          8          0          0          0          0   __scatter.o
        26          0          0          0          0          0   __scatter_copy.o
        28          0          0          0          0          0   __scatter_zi.o
        48          6          0          0          0         96   _printf_char_common.o
         6          0          0          0          0          0   _printf_d.o
       120         16          0          0          0         92   _printf_dec.o
       178          0          0          0          0         88   _printf_intcommon.o
         0          0          0          0          0          0   _printf_percent.o
         4          0          0          0          0          0   _printf_percent_end.o
        10          0          0          0          0         68   _sputc.o
        18          0          0          0          0         80   exit.o
         6          0          0          0          0        152   heapauxi.o
         0          0          0          0          0          0   indicate_semi.o
         2          0          0          0          0          0   libinit.o
         2          0          0          0          0          0   libinit2.o
         2          0          0          0          0          0   libshutdown.o
         2          0          0          0          0          0   libshutdown2.o
         8          4          0          0         96         68   libspace.o
        38          0          0          0          0         68   llushr.o
        88          0          0          0          0         76   memcmp.o
        40          6          0          0          0         84   noretval__2sprintf.o
        78          0          0          0          0         80   rt_memclr_w.o
       138          0          0          0          0         68   rt_memcpy_v6.o
       100          0          0          0          0         80   rt_memcpy_w.o
         2          0          0          0          0          0   rtexit.o
        10          0          0          0          0          0   rtexit2.o
        62          0          0          0          0         76   strlen.o
        12          4          0          0          0         68   sys_exit.o
        74          0          0          0          0         80   sys_stackheap_outer.o
         2          0          0          0          0         68   use_no_semi.o

    ----------------------------------------------------------------------
      1294         44          0          0         96       1544   Library Totals
         8          0          0          0          0          0   (incl. Padding)

    ----------------------------------------------------------------------

      Code (inc. data)   RO Data    RW Data    ZI Data      Debug   Library Name

      1286         44          0          0         96       1544   c_w.l

    ----------------------------------------------------------------------
      1294         44          0          0         96       1544   Library Totals

    ----------------------------------------------------------------------

==============================================================================


      Code (inc. data)   RO Data    RW Data    ZI Data      Debug   

     21440       2290       6944         44       3428     582997   Grand Totals
     21440       2290       6944         44       3428     582997   ELF Image Totals
     21440       2290       6944         44          0          0   ROM Totals

==============================================================================

    Total RO  Size (Code + RO Data)                28384 (  27.72kB)
    Total RW  Size (RW Data + ZI Data)              3472 (   3.39kB)
    Total ROM Size (Code + RO Data + RW Data)      28428 (  27.76kB)

==============================================================================

